Archive member included to satisfy reference by file (symbol)

C:\1. IMPORTANT DOCUMENTS\Learning\Internship\NUCLEO\SDK_1.0.3_NUCLEO-F401RE\lib_stm\libLibraries.a(misc.o)
                              ./Src/main.o (NVIC_Init)
C:\1. IMPORTANT DOCUMENTS\Learning\Internship\NUCLEO\SDK_1.0.3_NUCLEO-F401RE\lib_stm\libLibraries.a(stm32f401re_gpio.o)
                              ./Src/main.o (GPIO_Init)
C:\1. IMPORTANT DOCUMENTS\Learning\Internship\NUCLEO\SDK_1.0.3_NUCLEO-F401RE\lib_stm\libLibraries.a(stm32f401re_rcc.o)
                              ./Src/main.o (RCC_AHB1PeriphClockCmd)
C:\1. IMPORTANT DOCUMENTS\Learning\Internship\NUCLEO\SDK_1.0.3_NUCLEO-F401RE\lib_stm\libLibraries.a(stm32f401re_tim.o)
                              ./Src/main.o (TIM_TimeBaseInit)
C:/ST/STM32CubeIDE_1.13.1/STM32CubeIDE/plugins/com.st.stm32cube.ide.mcu.externaltools.gnu-tools-for-stm32.11.3.rel1.win32_1.1.0.202305231506/tools/bin/../lib/gcc/arm-none-eabi/11.3.1/../../../../arm-none-eabi/lib/thumb/v7e-m+fp/hard\libc_nano.a(libc_a-exit.o)
                              C:/ST/STM32CubeIDE_1.13.1/STM32CubeIDE/plugins/com.st.stm32cube.ide.mcu.externaltools.gnu-tools-for-stm32.11.3.rel1.win32_1.1.0.202305231506/tools/bin/../lib/gcc/arm-none-eabi/11.3.1/../../../../arm-none-eabi/lib/thumb/v7e-m+fp/hard/crt0.o (exit)
C:/ST/STM32CubeIDE_1.13.1/STM32CubeIDE/plugins/com.st.stm32cube.ide.mcu.externaltools.gnu-tools-for-stm32.11.3.rel1.win32_1.1.0.202305231506/tools/bin/../lib/gcc/arm-none-eabi/11.3.1/../../../../arm-none-eabi/lib/thumb/v7e-m+fp/hard\libc_nano.a(libc_a-findfp.o)
                              C:/ST/STM32CubeIDE_1.13.1/STM32CubeIDE/plugins/com.st.stm32cube.ide.mcu.externaltools.gnu-tools-for-stm32.11.3.rel1.win32_1.1.0.202305231506/tools/bin/../lib/gcc/arm-none-eabi/11.3.1/../../../../arm-none-eabi/lib/thumb/v7e-m+fp/hard\libc_nano.a(libc_a-exit.o) (__stdio_exit_handler)
C:/ST/STM32CubeIDE_1.13.1/STM32CubeIDE/plugins/com.st.stm32cube.ide.mcu.externaltools.gnu-tools-for-stm32.11.3.rel1.win32_1.1.0.202305231506/tools/bin/../lib/gcc/arm-none-eabi/11.3.1/../../../../arm-none-eabi/lib/thumb/v7e-m+fp/hard\libc_nano.a(libc_a-fwalk.o)
                              C:/ST/STM32CubeIDE_1.13.1/STM32CubeIDE/plugins/com.st.stm32cube.ide.mcu.externaltools.gnu-tools-for-stm32.11.3.rel1.win32_1.1.0.202305231506/tools/bin/../lib/gcc/arm-none-eabi/11.3.1/../../../../arm-none-eabi/lib/thumb/v7e-m+fp/hard\libc_nano.a(libc_a-findfp.o) (_fwalk_sglue)
C:/ST/STM32CubeIDE_1.13.1/STM32CubeIDE/plugins/com.st.stm32cube.ide.mcu.externaltools.gnu-tools-for-stm32.11.3.rel1.win32_1.1.0.202305231506/tools/bin/../lib/gcc/arm-none-eabi/11.3.1/../../../../arm-none-eabi/lib/thumb/v7e-m+fp/hard\libc_nano.a(libc_a-stdio.o)
                              C:/ST/STM32CubeIDE_1.13.1/STM32CubeIDE/plugins/com.st.stm32cube.ide.mcu.externaltools.gnu-tools-for-stm32.11.3.rel1.win32_1.1.0.202305231506/tools/bin/../lib/gcc/arm-none-eabi/11.3.1/../../../../arm-none-eabi/lib/thumb/v7e-m+fp/hard\libc_nano.a(libc_a-findfp.o) (__sread)
C:/ST/STM32CubeIDE_1.13.1/STM32CubeIDE/plugins/com.st.stm32cube.ide.mcu.externaltools.gnu-tools-for-stm32.11.3.rel1.win32_1.1.0.202305231506/tools/bin/../lib/gcc/arm-none-eabi/11.3.1/../../../../arm-none-eabi/lib/thumb/v7e-m+fp/hard\libc_nano.a(libc_a-memset.o)
                              C:/ST/STM32CubeIDE_1.13.1/STM32CubeIDE/plugins/com.st.stm32cube.ide.mcu.externaltools.gnu-tools-for-stm32.11.3.rel1.win32_1.1.0.202305231506/tools/bin/../lib/gcc/arm-none-eabi/11.3.1/../../../../arm-none-eabi/lib/thumb/v7e-m+fp/hard/crt0.o (memset)
C:/ST/STM32CubeIDE_1.13.1/STM32CubeIDE/plugins/com.st.stm32cube.ide.mcu.externaltools.gnu-tools-for-stm32.11.3.rel1.win32_1.1.0.202305231506/tools/bin/../lib/gcc/arm-none-eabi/11.3.1/../../../../arm-none-eabi/lib/thumb/v7e-m+fp/hard\libc_nano.a(libc_a-closer.o)
                              C:/ST/STM32CubeIDE_1.13.1/STM32CubeIDE/plugins/com.st.stm32cube.ide.mcu.externaltools.gnu-tools-for-stm32.11.3.rel1.win32_1.1.0.202305231506/tools/bin/../lib/gcc/arm-none-eabi/11.3.1/../../../../arm-none-eabi/lib/thumb/v7e-m+fp/hard\libc_nano.a(libc_a-stdio.o) (_close_r)
C:/ST/STM32CubeIDE_1.13.1/STM32CubeIDE/plugins/com.st.stm32cube.ide.mcu.externaltools.gnu-tools-for-stm32.11.3.rel1.win32_1.1.0.202305231506/tools/bin/../lib/gcc/arm-none-eabi/11.3.1/../../../../arm-none-eabi/lib/thumb/v7e-m+fp/hard\libc_nano.a(libc_a-reent.o)
                              C:/ST/STM32CubeIDE_1.13.1/STM32CubeIDE/plugins/com.st.stm32cube.ide.mcu.externaltools.gnu-tools-for-stm32.11.3.rel1.win32_1.1.0.202305231506/tools/bin/../lib/gcc/arm-none-eabi/11.3.1/../../../../arm-none-eabi/lib/thumb/v7e-m+fp/hard\libc_nano.a(libc_a-closer.o) (errno)
C:/ST/STM32CubeIDE_1.13.1/STM32CubeIDE/plugins/com.st.stm32cube.ide.mcu.externaltools.gnu-tools-for-stm32.11.3.rel1.win32_1.1.0.202305231506/tools/bin/../lib/gcc/arm-none-eabi/11.3.1/../../../../arm-none-eabi/lib/thumb/v7e-m+fp/hard\libc_nano.a(libc_a-impure.o)
[...]
Memory Configuration

Name             Origin             Length             Attributes
RAM              0x0000000020000000 0x0000000000018000 xrw
FLASH            0x0000000008000000 0x0000000000080000 xr
*default*        0x0000000000000000 0xffffffffffffffff

Linker script and memory map

LOAD C:/ST/STM32CubeIDE_1.13.1/STM32CubeIDE/plugins/com.st.stm32cube.ide.mcu.externaltools.gnu-tools-for-stm32.11.3.rel1.win32_1.1.0.202305231506/tools/bin/../lib/gcc/arm-none-eabi/11.3.1/thumb/v7e-m+fp/hard/crti.o
LOAD C:/ST/STM32CubeIDE_1.13.1/STM32CubeIDE/plugins/com.st.stm32cube.ide.mcu.externaltools.gnu-tools-for-stm32.11.3.rel1.win32_1.1.0.202305231506/tools/bin/../lib/gcc/arm-none-eabi/11.3.1/thumb/v7e-m+fp/hard/crtbegin.o
LOAD C:/ST/STM32CubeIDE_1.13.1/STM32CubeIDE/plugins/com.st.stm32cube.ide.mcu.externaltools.gnu-tools-for-stm32.11.3.rel1.win32_1.1.0.202305231506/tools/bin/../lib/gcc/arm-none-eabi/11.3.1/../../../../arm-none-eabi/lib/thumb/v7e-m+fp/hard/crt0.o
LOAD ./Src/main.o
LOAD ./Src/syscalls.o
LOAD ./Src/sysmem.o
LOAD ./Startup/startup_stm32f401retx.o
LOAD C:\1. IMPORTANT DOCUMENTS\Learning\Internship\NUCLEO\SDK_1.0.3_NUCLEO-F401RE\lib_stm\libLibraries.a
START GROUP
LOAD C:/ST/STM32CubeIDE_1.13.1/STM32CubeIDE/plugins/com.st.stm32cube.ide.mcu.externaltools.gnu-tools-for-stm32.11.3.rel1.win32_1.1.0.202305231506/tools/bin/../lib/gcc/arm-none-eabi/11.3.1/../../../../arm-none-eabi/lib/thumb/v7e-m+fp/hard\libc_nano.a
LOAD C:/ST/STM32CubeIDE_1.13.1/STM32CubeIDE/plugins/com.st.stm32cube.ide.mcu.externaltools.gnu-tools-for-stm32.11.3.rel1.win32_1.1.0.202305231506/tools/bin/../lib/gcc/arm-none-eabi/11.3.1/../../../../arm-none-eabi/lib/thumb/v7e-m+fp/hard\libm.a
END GROUP
START GROUP
LOAD C:/ST/STM32CubeIDE_1.13.1/STM32CubeIDE/plugins/com.st.stm32cube.ide.mcu.externaltools.gnu-tools-for-stm32.11.3.rel1.win32_1.1.0.202305231506/tools/bin/../lib/gcc/arm-none-eabi/11.3.1/thumb/v7e-m+fp/hard\libgcc.a
LOAD C:/ST/STM32CubeIDE_1.13.1/STM32CubeIDE/plugins/com.st.stm32cube.ide.mcu.externaltools.gnu-tools-for-stm32.11.3.rel1.win32_1.1.0.202305231506/tools/bin/../lib/gcc/arm-none-eabi/11.3.1/../../../../arm-none-eabi/lib/thumb/v7e-m+fp/hard\libc_nano.a
END GROUP
START GROUP
LOAD C:/ST/STM32CubeIDE_1.13.1/STM32CubeIDE/plugins/com.st.stm32cube.ide.mcu.externaltools.gnu-tools-for-stm32.11.3.rel1.win32_1.1.0.202305231506/tools/bin/../lib/gcc/arm-none-eabi/11.3.1/thumb/v7e-m+fp/hard\libgcc.a
LOAD C:/ST/STM32CubeIDE_1.13.1/STM32CubeIDE/plugins/com.st.stm32cube.ide.mcu.externaltools.gnu-tools-for-stm32.11.3.rel1.win32_1.1.0.202305231506/tools/bin/../lib/gcc/arm-none-eabi/11.3.1/../../../../arm-none-eabi/lib/thumb/v7e-m+fp/hard\libc_nano.a
LOAD C:/ST/STM32CubeIDE_1.13.1/STM32CubeIDE/plugins/com.st.stm32cube.ide.mcu.externaltools.gnu-tools-for-stm32.11.3.rel1.win32_1.1.0.202305231506/tools/bin/../lib/gcc/arm-none-eabi/11.3.1/../../../../arm-none-eabi/lib/thumb/v7e-m+fp/hard\libnosys.a
END GROUP
START GROUP
LOAD C:/ST/STM32CubeIDE_1.13.1/STM32CubeIDE/plugins/com.st.stm32cube.ide.mcu.externaltools.gnu-tools-for-stm32.11.3.rel1.win32_1.1.0.202305231506/tools/bin/../lib/gcc/arm-none-eabi/11.3.1/thumb/v7e-m+fp/hard\libgcc.a
LOAD C:/ST/STM32CubeIDE_1.13.1/STM32CubeIDE/plugins/com.st.stm32cube.ide.mcu.externaltools.gnu-tools-for-stm32.11.3.rel1.win32_1.1.0.202305231506/tools/bin/../lib/gcc/arm-none-eabi/11.3.1/../../../../arm-none-eabi/lib/thumb/v7e-m+fp/hard\libc_nano.a
LOAD C:/ST/STM32CubeIDE_1.13.1/STM32CubeIDE/plugins/com.st.stm32cube.ide.mcu.externaltools.gnu-tools-for-stm32.11.3.rel1.win32_1.1.0.202305231506/tools/bin/../lib/gcc/arm-none-eabi/11.3.1/../../../../arm-none-eabi/lib/thumb/v7e-m+fp/hard\libnosys.a
END GROUP
LOAD C:/ST/STM32CubeIDE_1.13.1/STM32CubeIDE/plugins/com.st.stm32cube.ide.mcu.externaltools.gnu-tools-for-stm32.11.3.rel1.win32_1.1.0.202305231506/tools/bin/../lib/gcc/arm-none-eabi/11.3.1/thumb/v7e-m+fp/hard/crtend.o
LOAD C:/ST/STM32CubeIDE_1.13.1/STM32CubeIDE/plugins/com.st.stm32cube.ide.mcu.externaltools.gnu-tools-for-stm32.11.3.rel1.win32_1.1.0.202305231506/tools/bin/../lib/gcc/arm-none-eabi/11.3.1/thumb/v7e-m+fp/hard/crtn.o
                0x0000000020018000                _estack = (ORIGIN (RAM) + LENGTH (RAM))
                0x0000000000000200                _Min_Heap_Size = 0x200
                0x0000000000000400                _Min_Stack_Size = 0x400

.isr_vector     0x0000000008000000      0x194
                0x0000000008000000                . = ALIGN (0x4)
 *(.isr_vector)
 .isr_vector    0x0000000008000000      0x194 ./Startup/startup_stm32f401retx.o
                0x0000000008000000                g_pfnVectors
                0x0000000008000194                . = ALIGN (0x4)

.text           0x0000000008000194      0xb8c
                0x0000000008000194                . = ALIGN (0x4)
 *(.text)
 .text          0x0000000008000194       0x40 C:/ST/STM32CubeIDE_1.13.1/STM32CubeIDE/plugins/com.st.stm32cube.ide.mcu.externaltools.gnu-tools-for-stm32.11.3.rel1.win32_1.1.0.202305231506/tools/bin/../lib/gcc/arm-none-eabi/11.3.1/thumb/v7e-m+fp/hard/crtbegin.o
 *(.text*)
 .text.main     0x00000000080001d4       0x12 ./Src/main.o
                0x00000000080001d4                main
 *fill*         0x00000000080001e6        0x2 
 .text.Input_Capture
                0x00000000080001e8       0xc8 ./Src/main.o
                0x00000000080001e8                Input_Capture
 .text.TIM2_IRQHandler
                0x00000000080002b0       0x26 ./Src/main.o
                0x00000000080002b0                TIM2_IRQHandler
 *fill*         0x00000000080002d6        0x2 
 .text.Check_Tim_Press
                0x00000000080002d8       0x5c ./Src/main.o
 .text.Send_NumberPress
                0x0000000008000334       0x78 ./Src/main.o
                0x0000000008000334                Send_NumberPress
 .text.Reset_Handler
                0x00000000080003ac       0x50 ./Startup/startup_stm32f401retx.o
                0x00000000080003ac                Reset_Handler
 .text.Default_Handler
                0x00000000080003fc        0x2 ./Startup/startup_stm32f401retx.o
                0x00000000080003fc                EXTI2_IRQHandler
                0x00000000080003fc                DebugMon_Handler
                0x00000000080003fc                SPI4_IRQHandler
                0x00000000080003fc                TIM1_CC_IRQHandler
                0x00000000080003fc                DMA2_Stream5_IRQHandler
                0x00000000080003fc                HardFault_Handler
                0x00000000080003fc                DMA1_Stream5_IRQHandler
                0x00000000080003fc                SysTick_Handler
                0x00000000080003fc                SDIO_IRQHandler
                0x00000000080003fc                TAMP_STAMP_IRQHandler
                0x00000000080003fc                PendSV_Handler
                0x00000000080003fc                NMI_Handler
                0x00000000080003fc                EXTI3_IRQHandler
                0x00000000080003fc                TIM1_UP_TIM10_IRQHandler
                0x00000000080003fc                I2C3_ER_IRQHandler
                0x00000000080003fc                EXTI18_OTG_FS_WKUP_IRQHandler
                0x00000000080003fc                EXTI0_IRQHandler
                0x00000000080003fc                I2C2_EV_IRQHandler
                0x00000000080003fc                DMA1_Stream2_IRQHandler
                0x00000000080003fc                UsageFault_Handler
                0x00000000080003fc                DMA2_Stream2_IRQHandler
                0x00000000080003fc                SPI1_IRQHandler
                0x00000000080003fc                TIM1_BRK_TIM9_IRQHandler
                0x00000000080003fc                DMA2_Stream3_IRQHandler
                0x00000000080003fc                USART6_IRQHandler
                0x00000000080003fc                DMA2_Stream0_IRQHandler
                0x00000000080003fc                TIM4_IRQHandler
                0x00000000080003fc                I2C1_EV_IRQHandler
                0x00000000080003fc                DMA1_Stream6_IRQHandler
                0x00000000080003fc                DMA1_Stream1_IRQHandler
                0x00000000080003fc                TIM3_IRQHandler
                0x00000000080003fc                RCC_IRQHandler
                0x00000000080003fc                Default_Handler
                0x00000000080003fc                EXTI15_10_IRQHandler
                0x00000000080003fc                ADC_IRQHandler
                0x00000000080003fc                DMA1_Stream7_IRQHandler
                0x00000000080003fc                TIM5_IRQHandler
                0x00000000080003fc                DMA2_Stream7_IRQHandler
                0x00000000080003fc                I2C3_EV_IRQHandler
                0x00000000080003fc                EXTI9_5_IRQHandler
                0x00000000080003fc                SPI2_IRQHandler
                0x00000000080003fc                MemManage_Handler
                0x00000000080003fc                DMA1_Stream0_IRQHandler
                0x00000000080003fc                SVC_Handler
                0x00000000080003fc                EXTI4_IRQHandler
                0x00000000080003fc                EXTI22_RTC_WKUP_IRQHandler
                0x00000000080003fc                EXTI16_PVD_IRQHandler
                0x00000000080003fc                TIM1_TRG_COM_TIM11_IRQHandler
                0x00000000080003fc                EXTI1_IRQHandler
                0x00000000080003fc                EXTI17_RTC_Alarm_IRQHandler
                0x00000000080003fc                USART2_IRQHandler
                0x00000000080003fc                I2C2_ER_IRQHandler
                0x00000000080003fc                DMA2_Stream1_IRQHandler
                0x00000000080003fc                FLASH_IRQHandler
                0x00000000080003fc                DMA2_Stream4_IRQHandler
                0x00000000080003fc                BusFault_Handler
                0x00000000080003fc                USART1_IRQHandler
                0x00000000080003fc                OTG_FS_IRQHandler
                0x00000000080003fc                SPI3_IRQHandler
                0x00000000080003fc                DMA1_Stream4_IRQHandler
                0x00000000080003fc                I2C1_ER_IRQHandler
                0x00000000080003fc                DMA2_Stream6_IRQHandler
                0x00000000080003fc                DMA1_Stream3_IRQHandler
 *fill*         0x00000000080003fe        0x2 
 .text.NVIC_Init
                0x0000000008000400       0xc4 C:\1. IMPORTANT DOCUMENTS\Learning\Internship\NUCLEO\SDK_1.0.3_NUCLEO-F401RE\lib_stm\libLibraries.a(misc.o)
                0x0000000008000400                NVIC_Init
 .text.GPIO_Init
                0x00000000080004c4      0x11c C:\1. IMPORTANT DOCUMENTS\Learning\Internship\NUCLEO\SDK_1.0.3_NUCLEO-F401RE\lib_stm\libLibraries.a(stm32f401re_gpio.o)
                0x00000000080004c4                GPIO_Init
 .text.GPIO_PinAFConfig
                0x00000000080005e0       0x92 C:\1. IMPORTANT DOCUMENTS\Learning\Internship\NUCLEO\SDK_1.0.3_NUCLEO-F401RE\lib_stm\libLibraries.a(stm32f401re_gpio.o)
                0x00000000080005e0                GPIO_PinAFConfig
 *fill*         0x0000000008000672        0x2 
 .text.RCC_AHB1PeriphClockCmd
                0x0000000008000674       0x40 C:\1. IMPORTANT DOCUMENTS\Learning\Internship\NUCLEO\SDK_1.0.3_NUCLEO-F401RE\lib_stm\libLibraries.a(stm32f401re_rcc.o)
                0x0000000008000674                RCC_AHB1PeriphClockCmd
 .text.RCC_APB1PeriphClockCmd
                0x00000000080006b4       0x40 C:\1. IMPORTANT DOCUMENTS\Learning\Internship\NUCLEO\SDK_1.0.3_NUCLEO-F401RE\lib_stm\libLibraries.a(stm32f401re_rcc.o)
                0x00000000080006b4                RCC_APB1PeriphClockCmd
 .text.TIM_TimeBaseInit
                0x00000000080006f4       0xd8 C:\1. IMPORTANT DOCUMENTS\Learning\Internship\NUCLEO\SDK_1.0.3_NUCLEO-F401RE\lib_stm\libLibraries.a(stm32f401re_tim.o)
                0x00000000080006f4                TIM_TimeBaseInit
 .text.TIM_Cmd  0x00000000080007cc       0x40 C:\1. IMPORTANT DOCUMENTS\Learning\Internship\NUCLEO\SDK_1.0.3_NUCLEO-F401RE\lib_stm\libLibraries.a(stm32f401re_tim.o)
                0x00000000080007cc                TIM_Cmd
 .text.TIM_ICInit
                0x000000000800080c       0xa8 C:\1. IMPORTANT DOCUMENTS\Learning\Internship\NUCLEO\SDK_1.0.3_NUCLEO-F401RE\lib_stm\libLibraries.a(stm32f401re_tim.o)
                0x000000000800080c                TIM_ICInit
 .text.TIM_GetCapture2
                0x00000000080008b4       0x18 C:\1. IMPORTANT DOCUMENTS\Learning\Internship\NUCLEO\SDK_1.0.3_NUCLEO-F401RE\lib_stm\libLibraries.a(stm32f401re_tim.o)
                0x00000000080008b4                TIM_GetCapture2
 .text.TIM_SetIC1Prescaler
                0x00000000080008cc       0x38 C:\1. IMPORTANT DOCUMENTS\Learning\Internship\NUCLEO\SDK_1.0.3_NUCLEO-F401RE\lib_stm\libLibraries.a(stm32f401re_tim.o)
                0x00000000080008cc                TIM_SetIC1Prescaler
 .text.TIM_SetIC2Prescaler
                0x0000000008000904       0x3c C:\1. IMPORTANT DOCUMENTS\Learning\Internship\NUCLEO\SDK_1.0.3_NUCLEO-F401RE\lib_stm\libLibraries.a(stm32f401re_tim.o)
                0x0000000008000904                TIM_SetIC2Prescaler
 .text.TIM_SetIC3Prescaler
                0x0000000008000940       0x38 C:\1. IMPORTANT DOCUMENTS\Learning\Internship\NUCLEO\SDK_1.0.3_NUCLEO-F401RE\lib_stm\libLibraries.a(stm32f401re_tim.o)
                0x0000000008000940                TIM_SetIC3Prescaler
 .text.TIM_SetIC4Prescaler
                0x0000000008000978       0x3c C:\1. IMPORTANT DOCUMENTS\Learning\Internship\NUCLEO\SDK_1.0.3_NUCLEO-F401RE\lib_stm\libLibraries.a(stm32f401re_tim.o)
                0x0000000008000978                TIM_SetIC4Prescaler
 .text.TIM_ITConfig
                0x00000000080009b4       0x48 C:\1. IMPORTANT DOCUMENTS\Learning\Internship\NUCLEO\SDK_1.0.3_NUCLEO-F401RE\lib_stm\libLibraries.a(stm32f401re_tim.o)
                0x00000000080009b4                TIM_ITConfig
 .text.TIM_GetITStatus
                0x00000000080009fc       0x54 C:\1. IMPORTANT DOCUMENTS\Learning\Internship\NUCLEO\SDK_1.0.3_NUCLEO-F401RE\lib_stm\libLibraries.a(stm32f401re_tim.o)
                0x00000000080009fc                TIM_GetITStatus
 .text.TIM_ClearITPendingBit
                0x0000000008000a50       0x22 C:\1. IMPORTANT DOCUMENTS\Learning\Internship\NUCLEO\SDK_1.0.3_NUCLEO-F401RE\lib_stm\libLibraries.a(stm32f401re_tim.o)
                0x0000000008000a50                TIM_ClearITPendingBit
 .text.TI1_Config
                0x0000000008000a72       0x86 C:\1. IMPORTANT DOCUMENTS\Learning\Internship\NUCLEO\SDK_1.0.3_NUCLEO-F401RE\lib_stm\libLibraries.a(stm32f401re_tim.o)
 .text.TI2_Config
                0x0000000008000af8       0x9a C:\1. IMPORTANT DOCUMENTS\Learning\Internship\NUCLEO\SDK_1.0.3_NUCLEO-F401RE\lib_stm\libLibraries.a(stm32f401re_tim.o)
 .text.TI3_Config
                0x0000000008000b92       0x90 C:\1. IMPORTANT DOCUMENTS\Learning\Internship\NUCLEO\SDK_1.0.3_NUCLEO-F401RE\lib_stm\libLibraries.a(stm32f401re_tim.o)
 .text.TI4_Config
                0x0000000008000c22       0x9e C:\1. IMPORTANT DOCUMENTS\Learning\Internship\NUCLEO\SDK_1.0.3_NUCLEO-F401RE\lib_stm\libLibraries.a(stm32f401re_tim.o)
 .text.__libc_init_array
                0x0000000008000cc0       0x48 C:/ST/STM32CubeIDE_1.13.1/STM32CubeIDE/plugins/com.st.stm32cube.ide.mcu.externaltools.gnu-tools-for-stm32.11.3.rel1.win32_1.1.0.202305231506/tools/bin/../lib/gcc/arm-none-eabi/11.3.1/../../../../arm-none-eabi/lib/thumb/v7e-m+fp/hard\libc_nano.a(libc_a-init.o)
                0x0000000008000cc0                __libc_init_array
 *(.glue_7)
 .glue_7        0x0000000008000d08        0x0 linker stubs
 *(.glue_7t)
 .glue_7t       0x0000000008000d08        0x0 linker stubs
 *(.eh_frame)
 .eh_frame      0x0000000008000d08        0x0 C:/ST/STM32CubeIDE_1.13.1/STM32CubeIDE/plugins/com.st.stm32cube.ide.mcu.externaltools.gnu-tools-for-stm32.11.3.rel1.win32_1.1.0.202305231506/tools/bin/../lib/gcc/arm-none-eabi/11.3.1/thumb/v7e-m+fp/hard/crtbegin.o
 *(.init)
 .init          0x0000000008000d08        0x4 C:/ST/STM32CubeIDE_1.13.1/STM32CubeIDE/plugins/com.st.stm32cube.ide.mcu.externaltools.gnu-tools-for-stm32.11.3.rel1.win32_1.1.0.202305231506/tools/bin/../lib/gcc/arm-none-eabi/11.3.1/thumb/v7e-m+fp/hard/crti.o
                0x0000000008000d08                _init
 .init          0x0000000008000d0c        0x8 C:/ST/STM32CubeIDE_1.13.1/STM32CubeIDE/plugins/com.st.stm32cube.ide.mcu.externaltools.gnu-tools-for-stm32.11.3.rel1.win32_1.1.0.202305231506/tools/bin/../lib/gcc/arm-none-eabi/11.3.1/thumb/v7e-m+fp/hard/crtn.o
 *(.fini)
 .fini          0x0000000008000d14        0x4 C:/ST/STM32CubeIDE_1.13.1/STM32CubeIDE/plugins/com.st.stm32cube.ide.mcu.externaltools.gnu-tools-for-stm32.11.3.rel1.win32_1.1.0.202305231506/tools/bin/../lib/gcc/arm-none-eabi/11.3.1/thumb/v7e-m+fp/hard/crti.o
                0x0000000008000d14                _fini
 .fini          0x0000000008000d18        0x8 C:/ST/STM32CubeIDE_1.13.1/STM32CubeIDE/plugins/com.st.stm32cube.ide.mcu.externaltools.gnu-tools-for-stm32.11.3.rel1.win32_1.1.0.202305231506/tools/bin/../lib/gcc/arm-none-eabi/11.3.1/thumb/v7e-m+fp/hard/crtn.o
                0x0000000008000d20                . = ALIGN (0x4)
                0x0000000008000d20                _etext = .

.vfp11_veneer   0x0000000008000d20        0x0
 .vfp11_veneer  0x0000000008000d20        0x0 linker stubs

.v4_bx          0x0000000008000d20        0x0
 .v4_bx         0x0000000008000d20        0x0 linker stubs

.iplt           0x0000000008000d20        0x0
 .iplt          0x0000000008000d20        0x0 C:/ST/STM32CubeIDE_1.13.1/STM32CubeIDE/plugins/com.st.stm32cube.ide.mcu.externaltools.gnu-tools-for-stm32.11.3.rel1.win32_1.1.0.202305231506/tools/bin/../lib/gcc/arm-none-eabi/11.3.1/thumb/v7e-m+fp/hard/crtbegin.o

.rel.dyn        0x0000000008000d20        0x0
 .rel.iplt      0x0000000008000d20        0x0 C:/ST/STM32CubeIDE_1.13.1/STM32CubeIDE/plugins/com.st.stm32cube.ide.mcu.externaltools.gnu-tools-for-stm32.11.3.rel1.win32_1.1.0.202305231506/tools/bin/../lib/gcc/arm-none-eabi/11.3.1/thumb/v7e-m+fp/hard/crtbegin.o

.rodata         0x0000000008000d20        0x0
                0x0000000008000d20                . = ALIGN (0x4)
 *(.rodata)
 *(.rodata*)
                0x0000000008000d20                . = ALIGN (0x4)

.ARM.extab      0x0000000008000d20        0x0
                0x0000000008000d20                . = ALIGN (0x4)
 *(.ARM.extab* .gnu.linkonce.armextab.*)
                0x0000000008000d20                . = ALIGN (0x4)

.ARM            0x0000000008000d20        0x0
                0x0000000008000d20                . = ALIGN (0x4)
                0x0000000008000d20                __exidx_start = .
 *(.ARM.exidx*)
                0x0000000008000d20                __exidx_end = .
                0x0000000008000d20                . = ALIGN (0x4)

.preinit_array  0x0000000008000d20        0x0
                0x0000000008000d20                . = ALIGN (0x4)
                0x0000000008000d20                PROVIDE (__preinit_array_start = .)
 *(.preinit_array*)
                0x0000000008000d20                PROVIDE (__preinit_array_end = .)
                0x0000000008000d20                . = ALIGN (0x4)

.init_array     0x0000000008000d20        0x4
                0x0000000008000d20                . = ALIGN (0x4)
                0x0000000008000d20                PROVIDE (__init_array_start = .)
 *(SORT_BY_NAME(.init_array.*))
 *(.init_array*)
 .init_array    0x0000000008000d20        0x4 C:/ST/STM32CubeIDE_1.13.1/STM32CubeIDE/plugins/com.st.stm32cube.ide.mcu.externaltools.gnu-tools-for-stm32.11.3.rel1.win32_1.1.0.202305231506/tools/bin/../lib/gcc/arm-none-eabi/11.3.1/thumb/v7e-m+fp/hard/crtbegin.o
                0x0000000008000d24                PROVIDE (__init_array_end = .)
                0x0000000008000d24                . = ALIGN (0x4)

.fini_array     0x0000000008000d24        0x4
                0x0000000008000d24                . = ALIGN (0x4)
                [!provide]                        PROVIDE (__fini_array_start = .)
 *(SORT_BY_NAME(.fini_array.*))
 *(.fini_array*)
 .fini_array    0x0000000008000d24        0x4 C:/ST/STM32CubeIDE_1.13.1/STM32CubeIDE/plugins/com.st.stm32cube.ide.mcu.externaltools.gnu-tools-for-stm32.11.3.rel1.win32_1.1.0.202305231506/tools/bin/../lib/gcc/arm-none-eabi/11.3.1/thumb/v7e-m+fp/hard/crtbegin.o
                [!provide]                        PROVIDE (__fini_array_end = .)
                0x0000000008000d28                . = ALIGN (0x4)
                0x0000000008000d28                _sidata = LOADADDR (.data)

.data           0x0000000020000000        0x0 load address 0x0000000008000d28
                0x0000000020000000                . = ALIGN (0x4)
                0x0000000020000000                _sdata = .
 *(.data)
 *(.data*)
 *(.RamFunc)
 *(.RamFunc*)
                0x0000000020000000                . = ALIGN (0x4)
                0x0000000020000000                _edata = .

.igot.plt       0x0000000020000000        0x0 load address 0x0000000008000d28
 .igot.plt      0x0000000020000000        0x0 C:/ST/STM32CubeIDE_1.13.1/STM32CubeIDE/plugins/com.st.stm32cube.ide.mcu.externaltools.gnu-tools-for-stm32.11.3.rel1.win32_1.1.0.202305231506/tools/bin/../lib/gcc/arm-none-eabi/11.3.1/thumb/v7e-m+fp/hard/crtbegin.o
                0x0000000020000000                . = ALIGN (0x4)

.bss            0x0000000020000000       0x28 load address 0x0000000008000d28
                0x0000000020000000                _sbss = .
                0x0000000020000000                __bss_start__ = _sbss
 *(.bss)
 .bss           0x0000000020000000       0x1c C:/ST/STM32CubeIDE_1.13.1/STM32CubeIDE/plugins/com.st.stm32cube.ide.mcu.externaltools.gnu-tools-for-stm32.11.3.rel1.win32_1.1.0.202305231506/tools/bin/../lib/gcc/arm-none-eabi/11.3.1/thumb/v7e-m+fp/hard/crtbegin.o
 *(.bss*)
 .bss.Tim_Rising
                0x000000002000001c        0x2 ./Src/main.o
                0x000000002000001c                Tim_Rising
 .bss.Tim_Update
                0x000000002000001e        0x2 ./Src/main.o
                0x000000002000001e                Tim_Update
 .bss.Tim_SendData
                0x0000000020000020        0x2 ./Src/main.o
                0x0000000020000020                Tim_SendData
 .bss.TimLimit_SendData
                0x0000000020000022        0x2 ./Src/main.o
                0x0000000020000022                TimLimit_SendData
 .bss.Number_Press
                0x0000000020000024        0x1 ./Src/main.o
                0x0000000020000024                Number_Press
 .bss.Status1   0x0000000020000025        0x1 ./Src/main.o
 *(COMMON)
                0x0000000020000028                . = ALIGN (0x4)
 *fill*         0x0000000020000026        0x2 
                0x0000000020000028                _ebss = .
                0x0000000020000028                __bss_end__ = _ebss

._user_heap_stack
                0x0000000020000028      0x600 load address 0x0000000008000d28
                0x0000000020000028                . = ALIGN (0x8)
                [!provide]                        PROVIDE (end = .)
                0x0000000020000028                PROVIDE (_end = .)
                0x0000000020000228                . = (. + _Min_Heap_Size)
 *fill*         0x0000000020000028      0x200 
                0x0000000020000628                . = (. + _Min_Stack_Size)
 *fill*         0x0000000020000228      0x400 
                0x0000000020000628                . = ALIGN (0x8)

/DISCARD/
 libc.a(*)
 libm.a(*)
 libgcc.a(*)

.ARM.attributes
                0x0000000000000000       0x30
 *(.ARM.attributes)
 .ARM.attributes
                0x0000000000000000       0x1e C:/ST/STM32CubeIDE_1.13.1/STM32CubeIDE/plugins/com.st.stm32cube.ide.mcu.externaltools.gnu-tools-for-stm32.11.3.rel1.win32_1.1.0.202305231506/tools/bin/../lib/gcc/arm-none-eabi/11.3.1/thumb/v7e-m+fp/hard/crti.o
 .ARM.attributes
                0x000000000000001e       0x34 C:/ST/STM32CubeIDE_1.13.1/STM32CubeIDE/plugins/com.st.stm32cube.ide.mcu.externaltools.gnu-tools-for-stm32.11.3.rel1.win32_1.1.0.202305231506/tools/bin/../lib/gcc/arm-none-eabi/11.3.1/thumb/v7e-m+fp/hard/crtbegin.o
 .ARM.attributes
                0x0000000000000052       0x34 ./Src/main.o
 .ARM.attributes
                0x0000000000000086       0x21 ./Startup/startup_stm32f401retx.o
 .ARM.attributes
                0x00000000000000a7       0x39 C:\1. IMPORTANT DOCUMENTS\Learning\Internship\NUCLEO\SDK_1.0.3_NUCLEO-F401RE\lib_stm\libLibraries.a(misc.o)
 .ARM.attributes
                0x00000000000000e0       0x39 C:\1. IMPORTANT DOCUMENTS\Learning\Internship\NUCLEO\SDK_1.0.3_NUCLEO-F401RE\lib_stm\libLibraries.a(stm32f401re_gpio.o)
 .ARM.attributes
                0x0000000000000119       0x39 C:\1. IMPORTANT DOCUMENTS\Learning\Internship\NUCLEO\SDK_1.0.3_NUCLEO-F401RE\lib_stm\libLibraries.a(stm32f401re_rcc.o)
 .ARM.attributes
                0x0000000000000152       0x39 C:\1. IMPORTANT DOCUMENTS\Learning\Internship\NUCLEO\SDK_1.0.3_NUCLEO-F401RE\lib_stm\libLibraries.a(stm32f401re_tim.o)
 .ARM.attributes
                0x000000000000018b       0x34 C:/ST/STM32CubeIDE_1.13.1/STM32CubeIDE/plugins/com.st.stm32cube.ide.mcu.externaltools.gnu-tools-for-stm32.11.3.rel1.win32_1.1.0.202305231506/tools/bin/../lib/gcc/arm-none-eabi/11.3.1/../../../../arm-none-eabi/lib/thumb/v7e-m+fp/hard\libc_nano.a(libc_a-init.o)
 .ARM.attributes
                0x00000000000001bf       0x1e C:/ST/STM32CubeIDE_1.13.1/STM32CubeIDE/plugins/com.st.stm32cube.ide.mcu.externaltools.gnu-tools-for-stm32.11.3.rel1.win32_1.1.0.202305231506/tools/bin/../lib/gcc/arm-none-eabi/11.3.1/thumb/v7e-m+fp/hard/crtn.o
OUTPUT(Lab7.3.elf elf32-littlearm)
LOAD linker stubs
LOAD C:/ST/STM32CubeIDE_1.13.1/STM32CubeIDE/plugins/com.st.stm32cube.ide.mcu.externaltools.gnu-tools-for-stm32.11.3.rel1.win32_1.1.0.202305231506/tools/bin/../lib/gcc/arm-none-eabi/11.3.1/../../../../arm-none-eabi/lib/thumb/v7e-m+fp/hard\libc.a
LOAD C:/ST/STM32CubeIDE_1.13.1/STM32CubeIDE/plugins/com.st.stm32cube.ide.mcu.externaltools.gnu-tools-for-stm32.11.3.rel1.win32_1.1.0.202305231506/tools/bin/../lib/gcc/arm-none-eabi/11.3.1/../../../../arm-none-eabi/lib/thumb/v7e-m+fp/hard\libm.a
LOAD C:/ST/STM32CubeIDE_1.13.1/STM32CubeIDE/plugins/com.st.stm32cube.ide.mcu.externaltools.gnu-tools-for-stm32.11.3.rel1.win32_1.1.0.202305231506/tools/bin/../lib/gcc/arm-none-eabi/11.3.1/thumb/v7e-m+fp/hard\libgcc.a

.comment        0x0000000000000000       0xbe
 .comment       0x0000000000000000       0x43 C:/ST/STM32CubeIDE_1.13.1/STM32CubeIDE/plugins/com.st.stm32cube.ide.mcu.externaltools.gnu-tools-for-stm32.11.3.rel1.win32_1.1.0.202305231506/tools/bin/../lib/gcc/arm-none-eabi/11.3.1/thumb/v7e-m+fp/hard/crtbegin.o
                                         0x44 (size before relaxing)
 .comment       0x0000000000000043       0x44 ./Src/main.o
 .comment       0x0000000000000043       0x7b C:\1. IMPORTANT DOCUMENTS\Learning\Internship\NUCLEO\SDK_1.0.3_NUCLEO-F401RE\lib_stm\libLibraries.a(misc.o)
                                         0x7c (size before relaxing)
 .comment       0x00000000000000be       0x7c C:\1. IMPORTANT DOCUMENTS\Learning\Internship\NUCLEO\SDK_1.0.3_NUCLEO-F401RE\lib_stm\libLibraries.a(stm32f401re_gpio.o)
 .comment       0x00000000000000be       0x7c C:\1. IMPORTANT DOCUMENTS\Learning\Internship\NUCLEO\SDK_1.0.3_NUCLEO-F401RE\lib_stm\libLibraries.a(stm32f401re_rcc.o)
 .comment       0x00000000000000be       0x7c C:\1. IMPORTANT DOCUMENTS\Learning\Internship\NUCLEO\SDK_1.0.3_NUCLEO-F401RE\lib_stm\libLibraries.a(stm32f401re_tim.o)

.debug_info     0x0000000000000000     0x3eb7
 .debug_info    0x0000000000000000      0x94d ./Src/main.o
 .debug_info    0x000000000000094d       0x23 ./Startup/startup_stm32f401retx.o
 .debug_info    0x0000000000000970      0x54b C:\1. IMPORTANT DOCUMENTS\Learning\Internship\NUCLEO\SDK_1.0.3_NUCLEO-F401RE\lib_stm\libLibraries.a(misc.o)
 .debug_info    0x0000000000000ebb      0x62b C:\1. IMPORTANT DOCUMENTS\Learning\Internship\NUCLEO\SDK_1.0.3_NUCLEO-F401RE\lib_stm\libLibraries.a(stm32f401re_gpio.o)
 .debug_info    0x00000000000014e6      0xd5e C:\1. IMPORTANT DOCUMENTS\Learning\Internship\NUCLEO\SDK_1.0.3_NUCLEO-F401RE\lib_stm\libLibraries.a(stm32f401re_rcc.o)
 .debug_info    0x0000000000002244     0x1c73 C:\1. IMPORTANT DOCUMENTS\Learning\Internship\NUCLEO\SDK_1.0.3_NUCLEO-F401RE\lib_stm\libLibraries.a(stm32f401re_tim.o)

.debug_abbrev   0x0000000000000000      0x8d0
 .debug_abbrev  0x0000000000000000      0x215 ./Src/main.o
 .debug_abbrev  0x0000000000000215       0x12 ./Startup/startup_stm32f401retx.o
 .debug_abbrev  0x0000000000000227      0x177 C:\1. IMPORTANT DOCUMENTS\Learning\Internship\NUCLEO\SDK_1.0.3_NUCLEO-F401RE\lib_stm\libLibraries.a(misc.o)
 .debug_abbrev  0x000000000000039e      0x1bf C:\1. IMPORTANT DOCUMENTS\Learning\Internship\NUCLEO\SDK_1.0.3_NUCLEO-F401RE\lib_stm\libLibraries.a(stm32f401re_gpio.o)
 .debug_abbrev  0x000000000000055d      0x1d4 C:\1. IMPORTANT DOCUMENTS\Learning\Internship\NUCLEO\SDK_1.0.3_NUCLEO-F401RE\lib_stm\libLibraries.a(stm32f401re_rcc.o)
 .debug_abbrev  0x0000000000000731      0x19f C:\1. IMPORTANT DOCUMENTS\Learning\Internship\NUCLEO\SDK_1.0.3_NUCLEO-F401RE\lib_stm\libLibraries.a(stm32f401re_tim.o)

.debug_aranges  0x0000000000000000      0x5c0
 .debug_aranges
                0x0000000000000000       0x40 ./Src/main.o
 .debug_aranges
                0x0000000000000040       0x28 ./Startup/startup_stm32f401retx.o
 .debug_aranges
                0x0000000000000068       0x40 C:\1. IMPORTANT DOCUMENTS\Learning\Internship\NUCLEO\SDK_1.0.3_NUCLEO-F401RE\lib_stm\libLibraries.a(misc.o)
 .debug_aranges
                0x00000000000000a8       0x88 C:\1. IMPORTANT DOCUMENTS\Learning\Internship\NUCLEO\SDK_1.0.3_NUCLEO-F401RE\lib_stm\libLibraries.a(stm32f401re_gpio.o)
 .debug_aranges
                0x0000000000000130      0x198 C:\1. IMPORTANT DOCUMENTS\Learning\Internship\NUCLEO\SDK_1.0.3_NUCLEO-F401RE\lib_stm\libLibraries.a(stm32f401re_rcc.o)
 .debug_aranges
                0x00000000000002c8      0x2f8 C:\1. IMPORTANT DOCUMENTS\Learning\Internship\NUCLEO\SDK_1.0.3_NUCLEO-F401RE\lib_stm\libLibraries.a(stm32f401re_tim.o)

.debug_rnglists
                0x0000000000000000       0x45
 .debug_rnglists
                0x0000000000000000       0x2c ./Src/main.o
 .debug_rnglists
                0x000000000000002c       0x19 ./Startup/startup_stm32f401retx.o

.debug_macro    0x0000000000000000     0xd113
 .debug_macro   0x0000000000000000       0xd4 ./Src/main.o
 .debug_macro   0x00000000000000d4      0xab4 ./Src/main.o
 .debug_macro   0x0000000000000b88       0x22 ./Src/main.o
 .debug_macro   0x0000000000000baa       0x8e ./Src/main.o
 .debug_macro   0x0000000000000c38       0x51 ./Src/main.o
 .debug_macro   0x0000000000000c89      0x103 ./Src/main.o
 .debug_macro   0x0000000000000d8c       0x6a ./Src/main.o
 .debug_macro   0x0000000000000df6      0x1df ./Src/main.o
 .debug_macro   0x0000000000000fd5       0x6b ./Src/main.o
 .debug_macro   0x0000000000001040       0x3b ./Src/main.o
 .debug_macro   0x000000000000107b       0x34 ./Src/main.o
 .debug_macro   0x00000000000010af       0x26 ./Src/main.o
 .debug_macro   0x00000000000010d5      0xe43 ./Src/main.o
 .debug_macro   0x0000000000001f18     0x8018 ./Src/main.o
 .debug_macro   0x0000000000009f30      0x644 ./Src/main.o
 .debug_macro   0x000000000000a574      0x2f4 ./Src/main.o
 .debug_macro   0x000000000000a868      0x741 ./Src/main.o
 .debug_macro   0x000000000000afa9       0x82 ./Src/main.o
 .debug_macro   0x000000000000b02b       0xc0 C:\1. IMPORTANT DOCUMENTS\Learning\Internship\NUCLEO\SDK_1.0.3_NUCLEO-F401RE\lib_stm\libLibraries.a(misc.o)
 .debug_macro   0x000000000000b0eb      0xa66 C:\1. IMPORTANT DOCUMENTS\Learning\Internship\NUCLEO\SDK_1.0.3_NUCLEO-F401RE\lib_stm\libLibraries.a(misc.o)
 .debug_macro   0x000000000000bb51       0x22 C:\1. IMPORTANT DOCUMENTS\Learning\Internship\NUCLEO\SDK_1.0.3_NUCLEO-F401RE\lib_stm\libLibraries.a(misc.o)
 .debug_macro   0x000000000000bb73       0x8e C:\1. IMPORTANT DOCUMENTS\Learning\Internship\NUCLEO\SDK_1.0.3_NUCLEO-F401RE\lib_stm\libLibraries.a(misc.o)
 .debug_macro   0x000000000000bc01       0xef C:\1. IMPORTANT DOCUMENTS\Learning\Internship\NUCLEO\SDK_1.0.3_NUCLEO-F401RE\lib_stm\libLibraries.a(misc.o)
 .debug_macro   0x000000000000bcf0       0x7c C:\1. IMPORTANT DOCUMENTS\Learning\Internship\NUCLEO\SDK_1.0.3_NUCLEO-F401RE\lib_stm\libLibraries.a(misc.o)
 .debug_macro   0x000000000000bd6c       0xc3 C:\1. IMPORTANT DOCUMENTS\Learning\Internship\NUCLEO\SDK_1.0.3_NUCLEO-F401RE\lib_stm\libLibraries.a(stm32f401re_gpio.o)
 .debug_macro   0x000000000000be2f      0x2ee C:\1. IMPORTANT DOCUMENTS\Learning\Internship\NUCLEO\SDK_1.0.3_NUCLEO-F401RE\lib_stm\libLibraries.a(stm32f401re_gpio.o)
 .debug_macro   0x000000000000c11d      0x64a C:\1. IMPORTANT DOCUMENTS\Learning\Internship\NUCLEO\SDK_1.0.3_NUCLEO-F401RE\lib_stm\libLibraries.a(stm32f401re_gpio.o)
 .debug_macro   0x000000000000c767      0x18d C:\1. IMPORTANT DOCUMENTS\Learning\Internship\NUCLEO\SDK_1.0.3_NUCLEO-F401RE\lib_stm\libLibraries.a(stm32f401re_rcc.o)
 .debug_macro   0x000000000000c8f4       0xe4 C:\1. IMPORTANT DOCUMENTS\Learning\Internship\NUCLEO\SDK_1.0.3_NUCLEO-F401RE\lib_stm\libLibraries.a(stm32f401re_tim.o)
 .debug_macro   0x000000000000c9d8      0x73b C:\1. IMPORTANT DOCUMENTS\Learning\Internship\NUCLEO\SDK_1.0.3_NUCLEO-F401RE\lib_stm\libLibraries.a(stm32f401re_tim.o)

.debug_line     0x0000000000000000     0x27dc
 .debug_line    0x0000000000000000      0x5ed ./Src/main.o
 .debug_line    0x00000000000005ed       0x7b ./Startup/startup_stm32f401retx.o
 .debug_line    0x0000000000000668      0x515 C:\1. IMPORTANT DOCUMENTS\Learning\Internship\NUCLEO\SDK_1.0.3_NUCLEO-F401RE\lib_stm\libLibraries.a(misc.o)
 .debug_line    0x0000000000000b7d      0x65e C:\1. IMPORTANT DOCUMENTS\Learning\Internship\NUCLEO\SDK_1.0.3_NUCLEO-F401RE\lib_stm\libLibraries.a(stm32f401re_gpio.o)
 .debug_line    0x00000000000011db      0x8d2 C:\1. IMPORTANT DOCUMENTS\Learning\Internship\NUCLEO\SDK_1.0.3_NUCLEO-F401RE\lib_stm\libLibraries.a(stm32f401re_rcc.o)
 .debug_line    0x0000000000001aad      0xd2f C:\1. IMPORTANT DOCUMENTS\Learning\Internship\NUCLEO\SDK_1.0.3_NUCLEO-F401RE\lib_stm\libLibraries.a(stm32f401re_tim.o)

.debug_str      0x0000000000000000    0x41501
 .debug_str     0x0000000000000000    0x3f5c9 ./Src/main.o
                                      0x3f7a0 (size before relaxing)
 .debug_str     0x000000000003f5c9       0x2f ./Startup/startup_stm32f401retx.o
                                         0x63 (size before relaxing)
 .debug_str     0x000000000003f5f8      0x677 C:\1. IMPORTANT DOCUMENTS\Learning\Internship\NUCLEO\SDK_1.0.3_NUCLEO-F401RE\lib_stm\libLibraries.a(misc.o)
                                      0x35d12 (size before relaxing)
 .debug_str     0x000000000003fc6f      0x187 C:\1. IMPORTANT DOCUMENTS\Learning\Internship\NUCLEO\SDK_1.0.3_NUCLEO-F401RE\lib_stm\libLibraries.a(stm32f401re_gpio.o)
                                      0x3a690 (size before relaxing)
 .debug_str     0x000000000003fdf6      0xc8a C:\1. IMPORTANT DOCUMENTS\Learning\Internship\NUCLEO\SDK_1.0.3_NUCLEO-F401RE\lib_stm\libLibraries.a(stm32f401re_rcc.o)
                                      0x39aa1 (size before relaxing)
 .debug_str     0x0000000000040a80      0xa81 C:\1. IMPORTANT DOCUMENTS\Learning\Internship\NUCLEO\SDK_1.0.3_NUCLEO-F401RE\lib_stm\libLibraries.a(stm32f401re_tim.o)
                                      0x3a911 (size before relaxing)

.debug_frame    0x0000000000000000     0x19bc
 .debug_frame   0x0000000000000000       0xb0 ./Src/main.o
 .debug_frame   0x00000000000000b0       0xd8 C:\1. IMPORTANT DOCUMENTS\Learning\Internship\NUCLEO\SDK_1.0.3_NUCLEO-F401RE\lib_stm\libLibraries.a(misc.o)
 .debug_frame   0x0000000000000188      0x23c C:\1. IMPORTANT DOCUMENTS\Learning\Internship\NUCLEO\SDK_1.0.3_NUCLEO-F401RE\lib_stm\libLibraries.a(stm32f401re_gpio.o)
 .debug_frame   0x00000000000003c4      0x774 C:\1. IMPORTANT DOCUMENTS\Learning\Internship\NUCLEO\SDK_1.0.3_NUCLEO-F401RE\lib_stm\libLibraries.a(stm32f401re_rcc.o)
 .debug_frame   0x0000000000000b38      0xe58 C:\1. IMPORTANT DOCUMENTS\Learning\Internship\NUCLEO\SDK_1.0.3_NUCLEO-F401RE\lib_stm\libLibraries.a(stm32f401re_tim.o)
 .debug_frame   0x0000000000001990       0x2c C:/ST/STM32CubeIDE_1.13.1/STM32CubeIDE/plugins/com.st.stm32cube.ide.mcu.externaltools.gnu-tools-for-stm32.11.3.rel1.win32_1.1.0.202305231506/tools/bin/../lib/gcc/arm-none-eabi/11.3.1/../../../../arm-none-eabi/lib/thumb/v7e-m+fp/hard\libc_nano.a(libc_a-init.o)

.debug_line_str
                0x0000000000000000       0x57
 .debug_line_str
                0x0000000000000000       0x57 ./Startup/startup_stm32f401retx.o
                                         0x6f (size before relaxing)

.debug_ranges   0x0000000000000000      0x518
 .debug_ranges  0x0000000000000000       0x30 C:\1. IMPORTANT DOCUMENTS\Learning\Internship\NUCLEO\SDK_1.0.3_NUCLEO-F401RE\lib_stm\libLibraries.a(misc.o)
 .debug_ranges  0x0000000000000030       0x78 C:\1. IMPORTANT DOCUMENTS\Learning\Internship\NUCLEO\SDK_1.0.3_NUCLEO-F401RE\lib_stm\libLibraries.a(stm32f401re_gpio.o)
 .debug_ranges  0x00000000000000a8      0x188 C:\1. IMPORTANT DOCUMENTS\Learning\Internship\NUCLEO\SDK_1.0.3_NUCLEO-F401RE\lib_stm\libLibraries.a(stm32f401re_rcc.o)
 .debug_ranges  0x0000000000000230      0x2e8 C:\1. IMPORTANT DOCUMENTS\Learning\Internship\NUCLEO\SDK_1.0.3_NUCLEO-F401RE\lib_stm\libLibraries.a(stm32f401re_tim.o)
