Archive member included to satisfy reference by file (symbol)

C:\1. IMPORTANT DOCUMENTS\Learning\Internship\NUCLEO\SDK_1.0.3_NUCLEO-F401RE\lib_stm\libLibraries.a(system_stm32f4xx.o)
                              ./Src/main.o (SystemCoreClockUpdate)
C:\1. IMPORTANT DOCUMENTS\Learning\Internship\NUCLEO\SDK_1.0.3_NUCLEO-F401RE\lib_stm\libLibraries.a(stm32f401re_adc.o)
                              ./Src/main.o (ADC_SoftwareStartConv)
C:\1. IMPORTANT DOCUMENTS\Learning\Internship\NUCLEO\SDK_1.0.3_NUCLEO-F401RE\lib_stm\libLibraries.a(stm32f401re_rcc.o)
                              C:\1. IMPORTANT DOCUMENTS\Learning\Internship\NUCLEO\SDK_1.0.3_NUCLEO-F401RE\lib_stm\libLibraries.a(stm32f401re_adc.o) (RCC_APB2PeriphResetCmd)
C:\1. IMPORTANT DOCUMENTS\Learning\Internship\NUCLEO\SDK_1.0.3_NUCLEO-F401RE\lib_stm\libLibraries.a(timer.o)
                              ./Src/main.o (TimerInit)
C:\1. IMPORTANT DOCUMENTS\Learning\Internship\NUCLEO\SDK_1.0.3_NUCLEO-F401RE\lib_stm\libLibraries.a(lightsensor.o)
                              ./Src/main.o (LightSensor_Init)
C:\1. IMPORTANT DOCUMENTS\Learning\Internship\NUCLEO\SDK_1.0.3_NUCLEO-F401RE\lib_stm\libLibraries.a(serial.o)
                              C:\1. IMPORTANT DOCUMENTS\Learning\Internship\NUCLEO\SDK_1.0.3_NUCLEO-F401RE\lib_stm\libLibraries.a(lightsensor.o) (Serial_SendPacket)
C:\1. IMPORTANT DOCUMENTS\Learning\Internship\NUCLEO\SDK_1.0.3_NUCLEO-F401RE\lib_stm\libLibraries.a(Ucglib.o)
                              ./Src/main.o (Ucglib4WireSWSPI_begin)
C:\1. IMPORTANT DOCUMENTS\Learning\Internship\NUCLEO\SDK_1.0.3_NUCLEO-F401RE\lib_stm\libLibraries.a(ucg_box.o)
                              ./Src/main.o (ucg_ClearScreen)
C:\1. IMPORTANT DOCUMENTS\Learning\Internship\NUCLEO\SDK_1.0.3_NUCLEO-F401RE\lib_stm\libLibraries.a(ucg_ccs.o)
                              C:\1. IMPORTANT DOCUMENTS\Learning\Internship\NUCLEO\SDK_1.0.3_NUCLEO-F401RE\lib_stm\libLibraries.a(ucg_box.o) (ucg_ccs_init)
C:\1. IMPORTANT DOCUMENTS\Learning\Internship\NUCLEO\SDK_1.0.3_NUCLEO-F401RE\lib_stm\libLibraries.a(ucg_circle.o)
                              C:\1. IMPORTANT DOCUMENTS\Learning\Internship\NUCLEO\SDK_1.0.3_NUCLEO-F401RE\lib_stm\libLibraries.a(ucg_box.o) (ucg_DrawCircle)
C:\1. IMPORTANT DOCUMENTS\Learning\Internship\NUCLEO\SDK_1.0.3_NUCLEO-F401RE\lib_stm\libLibraries.a(ucg_dev_default_cb.o)
                              C:\1. IMPORTANT DOCUMENTS\Learning\Internship\NUCLEO\SDK_1.0.3_NUCLEO-F401RE\lib_stm\libLibraries.a(Ucglib.o) (ucg_dev_default_cb)
C:\1. IMPORTANT DOCUMENTS\Learning\Internship\NUCLEO\SDK_1.0.3_NUCLEO-F401RE\lib_stm\libLibraries.a(ucg_dev_ic_st7735.o)
                              C:\1. IMPORTANT DOCUMENTS\Learning\Internship\NUCLEO\SDK_1.0.3_NUCLEO-F401RE\lib_stm\libLibraries.a(Ucglib.o) (ucg_ext_st7735_18)
C:\1. IMPORTANT DOCUMENTS\Learning\Internship\NUCLEO\SDK_1.0.3_NUCLEO-F401RE\lib_stm\libLibraries.a(ucg_dev_msg_api.o)
                              C:\1. IMPORTANT DOCUMENTS\Learning\Internship\NUCLEO\SDK_1.0.3_NUCLEO-F401RE\lib_stm\libLibraries.a(ucg_box.o) (ucg_SetMaxClipRange)
C:\1. IMPORTANT DOCUMENTS\Learning\Internship\NUCLEO\SDK_1.0.3_NUCLEO-F401RE\lib_stm\libLibraries.a(ucg_dev_tft_128x128_st7735.o)
                              C:\1. IMPORTANT DOCUMENTS\Learning\Internship\NUCLEO\SDK_1.0.3_NUCLEO-F401RE\lib_stm\libLibraries.a(Ucglib.o) (ucg_dev_st7735_18x128x128)
C:\1. IMPORTANT DOCUMENTS\Learning\Internship\NUCLEO\SDK_1.0.3_NUCLEO-F401RE\lib_stm\libLibraries.a(ucg_font.o)
                              C:\1. IMPORTANT DOCUMENTS\Learning\Internship\NUCLEO\SDK_1.0.3_NUCLEO-F401RE\lib_stm\libLibraries.a(Ucglib.o) (ucg_SetFontMode)
C:\1. IMPORTANT DOCUMENTS\Learning\Internship\NUCLEO\SDK_1.0.3_NUCLEO-F401RE\lib_stm\libLibraries.a(ucg_init.o)
                              C:\1. IMPORTANT DOCUMENTS\Learning\Internship\NUCLEO\SDK_1.0.3_NUCLEO-F401RE\lib_stm\libLibraries.a(Ucglib.o) (ucg_Init)
C:\1. IMPORTANT DOCUMENTS\Learning\Internship\NUCLEO\SDK_1.0.3_NUCLEO-F401RE\lib_stm\libLibraries.a(ucg_line.o)
                              C:\1. IMPORTANT DOCUMENTS\Learning\Internship\NUCLEO\SDK_1.0.3_NUCLEO-F401RE\lib_stm\libLibraries.a(ucg_font.o) (ucg_Draw90Line)
C:\1. IMPORTANT DOCUMENTS\Learning\Internship\NUCLEO\SDK_1.0.3_NUCLEO-F401RE\lib_stm\libLibraries.a(ucg_pixel.o)
                              ./Src/main.o (ucg_SetColor)
C:\1. IMPORTANT DOCUMENTS\Learning\Internship\NUCLEO\SDK_1.0.3_NUCLEO-F401RE\lib_stm\libLibraries.a(ucg_pixel_font_data.o)
                              ./Src/main.o (ucg_font_ncenR12_hr)
C:\1. IMPORTANT DOCUMENTS\Learning\Internship\NUCLEO\SDK_1.0.3_NUCLEO-F401RE\lib_stm\libLibraries.a(ucg_rotate.o)
                              ./Src/main.o (ucg_SetRotate180)
C:\1. IMPORTANT DOCUMENTS\Learning\Internship\NUCLEO\SDK_1.0.3_NUCLEO-F401RE\lib_stm\libLibraries.a(buff.o)
                              C:\1. IMPORTANT DOCUMENTS\Learning\Internship\NUCLEO\SDK_1.0.3_NUCLEO-F401RE\lib_stm\libLibraries.a(serial.o) (bufInit)
[...]
Memory Configuration

Name             Origin             Length             Attributes
RAM              0x0000000020000000 0x0000000000018000 xrw
FLASH            0x0000000008000000 0x0000000000080000 xr
*default*        0x0000000000000000 0xffffffffffffffff

Linker script and memory map

LOAD C:/ST/STM32CubeIDE_1.13.1/STM32CubeIDE/plugins/com.st.stm32cube.ide.mcu.externaltools.gnu-tools-for-stm32.11.3.rel1.win32_1.1.0.202305231506/tools/bin/../lib/gcc/arm-none-eabi/11.3.1/thumb/v7e-m+fp/hard/crti.o
LOAD C:/ST/STM32CubeIDE_1.13.1/STM32CubeIDE/plugins/com.st.stm32cube.ide.mcu.externaltools.gnu-tools-for-stm32.11.3.rel1.win32_1.1.0.202305231506/tools/bin/../lib/gcc/arm-none-eabi/11.3.1/thumb/v7e-m+fp/hard/crtbegin.o
LOAD C:/ST/STM32CubeIDE_1.13.1/STM32CubeIDE/plugins/com.st.stm32cube.ide.mcu.externaltools.gnu-tools-for-stm32.11.3.rel1.win32_1.1.0.202305231506/tools/bin/../lib/gcc/arm-none-eabi/11.3.1/../../../../arm-none-eabi/lib/thumb/v7e-m+fp/hard/crt0.o
LOAD ./Src/main.o
LOAD ./Src/syscalls.o
LOAD ./Src/sysmem.o
LOAD ./Startup/startup_stm32f401retx.o
LOAD C:\1. IMPORTANT DOCUMENTS\Learning\Internship\NUCLEO\SDK_1.0.3_NUCLEO-F401RE\lib_stm\libLibraries.a
START GROUP
LOAD C:/ST/STM32CubeIDE_1.13.1/STM32CubeIDE/plugins/com.st.stm32cube.ide.mcu.externaltools.gnu-tools-for-stm32.11.3.rel1.win32_1.1.0.202305231506/tools/bin/../lib/gcc/arm-none-eabi/11.3.1/../../../../arm-none-eabi/lib/thumb/v7e-m+fp/hard\libc_nano.a
LOAD C:/ST/STM32CubeIDE_1.13.1/STM32CubeIDE/plugins/com.st.stm32cube.ide.mcu.externaltools.gnu-tools-for-stm32.11.3.rel1.win32_1.1.0.202305231506/tools/bin/../lib/gcc/arm-none-eabi/11.3.1/../../../../arm-none-eabi/lib/thumb/v7e-m+fp/hard\libm.a
END GROUP
START GROUP
LOAD C:/ST/STM32CubeIDE_1.13.1/STM32CubeIDE/plugins/com.st.stm32cube.ide.mcu.externaltools.gnu-tools-for-stm32.11.3.rel1.win32_1.1.0.202305231506/tools/bin/../lib/gcc/arm-none-eabi/11.3.1/thumb/v7e-m+fp/hard\libgcc.a
LOAD C:/ST/STM32CubeIDE_1.13.1/STM32CubeIDE/plugins/com.st.stm32cube.ide.mcu.externaltools.gnu-tools-for-stm32.11.3.rel1.win32_1.1.0.202305231506/tools/bin/../lib/gcc/arm-none-eabi/11.3.1/../../../../arm-none-eabi/lib/thumb/v7e-m+fp/hard\libc_nano.a
END GROUP
START GROUP
LOAD C:/ST/STM32CubeIDE_1.13.1/STM32CubeIDE/plugins/com.st.stm32cube.ide.mcu.externaltools.gnu-tools-for-stm32.11.3.rel1.win32_1.1.0.202305231506/tools/bin/../lib/gcc/arm-none-eabi/11.3.1/thumb/v7e-m+fp/hard\libgcc.a
LOAD C:/ST/STM32CubeIDE_1.13.1/STM32CubeIDE/plugins/com.st.stm32cube.ide.mcu.externaltools.gnu-tools-for-stm32.11.3.rel1.win32_1.1.0.202305231506/tools/bin/../lib/gcc/arm-none-eabi/11.3.1/../../../../arm-none-eabi/lib/thumb/v7e-m+fp/hard\libc_nano.a
LOAD C:/ST/STM32CubeIDE_1.13.1/STM32CubeIDE/plugins/com.st.stm32cube.ide.mcu.externaltools.gnu-tools-for-stm32.11.3.rel1.win32_1.1.0.202305231506/tools/bin/../lib/gcc/arm-none-eabi/11.3.1/../../../../arm-none-eabi/lib/thumb/v7e-m+fp/hard\libnosys.a
END GROUP
START GROUP
LOAD C:/ST/STM32CubeIDE_1.13.1/STM32CubeIDE/plugins/com.st.stm32cube.ide.mcu.externaltools.gnu-tools-for-stm32.11.3.rel1.win32_1.1.0.202305231506/tools/bin/../lib/gcc/arm-none-eabi/11.3.1/thumb/v7e-m+fp/hard\libgcc.a
LOAD C:/ST/STM32CubeIDE_1.13.1/STM32CubeIDE/plugins/com.st.stm32cube.ide.mcu.externaltools.gnu-tools-for-stm32.11.3.rel1.win32_1.1.0.202305231506/tools/bin/../lib/gcc/arm-none-eabi/11.3.1/../../../../arm-none-eabi/lib/thumb/v7e-m+fp/hard\libc_nano.a
LOAD C:/ST/STM32CubeIDE_1.13.1/STM32CubeIDE/plugins/com.st.stm32cube.ide.mcu.externaltools.gnu-tools-for-stm32.11.3.rel1.win32_1.1.0.202305231506/tools/bin/../lib/gcc/arm-none-eabi/11.3.1/../../../../arm-none-eabi/lib/thumb/v7e-m+fp/hard\libnosys.a
END GROUP
LOAD C:/ST/STM32CubeIDE_1.13.1/STM32CubeIDE/plugins/com.st.stm32cube.ide.mcu.externaltools.gnu-tools-for-stm32.11.3.rel1.win32_1.1.0.202305231506/tools/bin/../lib/gcc/arm-none-eabi/11.3.1/thumb/v7e-m+fp/hard/crtend.o
LOAD C:/ST/STM32CubeIDE_1.13.1/STM32CubeIDE/plugins/com.st.stm32cube.ide.mcu.externaltools.gnu-tools-for-stm32.11.3.rel1.win32_1.1.0.202305231506/tools/bin/../lib/gcc/arm-none-eabi/11.3.1/thumb/v7e-m+fp/hard/crtn.o
                0x0000000020018000                _estack = (ORIGIN (RAM) + LENGTH (RAM))
                0x0000000000000200                _Min_Heap_Size = 0x200
                0x0000000000000400                _Min_Stack_Size = 0x400

.isr_vector     0x0000000008000000      0x194
                0x0000000008000000                . = ALIGN (0x4)
 *(.isr_vector)
 .isr_vector    0x0000000008000000      0x194 ./Startup/startup_stm32f401retx.o
                0x0000000008000000                g_pfnVectors
                0x0000000008000194                . = ALIGN (0x4)

.text           0x00000000080001a0     0x459c
                0x00000000080001a0                . = ALIGN (0x4)
 *(.text)
 .text          0x00000000080001a0       0x40 C:/ST/STM32CubeIDE_1.13.1/STM32CubeIDE/plugins/com.st.stm32cube.ide.mcu.externaltools.gnu-tools-for-stm32.11.3.rel1.win32_1.1.0.202305231506/tools/bin/../lib/gcc/arm-none-eabi/11.3.1/thumb/v7e-m+fp/hard/crtbegin.o
 .text          0x00000000080001e0       0xa0 C:/ST/STM32CubeIDE_1.13.1/STM32CubeIDE/plugins/com.st.stm32cube.ide.mcu.externaltools.gnu-tools-for-stm32.11.3.rel1.win32_1.1.0.202305231506/tools/bin/../lib/gcc/arm-none-eabi/11.3.1/../../../../arm-none-eabi/lib/thumb/v7e-m+fp/hard\libc_nano.a(libc_a-memchr.o)
                0x00000000080001e0                memchr
 *(.text*)
 .text.main     0x0000000008000280       0x70 ./Src/main.o
                0x0000000008000280                main
 .text.LightSensor_pollingRead
                0x00000000080002f0       0x38 ./Src/main.o
                0x00000000080002f0                LightSensor_pollingRead
 .text.processGetValueSensor
                0x0000000008000328       0xb8 ./Src/main.o
                0x0000000008000328                processGetValueSensor
 .text._sbrk    0x00000000080003e0       0x6c ./Src/sysmem.o
                0x00000000080003e0                _sbrk
 .text.Reset_Handler
                0x000000000800044c       0x50 ./Startup/startup_stm32f401retx.o
                0x000000000800044c                Reset_Handler
 .text.Default_Handler
                0x000000000800049c        0x2 ./Startup/startup_stm32f401retx.o
                0x000000000800049c                EXTI2_IRQHandler
                0x000000000800049c                DebugMon_Handler
                0x000000000800049c                SPI4_IRQHandler
                0x000000000800049c                TIM1_CC_IRQHandler
                0x000000000800049c                DMA2_Stream5_IRQHandler
                0x000000000800049c                HardFault_Handler
                0x000000000800049c                DMA1_Stream5_IRQHandler
                0x000000000800049c                SDIO_IRQHandler
                0x000000000800049c                TAMP_STAMP_IRQHandler
                0x000000000800049c                PendSV_Handler
                0x000000000800049c                NMI_Handler
                0x000000000800049c                EXTI3_IRQHandler
                0x000000000800049c                TIM1_UP_TIM10_IRQHandler
                0x000000000800049c                I2C3_ER_IRQHandler
                0x000000000800049c                EXTI18_OTG_FS_WKUP_IRQHandler
                0x000000000800049c                EXTI0_IRQHandler
                0x000000000800049c                I2C2_EV_IRQHandler
                0x000000000800049c                DMA1_Stream2_IRQHandler
                0x000000000800049c                UsageFault_Handler
                0x000000000800049c                DMA2_Stream2_IRQHandler
                0x000000000800049c                SPI1_IRQHandler
                0x000000000800049c                TIM1_BRK_TIM9_IRQHandler
                0x000000000800049c                DMA2_Stream3_IRQHandler
                0x000000000800049c                USART6_IRQHandler
                0x000000000800049c                DMA2_Stream0_IRQHandler
                0x000000000800049c                TIM4_IRQHandler
                0x000000000800049c                I2C1_EV_IRQHandler
                0x000000000800049c                DMA1_Stream6_IRQHandler
                0x000000000800049c                DMA1_Stream1_IRQHandler
                0x000000000800049c                TIM3_IRQHandler
                0x000000000800049c                RCC_IRQHandler
                0x000000000800049c                Default_Handler
                0x000000000800049c                EXTI15_10_IRQHandler
                0x000000000800049c                ADC_IRQHandler
                0x000000000800049c                DMA1_Stream7_IRQHandler
                0x000000000800049c                TIM5_IRQHandler
                0x000000000800049c                DMA2_Stream7_IRQHandler
                0x000000000800049c                I2C3_EV_IRQHandler
                0x000000000800049c                EXTI9_5_IRQHandler
                0x000000000800049c                SPI2_IRQHandler
                0x000000000800049c                MemManage_Handler
                0x000000000800049c                DMA1_Stream0_IRQHandler
                0x000000000800049c                SVC_Handler
                0x000000000800049c                EXTI4_IRQHandler
                0x000000000800049c                EXTI22_RTC_WKUP_IRQHandler
                0x000000000800049c                TIM2_IRQHandler
                0x000000000800049c                EXTI16_PVD_IRQHandler
                0x000000000800049c                TIM1_TRG_COM_TIM11_IRQHandler
                0x000000000800049c                EXTI1_IRQHandler
                0x000000000800049c                EXTI17_RTC_Alarm_IRQHandler
                0x000000000800049c                I2C2_ER_IRQHandler
                0x000000000800049c                DMA2_Stream1_IRQHandler
                0x000000000800049c                FLASH_IRQHandler
                0x000000000800049c                DMA2_Stream4_IRQHandler
                0x000000000800049c                BusFault_Handler
                0x000000000800049c                USART1_IRQHandler
                0x000000000800049c                OTG_FS_IRQHandler
                0x000000000800049c                SPI3_IRQHandler
                0x000000000800049c                DMA1_Stream4_IRQHandler
                0x000000000800049c                I2C1_ER_IRQHandler
                0x000000000800049c                DMA2_Stream6_IRQHandler
                0x000000000800049c                DMA1_Stream3_IRQHandler
 *fill*         0x000000000800049e        0x2 
 .text.SystemInit
                0x00000000080004a0       0x6c C:\1. IMPORTANT DOCUMENTS\Learning\Internship\NUCLEO\SDK_1.0.3_NUCLEO-F401RE\lib_stm\libLibraries.a(system_stm32f4xx.o)
                0x00000000080004a0                SystemInit
 .text.SystemCoreClockUpdate
                0x000000000800050c       0xf8 C:\1. IMPORTANT DOCUMENTS\Learning\Internship\NUCLEO\SDK_1.0.3_NUCLEO-F401RE\lib_stm\libLibraries.a(system_stm32f4xx.o)
                0x000000000800050c                SystemCoreClockUpdate
 .text.SetSysClock
                0x0000000008000604       0xa0 C:\1. IMPORTANT DOCUMENTS\Learning\Internship\NUCLEO\SDK_1.0.3_NUCLEO-F401RE\lib_stm\libLibraries.a(system_stm32f4xx.o)
 .text.ADC_DeInit
                0x00000000080006a4       0x1c C:\1. IMPORTANT DOCUMENTS\Learning\Internship\NUCLEO\SDK_1.0.3_NUCLEO-F401RE\lib_stm\libLibraries.a(stm32f401re_adc.o)
                0x00000000080006a4                ADC_DeInit
 .text.ADC_Init
                0x00000000080006c0       0xac C:\1. IMPORTANT DOCUMENTS\Learning\Internship\NUCLEO\SDK_1.0.3_NUCLEO-F401RE\lib_stm\libLibraries.a(stm32f401re_adc.o)
                0x00000000080006c0                ADC_Init
 .text.ADC_CommonInit
                0x000000000800076c       0x50 C:\1. IMPORTANT DOCUMENTS\Learning\Internship\NUCLEO\SDK_1.0.3_NUCLEO-F401RE\lib_stm\libLibraries.a(stm32f401re_adc.o)
                0x000000000800076c                ADC_CommonInit
 .text.ADC_Cmd  0x00000000080007bc       0x38 C:\1. IMPORTANT DOCUMENTS\Learning\Internship\NUCLEO\SDK_1.0.3_NUCLEO-F401RE\lib_stm\libLibraries.a(stm32f401re_adc.o)
                0x00000000080007bc                ADC_Cmd
 .text.ADC_RegularChannelConfig
                0x00000000080007f4      0x194 C:\1. IMPORTANT DOCUMENTS\Learning\Internship\NUCLEO\SDK_1.0.3_NUCLEO-F401RE\lib_stm\libLibraries.a(stm32f401re_adc.o)
                0x00000000080007f4                ADC_RegularChannelConfig
 .text.ADC_SoftwareStartConv
                0x0000000008000988       0x20 C:\1. IMPORTANT DOCUMENTS\Learning\Internship\NUCLEO\SDK_1.0.3_NUCLEO-F401RE\lib_stm\libLibraries.a(stm32f401re_adc.o)
                0x0000000008000988                ADC_SoftwareStartConv
 .text.ADC_EOCOnEachRegularChannelCmd
                0x00000000080009a8       0x38 C:\1. IMPORTANT DOCUMENTS\Learning\Internship\NUCLEO\SDK_1.0.3_NUCLEO-F401RE\lib_stm\libLibraries.a(stm32f401re_adc.o)
                0x00000000080009a8                ADC_EOCOnEachRegularChannelCmd
 .text.ADC_ContinuousModeCmd
                0x00000000080009e0       0x38 C:\1. IMPORTANT DOCUMENTS\Learning\Internship\NUCLEO\SDK_1.0.3_NUCLEO-F401RE\lib_stm\libLibraries.a(stm32f401re_adc.o)
                0x00000000080009e0                ADC_ContinuousModeCmd
 .text.ADC_DiscModeChannelCountConfig
                0x0000000008000a18       0x44 C:\1. IMPORTANT DOCUMENTS\Learning\Internship\NUCLEO\SDK_1.0.3_NUCLEO-F401RE\lib_stm\libLibraries.a(stm32f401re_adc.o)
                0x0000000008000a18                ADC_DiscModeChannelCountConfig
 .text.ADC_DiscModeCmd
                0x0000000008000a5c       0x38 C:\1. IMPORTANT DOCUMENTS\Learning\Internship\NUCLEO\SDK_1.0.3_NUCLEO-F401RE\lib_stm\libLibraries.a(stm32f401re_adc.o)
                0x0000000008000a5c                ADC_DiscModeCmd
 .text.ADC_GetConversionValue
                0x0000000008000a94       0x1a C:\1. IMPORTANT DOCUMENTS\Learning\Internship\NUCLEO\SDK_1.0.3_NUCLEO-F401RE\lib_stm\libLibraries.a(stm32f401re_adc.o)
                0x0000000008000a94                ADC_GetConversionValue
 .text.ADC_DMACmd
                0x0000000008000aae       0x38 C:\1. IMPORTANT DOCUMENTS\Learning\Internship\NUCLEO\SDK_1.0.3_NUCLEO-F401RE\lib_stm\libLibraries.a(stm32f401re_adc.o)
                0x0000000008000aae                ADC_DMACmd
 .text.ADC_DMARequestAfterLastTransferCmd
                0x0000000008000ae6       0x38 C:\1. IMPORTANT DOCUMENTS\Learning\Internship\NUCLEO\SDK_1.0.3_NUCLEO-F401RE\lib_stm\libLibraries.a(stm32f401re_adc.o)
                0x0000000008000ae6                ADC_DMARequestAfterLastTransferCmd
 .text.ADC_GetFlagStatus
                0x0000000008000b1e       0x34 C:\1. IMPORTANT DOCUMENTS\Learning\Internship\NUCLEO\SDK_1.0.3_NUCLEO-F401RE\lib_stm\libLibraries.a(stm32f401re_adc.o)
                0x0000000008000b1e                ADC_GetFlagStatus
 *fill*         0x0000000008000b52        0x2 
 .text.RCC_GetClocksFreq
                0x0000000008000b54      0x150 C:\1. IMPORTANT DOCUMENTS\Learning\Internship\NUCLEO\SDK_1.0.3_NUCLEO-F401RE\lib_stm\libLibraries.a(stm32f401re_rcc.o)
                0x0000000008000b54                RCC_GetClocksFreq
 .text.RCC_AHB1PeriphClockCmd
                0x0000000008000ca4       0x40 C:\1. IMPORTANT DOCUMENTS\Learning\Internship\NUCLEO\SDK_1.0.3_NUCLEO-F401RE\lib_stm\libLibraries.a(stm32f401re_rcc.o)
                0x0000000008000ca4                RCC_AHB1PeriphClockCmd
 .text.RCC_APB2PeriphClockCmd
                0x0000000008000ce4       0x40 C:\1. IMPORTANT DOCUMENTS\Learning\Internship\NUCLEO\SDK_1.0.3_NUCLEO-F401RE\lib_stm\libLibraries.a(stm32f401re_rcc.o)
                0x0000000008000ce4                RCC_APB2PeriphClockCmd
 .text.RCC_APB2PeriphResetCmd
                0x0000000008000d24       0x40 C:\1. IMPORTANT DOCUMENTS\Learning\Internship\NUCLEO\SDK_1.0.3_NUCLEO-F401RE\lib_stm\libLibraries.a(stm32f401re_rcc.o)
                0x0000000008000d24                RCC_APB2PeriphResetCmd
 .text.NVIC_SetPriority
                0x0000000008000d64       0x54 C:\1. IMPORTANT DOCUMENTS\Learning\Internship\NUCLEO\SDK_1.0.3_NUCLEO-F401RE\lib_stm\libLibraries.a(timer.o)
 .text.SysTick_Config
                0x0000000008000db8       0x44 C:\1. IMPORTANT DOCUMENTS\Learning\Internship\NUCLEO\SDK_1.0.3_NUCLEO-F401RE\lib_stm\libLibraries.a(timer.o)
 .text.TimerInit
                0x0000000008000dfc       0x44 C:\1. IMPORTANT DOCUMENTS\Learning\Internship\NUCLEO\SDK_1.0.3_NUCLEO-F401RE\lib_stm\libLibraries.a(timer.o)
                0x0000000008000dfc                TimerInit
 .text.TimerStart
                0x0000000008000e40       0xc4 C:\1. IMPORTANT DOCUMENTS\Learning\Internship\NUCLEO\SDK_1.0.3_NUCLEO-F401RE\lib_stm\libLibraries.a(timer.o)
                0x0000000008000e40                TimerStart
 .text.TimerStop
                0x0000000008000f04       0xa0 C:\1. IMPORTANT DOCUMENTS\Learning\Internship\NUCLEO\SDK_1.0.3_NUCLEO-F401RE\lib_stm\libLibraries.a(timer.o)
                0x0000000008000f04                TimerStop
 .text.GetMilSecTick
                0x0000000008000fa4       0x18 C:\1. IMPORTANT DOCUMENTS\Learning\Internship\NUCLEO\SDK_1.0.3_NUCLEO-F401RE\lib_stm\libLibraries.a(timer.o)
                0x0000000008000fa4                GetMilSecTick
 .text.processTimerScheduler
                0x0000000008000fbc       0xf0 C:\1. IMPORTANT DOCUMENTS\Learning\Internship\NUCLEO\SDK_1.0.3_NUCLEO-F401RE\lib_stm\libLibraries.a(timer.o)
                0x0000000008000fbc                processTimerScheduler
 .text.TimeExpired
                0x00000000080010ac       0xcc C:\1. IMPORTANT DOCUMENTS\Learning\Internship\NUCLEO\SDK_1.0.3_NUCLEO-F401RE\lib_stm\libLibraries.a(timer.o)
 .text.SysTick_Handler
                0x0000000008001178       0x1c C:\1. IMPORTANT DOCUMENTS\Learning\Internship\NUCLEO\SDK_1.0.3_NUCLEO-F401RE\lib_stm\libLibraries.a(timer.o)
                0x0000000008001178                SysTick_Handler
 .text.LightSensor_Init
                0x0000000008001194      0x160 C:\1. IMPORTANT DOCUMENTS\Learning\Internship\NUCLEO\SDK_1.0.3_NUCLEO-F401RE\lib_stm\libLibraries.a(lightsensor.o)
                0x0000000008001194                LightSensor_Init
 .text.USART2_IRQHandler
                0x00000000080012f4       0x50 C:\1. IMPORTANT DOCUMENTS\Learning\Internship\NUCLEO\SDK_1.0.3_NUCLEO-F401RE\lib_stm\libLibraries.a(serial.o)
                0x00000000080012f4                USART2_IRQHandler
 .text.delayMicroseconds
                0x0000000008001344       0x14 C:\1. IMPORTANT DOCUMENTS\Learning\Internship\NUCLEO\SDK_1.0.3_NUCLEO-F401RE\lib_stm\libLibraries.a(Ucglib.o)
 .text.ucg_gpio_init
                0x0000000008001358       0x60 C:\1. IMPORTANT DOCUMENTS\Learning\Internship\NUCLEO\SDK_1.0.3_NUCLEO-F401RE\lib_stm\libLibraries.a(Ucglib.o)
 .text.ucg_com_arduino_send_generic_SW_SPI
                0x00000000080013b8       0x74 C:\1. IMPORTANT DOCUMENTS\Learning\Internship\NUCLEO\SDK_1.0.3_NUCLEO-F401RE\lib_stm\libLibraries.a(Ucglib.o)
 .text.ucg_com_arduino_generic_SW_SPI
                0x000000000800142c      0x1ec C:\1. IMPORTANT DOCUMENTS\Learning\Internship\NUCLEO\SDK_1.0.3_NUCLEO-F401RE\lib_stm\libLibraries.a(Ucglib.o)
 .text.Ucglib4WireSWSPI_begin
                0x0000000008001618       0x38 C:\1. IMPORTANT DOCUMENTS\Learning\Internship\NUCLEO\SDK_1.0.3_NUCLEO-F401RE\lib_stm\libLibraries.a(Ucglib.o)
                0x0000000008001618                Ucglib4WireSWSPI_begin
 .text.ucg_DrawBox
                0x0000000008001650       0x56 C:\1. IMPORTANT DOCUMENTS\Learning\Internship\NUCLEO\SDK_1.0.3_NUCLEO-F401RE\lib_stm\libLibraries.a(ucg_box.o)
                0x0000000008001650                ucg_DrawBox
 .text.ucg_ClearScreen
                0x00000000080016a6       0x50 C:\1. IMPORTANT DOCUMENTS\Learning\Internship\NUCLEO\SDK_1.0.3_NUCLEO-F401RE\lib_stm\libLibraries.a(ucg_box.o)
                0x00000000080016a6                ucg_ClearScreen
 .text.ucg_ccs_init
                0x00000000080016f6       0xc0 C:\1. IMPORTANT DOCUMENTS\Learning\Internship\NUCLEO\SDK_1.0.3_NUCLEO-F401RE\lib_stm\libLibraries.a(ucg_ccs.o)
                0x00000000080016f6                ucg_ccs_init
 .text.ucg_ccs_step
                0x00000000080017b6       0x80 C:\1. IMPORTANT DOCUMENTS\Learning\Internship\NUCLEO\SDK_1.0.3_NUCLEO-F401RE\lib_stm\libLibraries.a(ucg_ccs.o)
                0x00000000080017b6                ucg_ccs_step
 .text.ucg_ccs_seek
                0x0000000008001836       0xca C:\1. IMPORTANT DOCUMENTS\Learning\Internship\NUCLEO\SDK_1.0.3_NUCLEO-F401RE\lib_stm\libLibraries.a(ucg_ccs.o)
                0x0000000008001836                ucg_ccs_seek
 .text.ucg_dev_default_cb
                0x0000000008001900       0x44 C:\1. IMPORTANT DOCUMENTS\Learning\Internship\NUCLEO\SDK_1.0.3_NUCLEO-F401RE\lib_stm\libLibraries.a(ucg_dev_default_cb.o)
                0x0000000008001900                ucg_dev_default_cb
 .text.ucg_ext_none
                0x0000000008001944       0x1c C:\1. IMPORTANT DOCUMENTS\Learning\Internship\NUCLEO\SDK_1.0.3_NUCLEO-F401RE\lib_stm\libLibraries.a(ucg_dev_default_cb.o)
                0x0000000008001944                ucg_ext_none
 .text.ucg_handle_st7735_l90fx
                0x0000000008001960       0xd8 C:\1. IMPORTANT DOCUMENTS\Learning\Internship\NUCLEO\SDK_1.0.3_NUCLEO-F401RE\lib_stm\libLibraries.a(ucg_dev_ic_st7735.o)
                0x0000000008001960                ucg_handle_st7735_l90fx
 .text.ucg_handle_st7735_l90se
                0x0000000008001a38      0x154 C:\1. IMPORTANT DOCUMENTS\Learning\Internship\NUCLEO\SDK_1.0.3_NUCLEO-F401RE\lib_stm\libLibraries.a(ucg_dev_ic_st7735.o)
                0x0000000008001a38                ucg_handle_st7735_l90se
 .text.ucg_dev_ic_st7735_18
                0x0000000008001b8c       0xf8 C:\1. IMPORTANT DOCUMENTS\Learning\Internship\NUCLEO\SDK_1.0.3_NUCLEO-F401RE\lib_stm\libLibraries.a(ucg_dev_ic_st7735.o)
                0x0000000008001b8c                ucg_dev_ic_st7735_18
 .text.ucg_ext_st7735_18
                0x0000000008001c84       0x28 C:\1. IMPORTANT DOCUMENTS\Learning\Internship\NUCLEO\SDK_1.0.3_NUCLEO-F401RE\lib_stm\libLibraries.a(ucg_dev_ic_st7735.o)
                0x0000000008001c84                ucg_ext_st7735_18
 .text.ucg_PowerDown
                0x0000000008001cac       0x34 C:\1. IMPORTANT DOCUMENTS\Learning\Internship\NUCLEO\SDK_1.0.3_NUCLEO-F401RE\lib_stm\libLibraries.a(ucg_dev_msg_api.o)
                0x0000000008001cac                ucg_PowerDown
 .text.ucg_PowerUp
                0x0000000008001ce0       0x3c C:\1. IMPORTANT DOCUMENTS\Learning\Internship\NUCLEO\SDK_1.0.3_NUCLEO-F401RE\lib_stm\libLibraries.a(ucg_dev_msg_api.o)
                0x0000000008001ce0                ucg_PowerUp
 .text.ucg_SetClipBox
                0x0000000008001d1c       0x1e C:\1. IMPORTANT DOCUMENTS\Learning\Internship\NUCLEO\SDK_1.0.3_NUCLEO-F401RE\lib_stm\libLibraries.a(ucg_dev_msg_api.o)
                0x0000000008001d1c                ucg_SetClipBox
 .text.ucg_SetMaxClipRange
                0x0000000008001d3a       0x30 C:\1. IMPORTANT DOCUMENTS\Learning\Internship\NUCLEO\SDK_1.0.3_NUCLEO-F401RE\lib_stm\libLibraries.a(ucg_dev_msg_api.o)
                0x0000000008001d3a                ucg_SetMaxClipRange
 .text.ucg_GetDimension
                0x0000000008001d6a       0x24 C:\1. IMPORTANT DOCUMENTS\Learning\Internship\NUCLEO\SDK_1.0.3_NUCLEO-F401RE\lib_stm\libLibraries.a(ucg_dev_msg_api.o)
                0x0000000008001d6a                ucg_GetDimension
 .text.ucg_DrawL90FXWithArg
                0x0000000008001d8e       0x1e C:\1. IMPORTANT DOCUMENTS\Learning\Internship\NUCLEO\SDK_1.0.3_NUCLEO-F401RE\lib_stm\libLibraries.a(ucg_dev_msg_api.o)
                0x0000000008001d8e                ucg_DrawL90FXWithArg
 .text.ucg_dev_st7735_18x128x128
                0x0000000008001dac       0x80 C:\1. IMPORTANT DOCUMENTS\Learning\Internship\NUCLEO\SDK_1.0.3_NUCLEO-F401RE\lib_stm\libLibraries.a(ucg_dev_tft_128x128_st7735.o)
                0x0000000008001dac                ucg_dev_st7735_18x128x128
 .text.ucg_font_get_byte
                0x0000000008001e2c       0x24 C:\1. IMPORTANT DOCUMENTS\Learning\Internship\NUCLEO\SDK_1.0.3_NUCLEO-F401RE\lib_stm\libLibraries.a(ucg_font.o)
 .text.ucg_font_get_word
                0x0000000008001e50       0x40 C:\1. IMPORTANT DOCUMENTS\Learning\Internship\NUCLEO\SDK_1.0.3_NUCLEO-F401RE\lib_stm\libLibraries.a(ucg_font.o)
 .text.ucg_read_font_info
                0x0000000008001e90      0x142 C:\1. IMPORTANT DOCUMENTS\Learning\Internship\NUCLEO\SDK_1.0.3_NUCLEO-F401RE\lib_stm\libLibraries.a(ucg_font.o)
                0x0000000008001e90                ucg_read_font_info
 .text.ucg_font_decode_get_unsigned_bits
                0x0000000008001fd2       0x96 C:\1. IMPORTANT DOCUMENTS\Learning\Internship\NUCLEO\SDK_1.0.3_NUCLEO-F401RE\lib_stm\libLibraries.a(ucg_font.o)
                0x0000000008001fd2                ucg_font_decode_get_unsigned_bits
 .text.ucg_font_decode_get_signed_bits
                0x0000000008002068       0x46 C:\1. IMPORTANT DOCUMENTS\Learning\Internship\NUCLEO\SDK_1.0.3_NUCLEO-F401RE\lib_stm\libLibraries.a(ucg_font.o)
                0x0000000008002068                ucg_font_decode_get_signed_bits
 .text.ucg_add_vector_y
                0x00000000080020ae       0x7a C:\1. IMPORTANT DOCUMENTS\Learning\Internship\NUCLEO\SDK_1.0.3_NUCLEO-F401RE\lib_stm\libLibraries.a(ucg_font.o)
 .text.ucg_add_vector_x
                0x0000000008002128       0x7a C:\1. IMPORTANT DOCUMENTS\Learning\Internship\NUCLEO\SDK_1.0.3_NUCLEO-F401RE\lib_stm\libLibraries.a(ucg_font.o)
 .text.ucg_font_decode_len
                0x00000000080021a2      0x118 C:\1. IMPORTANT DOCUMENTS\Learning\Internship\NUCLEO\SDK_1.0.3_NUCLEO-F401RE\lib_stm\libLibraries.a(ucg_font.o)
                0x00000000080021a2                ucg_font_decode_len
 .text.ucg_font_setup_decode
                0x00000000080022ba       0x64 C:\1. IMPORTANT DOCUMENTS\Learning\Internship\NUCLEO\SDK_1.0.3_NUCLEO-F401RE\lib_stm\libLibraries.a(ucg_font.o)
 .text.ucg_font_decode_glyph
                0x000000000800231e      0x14c C:\1. IMPORTANT DOCUMENTS\Learning\Internship\NUCLEO\SDK_1.0.3_NUCLEO-F401RE\lib_stm\libLibraries.a(ucg_font.o)
                0x000000000800231e                ucg_font_decode_glyph
 .text.ucg_font_get_glyph_data
                0x000000000800246a       0x7a C:\1. IMPORTANT DOCUMENTS\Learning\Internship\NUCLEO\SDK_1.0.3_NUCLEO-F401RE\lib_stm\libLibraries.a(ucg_font.o)
                0x000000000800246a                ucg_font_get_glyph_data
 .text.ucg_font_draw_glyph
                0x00000000080024e4       0x62 C:\1. IMPORTANT DOCUMENTS\Learning\Internship\NUCLEO\SDK_1.0.3_NUCLEO-F401RE\lib_stm\libLibraries.a(ucg_font.o)
                0x00000000080024e4                ucg_font_draw_glyph
 .text.ucg_SetFontMode
                0x0000000008002546       0x20 C:\1. IMPORTANT DOCUMENTS\Learning\Internship\NUCLEO\SDK_1.0.3_NUCLEO-F401RE\lib_stm\libLibraries.a(ucg_font.o)
                0x0000000008002546                ucg_SetFontMode
 *fill*         0x0000000008002566        0x2 
 .text.ucg_DrawGlyph
                0x0000000008002568       0xb0 C:\1. IMPORTANT DOCUMENTS\Learning\Internship\NUCLEO\SDK_1.0.3_NUCLEO-F401RE\lib_stm\libLibraries.a(ucg_font.o)
                0x0000000008002568                ucg_DrawGlyph
 .text.task_drawString
                0x0000000008002618      0x138 C:\1. IMPORTANT DOCUMENTS\Learning\Internship\NUCLEO\SDK_1.0.3_NUCLEO-F401RE\lib_stm\libLibraries.a(ucg_font.o)
                0x0000000008002618                task_drawString
 .text.ucg_DrawString
                0x0000000008002750       0x78 C:\1. IMPORTANT DOCUMENTS\Learning\Internship\NUCLEO\SDK_1.0.3_NUCLEO-F401RE\lib_stm\libLibraries.a(ucg_font.o)
                0x0000000008002750                ucg_DrawString
 .text.ucg_UpdateRefHeight
                0x00000000080027c8       0xd8 C:\1. IMPORTANT DOCUMENTS\Learning\Internship\NUCLEO\SDK_1.0.3_NUCLEO-F401RE\lib_stm\libLibraries.a(ucg_font.o)
                0x00000000080027c8                ucg_UpdateRefHeight
 .text.ucg_font_calc_vref_font
                0x00000000080028a0       0x16 C:\1. IMPORTANT DOCUMENTS\Learning\Internship\NUCLEO\SDK_1.0.3_NUCLEO-F401RE\lib_stm\libLibraries.a(ucg_font.o)
                0x00000000080028a0                ucg_font_calc_vref_font
 *fill*         0x00000000080028b6        0x2 
 .text.ucg_SetFontPosBaseline
                0x00000000080028b8       0x20 C:\1. IMPORTANT DOCUMENTS\Learning\Internship\NUCLEO\SDK_1.0.3_NUCLEO-F401RE\lib_stm\libLibraries.a(ucg_font.o)
                0x00000000080028b8                ucg_SetFontPosBaseline
 .text.ucg_SetFont
                0x00000000080028d8       0x4c C:\1. IMPORTANT DOCUMENTS\Learning\Internship\NUCLEO\SDK_1.0.3_NUCLEO-F401RE\lib_stm\libLibraries.a(ucg_font.o)
                0x00000000080028d8                ucg_SetFont
 .text.ucg_init_struct
                0x0000000008002924       0x50 C:\1. IMPORTANT DOCUMENTS\Learning\Internship\NUCLEO\SDK_1.0.3_NUCLEO-F401RE\lib_stm\libLibraries.a(ucg_init.o)
                0x0000000008002924                ucg_init_struct
 .text.ucg_Init
                0x0000000008002974       0x5c C:\1. IMPORTANT DOCUMENTS\Learning\Internship\NUCLEO\SDK_1.0.3_NUCLEO-F401RE\lib_stm\libLibraries.a(ucg_init.o)
                0x0000000008002974                ucg_Init
 .text.ucg_Draw90Line
                0x00000000080029d0       0x88 C:\1. IMPORTANT DOCUMENTS\Learning\Internship\NUCLEO\SDK_1.0.3_NUCLEO-F401RE\lib_stm\libLibraries.a(ucg_line.o)
                0x00000000080029d0                ucg_Draw90Line
 .text.ucg_DrawHLine
                0x0000000008002a58       0x3e C:\1. IMPORTANT DOCUMENTS\Learning\Internship\NUCLEO\SDK_1.0.3_NUCLEO-F401RE\lib_stm\libLibraries.a(ucg_line.o)
                0x0000000008002a58                ucg_DrawHLine
 .text.ucg_SetColor
                0x0000000008002a96       0x5c C:\1. IMPORTANT DOCUMENTS\Learning\Internship\NUCLEO\SDK_1.0.3_NUCLEO-F401RE\lib_stm\libLibraries.a(ucg_pixel.o)
                0x0000000008002a96                ucg_SetColor
 .text.ucg_UndoRotate
                0x0000000008002af2       0x32 C:\1. IMPORTANT DOCUMENTS\Learning\Internship\NUCLEO\SDK_1.0.3_NUCLEO-F401RE\lib_stm\libLibraries.a(ucg_rotate.o)
                0x0000000008002af2                ucg_UndoRotate
 .text.ucg_rotate_180_xy
                0x0000000008002b24       0x66 C:\1. IMPORTANT DOCUMENTS\Learning\Internship\NUCLEO\SDK_1.0.3_NUCLEO-F401RE\lib_stm\libLibraries.a(ucg_rotate.o)
 *fill*         0x0000000008002b8a        0x2 
 .text.ucg_dev_rotate180
                0x0000000008002b8c      0x100 C:\1. IMPORTANT DOCUMENTS\Learning\Internship\NUCLEO\SDK_1.0.3_NUCLEO-F401RE\lib_stm\libLibraries.a(ucg_rotate.o)
                0x0000000008002b8c                ucg_dev_rotate180
 .text.ucg_SetRotate180
                0x0000000008002c8c       0x34 C:\1. IMPORTANT DOCUMENTS\Learning\Internship\NUCLEO\SDK_1.0.3_NUCLEO-F401RE\lib_stm\libLibraries.a(ucg_rotate.o)
                0x0000000008002c8c                ucg_SetRotate180
 .text.bufInit  0x0000000008002cc0       0x36 C:\1. IMPORTANT DOCUMENTS\Learning\Internship\NUCLEO\SDK_1.0.3_NUCLEO-F401RE\lib_stm\libLibraries.a(buff.o)
                0x0000000008002cc0                bufInit
 .text.bufNumItems
                0x0000000008002cf6       0x18 C:\1. IMPORTANT DOCUMENTS\Learning\Internship\NUCLEO\SDK_1.0.3_NUCLEO-F401RE\lib_stm\libLibraries.a(buff.o)
                0x0000000008002cf6                bufNumItems
 .text.bufIsFull
                0x0000000008002d0e       0x26 C:\1. IMPORTANT DOCUMENTS\Learning\Internship\NUCLEO\SDK_1.0.3_NUCLEO-F401RE\lib_stm\libLibraries.a(buff.o)
                0x0000000008002d0e                bufIsFull
 .text.bufIsEmpty
                0x0000000008002d34       0x26 C:\1. IMPORTANT DOCUMENTS\Learning\Internship\NUCLEO\SDK_1.0.3_NUCLEO-F401RE\lib_stm\libLibraries.a(buff.o)
                0x0000000008002d34                bufIsEmpty
 .text.bufFlush
                0x0000000008002d5a       0x32 C:\1. IMPORTANT DOCUMENTS\Learning\Internship\NUCLEO\SDK_1.0.3_NUCLEO-F401RE\lib_stm\libLibraries.a(buff.o)
                0x0000000008002d5a                bufFlush
 .text.bufEnDat
                0x0000000008002d8c       0x9c C:\1. IMPORTANT DOCUMENTS\Learning\Internship\NUCLEO\SDK_1.0.3_NUCLEO-F401RE\lib_stm\libLibraries.a(buff.o)
                0x0000000008002d8c                bufEnDat
 .text.bufDeDat
                0x0000000008002e28       0x84 C:\1. IMPORTANT DOCUMENTS\Learning\Internship\NUCLEO\SDK_1.0.3_NUCLEO-F401RE\lib_stm\libLibraries.a(buff.o)
                0x0000000008002e28                bufDeDat
 .text.memsetl  0x0000000008002eac       0x32 C:\1. IMPORTANT DOCUMENTS\Learning\Internship\NUCLEO\SDK_1.0.3_NUCLEO-F401RE\lib_stm\libLibraries.a(utilities.o)
                0x0000000008002eac                memsetl
 *fill*         0x0000000008002ede        0x2 
 .text.DMA_DeInit
                0x0000000008002ee0      0x1a8 C:\1. IMPORTANT DOCUMENTS\Learning\Internship\NUCLEO\SDK_1.0.3_NUCLEO-F401RE\lib_stm\libLibraries.a(stm32f401re_dma.o)
                0x0000000008002ee0                DMA_DeInit
 .text.DMA_Init
                0x0000000008003088       0xb0 C:\1. IMPORTANT DOCUMENTS\Learning\Internship\NUCLEO\SDK_1.0.3_NUCLEO-F401RE\lib_stm\libLibraries.a(stm32f401re_dma.o)
                0x0000000008003088                DMA_Init
 .text.DMA_Cmd  0x0000000008003138       0x38 C:\1. IMPORTANT DOCUMENTS\Learning\Internship\NUCLEO\SDK_1.0.3_NUCLEO-F401RE\lib_stm\libLibraries.a(stm32f401re_dma.o)
                0x0000000008003138                DMA_Cmd
 .text.GPIO_Init
                0x0000000008003170      0x11c C:\1. IMPORTANT DOCUMENTS\Learning\Internship\NUCLEO\SDK_1.0.3_NUCLEO-F401RE\lib_stm\libLibraries.a(stm32f401re_gpio.o)
                0x0000000008003170                GPIO_Init
 .text.GPIO_WriteBit
                0x000000000800328c       0x30 C:\1. IMPORTANT DOCUMENTS\Learning\Internship\NUCLEO\SDK_1.0.3_NUCLEO-F401RE\lib_stm\libLibraries.a(stm32f401re_gpio.o)
                0x000000000800328c                GPIO_WriteBit
 .text.USART_ReceiveData
                0x00000000080032bc       0x20 C:\1. IMPORTANT DOCUMENTS\Learning\Internship\NUCLEO\SDK_1.0.3_NUCLEO-F401RE\lib_stm\libLibraries.a(stm32f401re_usart.o)
                0x00000000080032bc                USART_ReceiveData
 .text.USART_GetITStatus
                0x00000000080032dc       0xb6 C:\1. IMPORTANT DOCUMENTS\Learning\Internship\NUCLEO\SDK_1.0.3_NUCLEO-F401RE\lib_stm\libLibraries.a(stm32f401re_usart.o)
                0x00000000080032dc                USART_GetITStatus
 .text.USART_ClearITPendingBit
                0x0000000008003392       0x3a C:\1. IMPORTANT DOCUMENTS\Learning\Internship\NUCLEO\SDK_1.0.3_NUCLEO-F401RE\lib_stm\libLibraries.a(stm32f401re_usart.o)
                0x0000000008003392                USART_ClearITPendingBit
 .text.ucg_clip_is_x_visible
                0x00000000080033cc       0x4a C:\1. IMPORTANT DOCUMENTS\Learning\Internship\NUCLEO\SDK_1.0.3_NUCLEO-F401RE\lib_stm\libLibraries.a(ucg_clip.o)
 .text.ucg_clip_is_y_visible
                0x0000000008003416       0x4a C:\1. IMPORTANT DOCUMENTS\Learning\Internship\NUCLEO\SDK_1.0.3_NUCLEO-F401RE\lib_stm\libLibraries.a(ucg_clip.o)
 .text.ucg_clip_intersection
                0x0000000008003460       0x74 C:\1. IMPORTANT DOCUMENTS\Learning\Internship\NUCLEO\SDK_1.0.3_NUCLEO-F401RE\lib_stm\libLibraries.a(ucg_clip.o)
 .text.ucg_clip_is_pixel_visible
                0x00000000080034d4       0x32 C:\1. IMPORTANT DOCUMENTS\Learning\Internship\NUCLEO\SDK_1.0.3_NUCLEO-F401RE\lib_stm\libLibraries.a(ucg_clip.o)
                0x00000000080034d4                ucg_clip_is_pixel_visible
 *fill*         0x0000000008003506        0x2 
 .text.ucg_clip_l90fx
                0x0000000008003508      0x300 C:\1. IMPORTANT DOCUMENTS\Learning\Internship\NUCLEO\SDK_1.0.3_NUCLEO-F401RE\lib_stm\libLibraries.a(ucg_clip.o)
                0x0000000008003508                ucg_clip_l90fx
 .text.ucg_clip_l90se
                0x0000000008003808       0x54 C:\1. IMPORTANT DOCUMENTS\Learning\Internship\NUCLEO\SDK_1.0.3_NUCLEO-F401RE\lib_stm\libLibraries.a(ucg_clip.o)
                0x0000000008003808                ucg_clip_l90se
 .text.ucg_com_PowerDown
                0x000000000800385c       0x3e C:\1. IMPORTANT DOCUMENTS\Learning\Internship\NUCLEO\SDK_1.0.3_NUCLEO-F401RE\lib_stm\libLibraries.a(ucg_com_msg_api.o)
                0x000000000800385c                ucg_com_PowerDown
 .text.ucg_com_PowerUp
                0x000000000800389a       0x60 C:\1. IMPORTANT DOCUMENTS\Learning\Internship\NUCLEO\SDK_1.0.3_NUCLEO-F401RE\lib_stm\libLibraries.a(ucg_com_msg_api.o)
                0x000000000800389a                ucg_com_PowerUp
 .text.ucg_com_SetLineStatus
                0x00000000080038fa       0xe2 C:\1. IMPORTANT DOCUMENTS\Learning\Internship\NUCLEO\SDK_1.0.3_NUCLEO-F401RE\lib_stm\libLibraries.a(ucg_com_msg_api.o)
                0x00000000080038fa                ucg_com_SetLineStatus
 .text.ucg_com_SetResetLineStatus
                0x00000000080039dc       0x20 C:\1. IMPORTANT DOCUMENTS\Learning\Internship\NUCLEO\SDK_1.0.3_NUCLEO-F401RE\lib_stm\libLibraries.a(ucg_com_msg_api.o)
                0x00000000080039dc                ucg_com_SetResetLineStatus
 .text.ucg_com_SetCSLineStatus
                0x00000000080039fc       0x20 C:\1. IMPORTANT DOCUMENTS\Learning\Internship\NUCLEO\SDK_1.0.3_NUCLEO-F401RE\lib_stm\libLibraries.a(ucg_com_msg_api.o)
                0x00000000080039fc                ucg_com_SetCSLineStatus
 .text.ucg_com_SetCDLineStatus
                0x0000000008003a1c       0x20 C:\1. IMPORTANT DOCUMENTS\Learning\Internship\NUCLEO\SDK_1.0.3_NUCLEO-F401RE\lib_stm\libLibraries.a(ucg_com_msg_api.o)
                0x0000000008003a1c                ucg_com_SetCDLineStatus
 .text.ucg_com_DelayMicroseconds
                0x0000000008003a3c       0x22 C:\1. IMPORTANT DOCUMENTS\Learning\Internship\NUCLEO\SDK_1.0.3_NUCLEO-F401RE\lib_stm\libLibraries.a(ucg_com_msg_api.o)
                0x0000000008003a3c                ucg_com_DelayMicroseconds
 .text.ucg_com_DelayMilliseconds
                0x0000000008003a5e       0x2c C:\1. IMPORTANT DOCUMENTS\Learning\Internship\NUCLEO\SDK_1.0.3_NUCLEO-F401RE\lib_stm\libLibraries.a(ucg_com_msg_api.o)
                0x0000000008003a5e                ucg_com_DelayMilliseconds
 .text.ucg_com_SendByte
                0x0000000008003a8a       0x24 C:\1. IMPORTANT DOCUMENTS\Learning\Internship\NUCLEO\SDK_1.0.3_NUCLEO-F401RE\lib_stm\libLibraries.a(ucg_com_msg_api.o)
                0x0000000008003a8a                ucg_com_SendByte
 .text.ucg_com_SendStringP
                0x0000000008003aae       0x40 C:\1. IMPORTANT DOCUMENTS\Learning\Internship\NUCLEO\SDK_1.0.3_NUCLEO-F401RE\lib_stm\libLibraries.a(ucg_com_msg_api.o)
                0x0000000008003aae                ucg_com_SendStringP
 .text.ucg_com_SendCmdArg
                0x0000000008003aee       0x74 C:\1. IMPORTANT DOCUMENTS\Learning\Internship\NUCLEO\SDK_1.0.3_NUCLEO-F401RE\lib_stm\libLibraries.a(ucg_com_msg_api.o)
 *fill*         0x0000000008003b62        0x2 
 .text.ucg_com_SendCmdSeq
                0x0000000008003b64      0x278 C:\1. IMPORTANT DOCUMENTS\Learning\Internship\NUCLEO\SDK_1.0.3_NUCLEO-F401RE\lib_stm\libLibraries.a(ucg_com_msg_api.o)
                0x0000000008003b64                ucg_com_SendCmdSeq
 .text.sprintf  0x0000000008003ddc       0x40 C:/ST/STM32CubeIDE_1.13.1/STM32CubeIDE/plugins/com.st.stm32cube.ide.mcu.externaltools.gnu-tools-for-stm32.11.3.rel1.win32_1.1.0.202305231506/tools/bin/../lib/gcc/arm-none-eabi/11.3.1/../../../../arm-none-eabi/lib/thumb/v7e-m+fp/hard\libc_nano.a(libc_a-sprintf.o)
                0x0000000008003ddc                siprintf
                0x0000000008003ddc                sprintf
 .text.memset   0x0000000008003e1c       0x10 C:/ST/STM32CubeIDE_1.13.1/STM32CubeIDE/plugins/com.st.stm32cube.ide.mcu.externaltools.gnu-tools-for-stm32.11.3.rel1.win32_1.1.0.202305231506/tools/bin/../lib/gcc/arm-none-eabi/11.3.1/../../../../arm-none-eabi/lib/thumb/v7e-m+fp/hard\libc_nano.a(libc_a-memset.o)
                0x0000000008003e1c                memset
 .text.__errno  0x0000000008003e2c        0xc C:/ST/STM32CubeIDE_1.13.1/STM32CubeIDE/plugins/com.st.stm32cube.ide.mcu.externaltools.gnu-tools-for-stm32.11.3.rel1.win32_1.1.0.202305231506/tools/bin/../lib/gcc/arm-none-eabi/11.3.1/../../../../arm-none-eabi/lib/thumb/v7e-m+fp/hard\libc_nano.a(libc_a-errno.o)
                0x0000000008003e2c                __errno
 .text.__libc_init_array
                0x0000000008003e38       0x48 C:/ST/STM32CubeIDE_1.13.1/STM32CubeIDE/plugins/com.st.stm32cube.ide.mcu.externaltools.gnu-tools-for-stm32.11.3.rel1.win32_1.1.0.202305231506/tools/bin/../lib/gcc/arm-none-eabi/11.3.1/../../../../arm-none-eabi/lib/thumb/v7e-m+fp/hard\libc_nano.a(libc_a-init.o)
                0x0000000008003e38                __libc_init_array
 .text.__retarget_lock_acquire_recursive
                0x0000000008003e80        0x2 C:/ST/STM32CubeIDE_1.13.1/STM32CubeIDE/plugins/com.st.stm32cube.ide.mcu.externaltools.gnu-tools-for-stm32.11.3.rel1.win32_1.1.0.202305231506/tools/bin/../lib/gcc/arm-none-eabi/11.3.1/../../../../arm-none-eabi/lib/thumb/v7e-m+fp/hard\libc_nano.a(libc_a-lock.o)
                0x0000000008003e80                __retarget_lock_acquire_recursive
 .text.__retarget_lock_release_recursive
                0x0000000008003e82        0x2 C:/ST/STM32CubeIDE_1.13.1/STM32CubeIDE/plugins/com.st.stm32cube.ide.mcu.externaltools.gnu-tools-for-stm32.11.3.rel1.win32_1.1.0.202305231506/tools/bin/../lib/gcc/arm-none-eabi/11.3.1/../../../../arm-none-eabi/lib/thumb/v7e-m+fp/hard\libc_nano.a(libc_a-lock.o)
                0x0000000008003e82                __retarget_lock_release_recursive
 .text._free_r  0x0000000008003e84       0x98 C:/ST/STM32CubeIDE_1.13.1/STM32CubeIDE/plugins/com.st.stm32cube.ide.mcu.externaltools.gnu-tools-for-stm32.11.3.rel1.win32_1.1.0.202305231506/tools/bin/../lib/gcc/arm-none-eabi/11.3.1/../../../../arm-none-eabi/lib/thumb/v7e-m+fp/hard\libc_nano.a(libc_a-freer.o)
                0x0000000008003e84                _free_r
 .text.sbrk_aligned
                0x0000000008003f1c       0x40 C:/ST/STM32CubeIDE_1.13.1/STM32CubeIDE/plugins/com.st.stm32cube.ide.mcu.externaltools.gnu-tools-for-stm32.11.3.rel1.win32_1.1.0.202305231506/tools/bin/../lib/gcc/arm-none-eabi/11.3.1/../../../../arm-none-eabi/lib/thumb/v7e-m+fp/hard\libc_nano.a(libc_a-mallocr.o)
 .text._malloc_r
                0x0000000008003f5c      0x100 C:/ST/STM32CubeIDE_1.13.1/STM32CubeIDE/plugins/com.st.stm32cube.ide.mcu.externaltools.gnu-tools-for-stm32.11.3.rel1.win32_1.1.0.202305231506/tools/bin/../lib/gcc/arm-none-eabi/11.3.1/../../../../arm-none-eabi/lib/thumb/v7e-m+fp/hard\libc_nano.a(libc_a-mallocr.o)
                0x0000000008003f5c                _malloc_r
 .text.__malloc_lock
                0x000000000800405c        0xc C:/ST/STM32CubeIDE_1.13.1/STM32CubeIDE/plugins/com.st.stm32cube.ide.mcu.externaltools.gnu-tools-for-stm32.11.3.rel1.win32_1.1.0.202305231506/tools/bin/../lib/gcc/arm-none-eabi/11.3.1/../../../../arm-none-eabi/lib/thumb/v7e-m+fp/hard\libc_nano.a(libc_a-mlock.o)
                0x000000000800405c                __malloc_lock
 .text.__malloc_unlock
                0x0000000008004068        0xc C:/ST/STM32CubeIDE_1.13.1/STM32CubeIDE/plugins/com.st.stm32cube.ide.mcu.externaltools.gnu-tools-for-stm32.11.3.rel1.win32_1.1.0.202305231506/tools/bin/../lib/gcc/arm-none-eabi/11.3.1/../../../../arm-none-eabi/lib/thumb/v7e-m+fp/hard\libc_nano.a(libc_a-mlock.o)
                0x0000000008004068                __malloc_unlock
 .text.__ssputs_r
                0x0000000008004074       0xb4 C:/ST/STM32CubeIDE_1.13.1/STM32CubeIDE/plugins/com.st.stm32cube.ide.mcu.externaltools.gnu-tools-for-stm32.11.3.rel1.win32_1.1.0.202305231506/tools/bin/../lib/gcc/arm-none-eabi/11.3.1/../../../../arm-none-eabi/lib/thumb/v7e-m+fp/hard\libc_nano.a(libc_a-nano-svfprintf.o)
                0x0000000008004074                __ssputs_r
 .text._svfprintf_r
                0x0000000008004128      0x1fc C:/ST/STM32CubeIDE_1.13.1/STM32CubeIDE/plugins/com.st.stm32cube.ide.mcu.externaltools.gnu-tools-for-stm32.11.3.rel1.win32_1.1.0.202305231506/tools/bin/../lib/gcc/arm-none-eabi/11.3.1/../../../../arm-none-eabi/lib/thumb/v7e-m+fp/hard\libc_nano.a(libc_a-nano-svfprintf.o)
                0x0000000008004128                _svfiprintf_r
                0x0000000008004128                _svfprintf_r
 .text._printf_common
                0x0000000008004324       0xda C:/ST/STM32CubeIDE_1.13.1/STM32CubeIDE/plugins/com.st.stm32cube.ide.mcu.externaltools.gnu-tools-for-stm32.11.3.rel1.win32_1.1.0.202305231506/tools/bin/../lib/gcc/arm-none-eabi/11.3.1/../../../../arm-none-eabi/lib/thumb/v7e-m+fp/hard\libc_nano.a(libc_a-nano-vfprintf_i.o)
                0x0000000008004324                _printf_common
 *fill*         0x00000000080043fe        0x2 
 .text._printf_i
                0x0000000008004400      0x244 C:/ST/STM32CubeIDE_1.13.1/STM32CubeIDE/plugins/com.st.stm32cube.ide.mcu.externaltools.gnu-tools-for-stm32.11.3.rel1.win32_1.1.0.202305231506/tools/bin/../lib/gcc/arm-none-eabi/11.3.1/../../../../arm-none-eabi/lib/thumb/v7e-m+fp/hard\libc_nano.a(libc_a-nano-vfprintf_i.o)
                0x0000000008004400                _printf_i
 .text.memmove  0x0000000008004644       0x34 C:/ST/STM32CubeIDE_1.13.1/STM32CubeIDE/plugins/com.st.stm32cube.ide.mcu.externaltools.gnu-tools-for-stm32.11.3.rel1.win32_1.1.0.202305231506/tools/bin/../lib/gcc/arm-none-eabi/11.3.1/../../../../arm-none-eabi/lib/thumb/v7e-m+fp/hard\libc_nano.a(libc_a-memmove.o)
                0x0000000008004644                memmove
 .text._sbrk_r  0x0000000008004678       0x20 C:/ST/STM32CubeIDE_1.13.1/STM32CubeIDE/plugins/com.st.stm32cube.ide.mcu.externaltools.gnu-tools-for-stm32.11.3.rel1.win32_1.1.0.202305231506/tools/bin/../lib/gcc/arm-none-eabi/11.3.1/../../../../arm-none-eabi/lib/thumb/v7e-m+fp/hard\libc_nano.a(libc_a-sbrkr.o)
                0x0000000008004678                _sbrk_r
 .text.memcpy   0x0000000008004698       0x1c C:/ST/STM32CubeIDE_1.13.1/STM32CubeIDE/plugins/com.st.stm32cube.ide.mcu.externaltools.gnu-tools-for-stm32.11.3.rel1.win32_1.1.0.202305231506/tools/bin/../lib/gcc/arm-none-eabi/11.3.1/../../../../arm-none-eabi/lib/thumb/v7e-m+fp/hard\libc_nano.a(libc_a-memcpy-stub.o)
                0x0000000008004698                memcpy
 .text._realloc_r
                0x00000000080046b4       0x5e C:/ST/STM32CubeIDE_1.13.1/STM32CubeIDE/plugins/com.st.stm32cube.ide.mcu.externaltools.gnu-tools-for-stm32.11.3.rel1.win32_1.1.0.202305231506/tools/bin/../lib/gcc/arm-none-eabi/11.3.1/../../../../arm-none-eabi/lib/thumb/v7e-m+fp/hard\libc_nano.a(libc_a-reallocr.o)
                0x00000000080046b4                _realloc_r
 .text._malloc_usable_size_r
                0x0000000008004712       0x10 C:/ST/STM32CubeIDE_1.13.1/STM32CubeIDE/plugins/com.st.stm32cube.ide.mcu.externaltools.gnu-tools-for-stm32.11.3.rel1.win32_1.1.0.202305231506/tools/bin/../lib/gcc/arm-none-eabi/11.3.1/../../../../arm-none-eabi/lib/thumb/v7e-m+fp/hard\libc_nano.a(libc_a-msizer.o)
                0x0000000008004712                _malloc_usable_size_r
 *(.glue_7)
 .glue_7        0x0000000008004722        0x0 linker stubs
 *(.glue_7t)
 .glue_7t       0x0000000008004722        0x0 linker stubs
 *(.eh_frame)
 *fill*         0x0000000008004722        0x2 
 .eh_frame      0x0000000008004724        0x0 C:/ST/STM32CubeIDE_1.13.1/STM32CubeIDE/plugins/com.st.stm32cube.ide.mcu.externaltools.gnu-tools-for-stm32.11.3.rel1.win32_1.1.0.202305231506/tools/bin/../lib/gcc/arm-none-eabi/11.3.1/thumb/v7e-m+fp/hard/crtbegin.o
 *(.init)
 .init          0x0000000008004724        0x4 C:/ST/STM32CubeIDE_1.13.1/STM32CubeIDE/plugins/com.st.stm32cube.ide.mcu.externaltools.gnu-tools-for-stm32.11.3.rel1.win32_1.1.0.202305231506/tools/bin/../lib/gcc/arm-none-eabi/11.3.1/thumb/v7e-m+fp/hard/crti.o
                0x0000000008004724                _init
 .init          0x0000000008004728        0x8 C:/ST/STM32CubeIDE_1.13.1/STM32CubeIDE/plugins/com.st.stm32cube.ide.mcu.externaltools.gnu-tools-for-stm32.11.3.rel1.win32_1.1.0.202305231506/tools/bin/../lib/gcc/arm-none-eabi/11.3.1/thumb/v7e-m+fp/hard/crtn.o
 *(.fini)
 .fini          0x0000000008004730        0x4 C:/ST/STM32CubeIDE_1.13.1/STM32CubeIDE/plugins/com.st.stm32cube.ide.mcu.externaltools.gnu-tools-for-stm32.11.3.rel1.win32_1.1.0.202305231506/tools/bin/../lib/gcc/arm-none-eabi/11.3.1/thumb/v7e-m+fp/hard/crti.o
                0x0000000008004730                _fini
 .fini          0x0000000008004734        0x8 C:/ST/STM32CubeIDE_1.13.1/STM32CubeIDE/plugins/com.st.stm32cube.ide.mcu.externaltools.gnu-tools-for-stm32.11.3.rel1.win32_1.1.0.202305231506/tools/bin/../lib/gcc/arm-none-eabi/11.3.1/thumb/v7e-m+fp/hard/crtn.o
                0x000000000800473c                . = ALIGN (0x4)
                0x000000000800473c                _etext = .

.vfp11_veneer   0x000000000800473c        0x0
 .vfp11_veneer  0x000000000800473c        0x0 linker stubs

.v4_bx          0x000000000800473c        0x0
 .v4_bx         0x000000000800473c        0x0 linker stubs

.iplt           0x000000000800473c        0x0
 .iplt          0x000000000800473c        0x0 C:/ST/STM32CubeIDE_1.13.1/STM32CubeIDE/plugins/com.st.stm32cube.ide.mcu.externaltools.gnu-tools-for-stm32.11.3.rel1.win32_1.1.0.202305231506/tools/bin/../lib/gcc/arm-none-eabi/11.3.1/thumb/v7e-m+fp/hard/crtbegin.o

.rodata         0x000000000800473c      0x8dc
                0x000000000800473c                . = ALIGN (0x4)
 *(.rodata)
 .rodata        0x000000000800473c        0xf ./Src/main.o
 *fill*         0x000000000800474b        0x1 
 .rodata        0x000000000800474c        0xf C:\1. IMPORTANT DOCUMENTS\Learning\Internship\NUCLEO\SDK_1.0.3_NUCLEO-F401RE\lib_stm\libLibraries.a(ucg_font.o)
 *(.rodata*)
 *fill*         0x000000000800475b        0x1 
 .rodata.ucg_st7735_set_pos_seq
                0x000000000800475c       0x1e C:\1. IMPORTANT DOCUMENTS\Learning\Internship\NUCLEO\SDK_1.0.3_NUCLEO-F401RE\lib_stm\libLibraries.a(ucg_dev_ic_st7735.o)
                0x000000000800475c                ucg_st7735_set_pos_seq
 *fill*         0x000000000800477a        0x2 
 .rodata.ucg_st7735_set_pos_dir0_seq
                0x000000000800477c       0x1e C:\1. IMPORTANT DOCUMENTS\Learning\Internship\NUCLEO\SDK_1.0.3_NUCLEO-F401RE\lib_stm\libLibraries.a(ucg_dev_ic_st7735.o)
                0x000000000800477c                ucg_st7735_set_pos_dir0_seq
 *fill*         0x000000000800479a        0x2 
 .rodata.ucg_st7735_set_pos_dir1_seq
                0x000000000800479c       0x21 C:\1. IMPORTANT DOCUMENTS\Learning\Internship\NUCLEO\SDK_1.0.3_NUCLEO-F401RE\lib_stm\libLibraries.a(ucg_dev_ic_st7735.o)
                0x000000000800479c                ucg_st7735_set_pos_dir1_seq
 *fill*         0x00000000080047bd        0x3 
 .rodata.ucg_st7735_set_pos_dir2_seq
                0x00000000080047c0       0x21 C:\1. IMPORTANT DOCUMENTS\Learning\Internship\NUCLEO\SDK_1.0.3_NUCLEO-F401RE\lib_stm\libLibraries.a(ucg_dev_ic_st7735.o)
                0x00000000080047c0                ucg_st7735_set_pos_dir2_seq
 *fill*         0x00000000080047e1        0x3 
 .rodata.ucg_st7735_set_pos_dir3_seq
                0x00000000080047e4       0x24 C:\1. IMPORTANT DOCUMENTS\Learning\Internship\NUCLEO\SDK_1.0.3_NUCLEO-F401RE\lib_stm\libLibraries.a(ucg_dev_ic_st7735.o)
                0x00000000080047e4                ucg_st7735_set_pos_dir3_seq
 .rodata.ucg_st7735_power_down_seq
                0x0000000008004808        0x7 C:\1. IMPORTANT DOCUMENTS\Learning\Internship\NUCLEO\SDK_1.0.3_NUCLEO-F401RE\lib_stm\libLibraries.a(ucg_dev_ic_st7735.o)
 *fill*         0x000000000800480f        0x1 
 .rodata.ucg_tft_128x160_st7735_init_seq
                0x0000000008004810       0x2c C:\1. IMPORTANT DOCUMENTS\Learning\Internship\NUCLEO\SDK_1.0.3_NUCLEO-F401RE\lib_stm\libLibraries.a(ucg_dev_tft_128x128_st7735.o)
 .rodata.ucg_font_ncenR12_hr
                0x000000000800483c      0x7a8 C:\1. IMPORTANT DOCUMENTS\Learning\Internship\NUCLEO\SDK_1.0.3_NUCLEO-F401RE\lib_stm\libLibraries.a(ucg_pixel_font_data.o)
                0x000000000800483c                ucg_font_ncenR12_hr
 .rodata._svfprintf_r.str1.1
                0x0000000008004fe4       0x11 C:/ST/STM32CubeIDE_1.13.1/STM32CubeIDE/plugins/com.st.stm32cube.ide.mcu.externaltools.gnu-tools-for-stm32.11.3.rel1.win32_1.1.0.202305231506/tools/bin/../lib/gcc/arm-none-eabi/11.3.1/../../../../arm-none-eabi/lib/thumb/v7e-m+fp/hard\libc_nano.a(libc_a-nano-svfprintf.o)
 .rodata._printf_i.str1.1
                0x0000000008004ff5       0x22 C:/ST/STM32CubeIDE_1.13.1/STM32CubeIDE/plugins/com.st.stm32cube.ide.mcu.externaltools.gnu-tools-for-stm32.11.3.rel1.win32_1.1.0.202305231506/tools/bin/../lib/gcc/arm-none-eabi/11.3.1/../../../../arm-none-eabi/lib/thumb/v7e-m+fp/hard\libc_nano.a(libc_a-nano-vfprintf_i.o)
                0x0000000008005018                . = ALIGN (0x4)
 *fill*         0x0000000008005017        0x1 

.rel.dyn        0x0000000008005018        0x0
 .rel.iplt      0x0000000008005018        0x0 C:/ST/STM32CubeIDE_1.13.1/STM32CubeIDE/plugins/com.st.stm32cube.ide.mcu.externaltools.gnu-tools-for-stm32.11.3.rel1.win32_1.1.0.202305231506/tools/bin/../lib/gcc/arm-none-eabi/11.3.1/thumb/v7e-m+fp/hard/crtbegin.o

.ARM.extab      0x0000000008005018        0x0
                0x0000000008005018                . = ALIGN (0x4)
 *(.ARM.extab* .gnu.linkonce.armextab.*)
                0x0000000008005018                . = ALIGN (0x4)

.ARM            0x0000000008005018        0x0
                0x0000000008005018                . = ALIGN (0x4)
                0x0000000008005018                __exidx_start = .
 *(.ARM.exidx*)
                0x0000000008005018                __exidx_end = .
                0x0000000008005018                . = ALIGN (0x4)

.preinit_array  0x0000000008005018        0x0
                0x0000000008005018                . = ALIGN (0x4)
                0x0000000008005018                PROVIDE (__preinit_array_start = .)
 *(.preinit_array*)
                0x0000000008005018                PROVIDE (__preinit_array_end = .)
                0x0000000008005018                . = ALIGN (0x4)

.init_array     0x0000000008005018        0x4
                0x0000000008005018                . = ALIGN (0x4)
                0x0000000008005018                PROVIDE (__init_array_start = .)
 *(SORT_BY_NAME(.init_array.*))
 *(.init_array*)
 .init_array    0x0000000008005018        0x4 C:/ST/STM32CubeIDE_1.13.1/STM32CubeIDE/plugins/com.st.stm32cube.ide.mcu.externaltools.gnu-tools-for-stm32.11.3.rel1.win32_1.1.0.202305231506/tools/bin/../lib/gcc/arm-none-eabi/11.3.1/thumb/v7e-m+fp/hard/crtbegin.o
                0x000000000800501c                PROVIDE (__init_array_end = .)
                0x000000000800501c                . = ALIGN (0x4)

.fini_array     0x000000000800501c        0x4
                0x000000000800501c                . = ALIGN (0x4)
                [!provide]                        PROVIDE (__fini_array_start = .)
 *(SORT_BY_NAME(.fini_array.*))
 *(.fini_array*)
 .fini_array    0x000000000800501c        0x4 C:/ST/STM32CubeIDE_1.13.1/STM32CubeIDE/plugins/com.st.stm32cube.ide.mcu.externaltools.gnu-tools-for-stm32.11.3.rel1.win32_1.1.0.202305231506/tools/bin/../lib/gcc/arm-none-eabi/11.3.1/thumb/v7e-m+fp/hard/crtbegin.o
                [!provide]                        PROVIDE (__fini_array_end = .)
                0x0000000008005020                . = ALIGN (0x4)
                0x0000000008005020                _sidata = LOADADDR (.data)

.data           0x0000000020000000       0x78 load address 0x0000000008005020
                0x0000000020000000                . = ALIGN (0x4)
                0x0000000020000000                _sdata = .
 *(.data)
 *(.data*)
 .data.SystemCoreClock
                0x0000000020000000        0x4 C:\1. IMPORTANT DOCUMENTS\Learning\Internship\NUCLEO\SDK_1.0.3_NUCLEO-F401RE\lib_stm\libLibraries.a(system_stm32f4xx.o)
                0x0000000020000000                SystemCoreClock
 .data.AHBPrescTable
                0x0000000020000004       0x10 C:\1. IMPORTANT DOCUMENTS\Learning\Internship\NUCLEO\SDK_1.0.3_NUCLEO-F401RE\lib_stm\libLibraries.a(system_stm32f4xx.o)
                0x0000000020000004                AHBPrescTable
 .data.APBAHBPrescTable
                0x0000000020000014       0x10 C:\1. IMPORTANT DOCUMENTS\Learning\Internship\NUCLEO\SDK_1.0.3_NUCLEO-F401RE\lib_stm\libLibraries.a(stm32f401re_rcc.o)
 .data.idTaskScanDecodeLen
                0x0000000020000024        0x1 C:\1. IMPORTANT DOCUMENTS\Learning\Internship\NUCLEO\SDK_1.0.3_NUCLEO-F401RE\lib_stm\libLibraries.a(ucg_font.o)
 *fill*         0x0000000020000025        0x3 
 .data._impure_data
                0x0000000020000028       0x4c C:/ST/STM32CubeIDE_1.13.1/STM32CubeIDE/plugins/com.st.stm32cube.ide.mcu.externaltools.gnu-tools-for-stm32.11.3.rel1.win32_1.1.0.202305231506/tools/bin/../lib/gcc/arm-none-eabi/11.3.1/../../../../arm-none-eabi/lib/thumb/v7e-m+fp/hard\libc_nano.a(libc_a-impure.o)
                0x0000000020000028                _impure_data
 .data._impure_ptr
                0x0000000020000074        0x4 C:/ST/STM32CubeIDE_1.13.1/STM32CubeIDE/plugins/com.st.stm32cube.ide.mcu.externaltools.gnu-tools-for-stm32.11.3.rel1.win32_1.1.0.202305231506/tools/bin/../lib/gcc/arm-none-eabi/11.3.1/../../../../arm-none-eabi/lib/thumb/v7e-m+fp/hard\libc_nano.a(libc_a-impure.o)
                0x0000000020000074                _impure_ptr
 *(.RamFunc)
 *(.RamFunc*)
                0x0000000020000078                . = ALIGN (0x4)
                0x0000000020000078                _edata = .

.igot.plt       0x0000000020000078        0x0 load address 0x0000000008005098
 .igot.plt      0x0000000020000078        0x0 C:/ST/STM32CubeIDE_1.13.1/STM32CubeIDE/plugins/com.st.stm32cube.ide.mcu.externaltools.gnu-tools-for-stm32.11.3.rel1.win32_1.1.0.202305231506/tools/bin/../lib/gcc/arm-none-eabi/11.3.1/thumb/v7e-m+fp/hard/crtbegin.o
                0x0000000020000078                . = ALIGN (0x4)

.bss            0x0000000020000078     0x13f0 load address 0x0000000008005098
                0x0000000020000078                _sbss = .
                0x0000000020000078                __bss_start__ = _sbss
 *(.bss)
 .bss           0x0000000020000078       0x1c C:/ST/STM32CubeIDE_1.13.1/STM32CubeIDE/plugins/com.st.stm32cube.ide.mcu.externaltools.gnu-tools-for-stm32.11.3.rel1.win32_1.1.0.202305231506/tools/bin/../lib/gcc/arm-none-eabi/11.3.1/thumb/v7e-m+fp/hard/crtbegin.o
 *(.bss*)
 .bss.time_current
                0x0000000020000094        0x4 ./Src/main.o
 .bss.time_initial
                0x0000000020000098        0x4 ./Src/main.o
 .bss.time_total
                0x000000002000009c        0x4 ./Src/main.o
 .bss.light     0x00000000200000a0        0x2 ./Src/main.o
 *fill*         0x00000000200000a2        0x2 
 .bss.ucg       0x00000000200000a4       0xb4 ./Src/main.o
 .bss.src3      0x0000000020000158       0x14 ./Src/main.o
 .bss.__sbrk_heap_end
                0x000000002000016c        0x4 ./Src/sysmem.o
 .bss.g_pTimerHandle
                0x0000000020000170      0x180 C:\1. IMPORTANT DOCUMENTS\Learning\Internship\NUCLEO\SDK_1.0.3_NUCLEO-F401RE\lib_stm\libLibraries.a(timer.o)
 .bss.g_wMilSecTickTimer
                0x00000000200002f0        0x4 C:\1. IMPORTANT DOCUMENTS\Learning\Internship\NUCLEO\SDK_1.0.3_NUCLEO-F401RE\lib_stm\libLibraries.a(timer.o)
 .bss.uhADCConvertedValue
                0x00000000200002f4        0x2 C:\1. IMPORTANT DOCUMENTS\Learning\Internship\NUCLEO\SDK_1.0.3_NUCLEO-F401RE\lib_stm\libLibraries.a(lightsensor.o)
 *fill*         0x00000000200002f6        0x2 
 .bss.g_pUartQueueRx
                0x00000000200002f8        0x8 C:\1. IMPORTANT DOCUMENTS\Learning\Internship\NUCLEO\SDK_1.0.3_NUCLEO-F401RE\lib_stm\libLibraries.a(serial.o)
 .bss.fontQueue
                0x0000000020000300       0x10 C:\1. IMPORTANT DOCUMENTS\Learning\Internship\NUCLEO\SDK_1.0.3_NUCLEO-F401RE\lib_stm\libLibraries.a(ucg_font.o)
 .bss.pQueueFont
                0x0000000020000310     0x1000 C:\1. IMPORTANT DOCUMENTS\Learning\Internship\NUCLEO\SDK_1.0.3_NUCLEO-F401RE\lib_stm\libLibraries.a(ucg_font.o)
 .bss.next.7562
                0x0000000020001310        0x1 C:\1. IMPORTANT DOCUMENTS\Learning\Internship\NUCLEO\SDK_1.0.3_NUCLEO-F401RE\lib_stm\libLibraries.a(ucg_font.o)
 *fill*         0x0000000020001311        0x3 
 .bss.__sf      0x0000000020001314      0x138 C:/ST/STM32CubeIDE_1.13.1/STM32CubeIDE/plugins/com.st.stm32cube.ide.mcu.externaltools.gnu-tools-for-stm32.11.3.rel1.win32_1.1.0.202305231506/tools/bin/../lib/gcc/arm-none-eabi/11.3.1/../../../../arm-none-eabi/lib/thumb/v7e-m+fp/hard\libc_nano.a(libc_a-findfp.o)
                0x0000000020001314                __sf
 .bss.errno     0x000000002000144c        0x4 C:/ST/STM32CubeIDE_1.13.1/STM32CubeIDE/plugins/com.st.stm32cube.ide.mcu.externaltools.gnu-tools-for-stm32.11.3.rel1.win32_1.1.0.202305231506/tools/bin/../lib/gcc/arm-none-eabi/11.3.1/../../../../arm-none-eabi/lib/thumb/v7e-m+fp/hard\libc_nano.a(libc_a-reent.o)
                0x000000002000144c                errno
 .bss.__lock___malloc_recursive_mutex
                0x0000000020001450        0x1 C:/ST/STM32CubeIDE_1.13.1/STM32CubeIDE/plugins/com.st.stm32cube.ide.mcu.externaltools.gnu-tools-for-stm32.11.3.rel1.win32_1.1.0.202305231506/tools/bin/../lib/gcc/arm-none-eabi/11.3.1/../../../../arm-none-eabi/lib/thumb/v7e-m+fp/hard\libc_nano.a(libc_a-lock.o)
                0x0000000020001450                __lock___malloc_recursive_mutex
 *fill*         0x0000000020001451        0x3 
 .bss.__malloc_free_list
                0x0000000020001454        0x4 C:/ST/STM32CubeIDE_1.13.1/STM32CubeIDE/plugins/com.st.stm32cube.ide.mcu.externaltools.gnu-tools-for-stm32.11.3.rel1.win32_1.1.0.202305231506/tools/bin/../lib/gcc/arm-none-eabi/11.3.1/../../../../arm-none-eabi/lib/thumb/v7e-m+fp/hard\libc_nano.a(libc_a-mallocr.o)
                0x0000000020001454                __malloc_free_list
 .bss.__malloc_sbrk_start
                0x0000000020001458        0x4 C:/ST/STM32CubeIDE_1.13.1/STM32CubeIDE/plugins/com.st.stm32cube.ide.mcu.externaltools.gnu-tools-for-stm32.11.3.rel1.win32_1.1.0.202305231506/tools/bin/../lib/gcc/arm-none-eabi/11.3.1/../../../../arm-none-eabi/lib/thumb/v7e-m+fp/hard\libc_nano.a(libc_a-mallocr.o)
                0x0000000020001458                __malloc_sbrk_start
 *(COMMON)
 COMMON         0x000000002000145c        0xc C:\1. IMPORTANT DOCUMENTS\Learning\Internship\NUCLEO\SDK_1.0.3_NUCLEO-F401RE\lib_stm\libLibraries.a(ucg_font.o)
                0x000000002000145c                ucg_draw_str
                0x0000000020001468                . = ALIGN (0x4)
                0x0000000020001468                _ebss = .
                0x0000000020001468                __bss_end__ = _ebss

._user_heap_stack
                0x0000000020001468      0x600 load address 0x0000000008005098
                0x0000000020001468                . = ALIGN (0x8)
                [!provide]                        PROVIDE (end = .)
                0x0000000020001468                PROVIDE (_end = .)
                0x0000000020001668                . = (. + _Min_Heap_Size)
 *fill*         0x0000000020001468      0x200 
                0x0000000020001a68                . = (. + _Min_Stack_Size)
 *fill*         0x0000000020001668      0x400 
                0x0000000020001a68                . = ALIGN (0x8)

/DISCARD/
 libc.a(*)
 libm.a(*)
 libgcc.a(*)

.ARM.attributes
                0x0000000000000000       0x30
 *(.ARM.attributes)
 .ARM.attributes
                0x0000000000000000       0x1e C:/ST/STM32CubeIDE_1.13.1/STM32CubeIDE/plugins/com.st.stm32cube.ide.mcu.externaltools.gnu-tools-for-stm32.11.3.rel1.win32_1.1.0.202305231506/tools/bin/../lib/gcc/arm-none-eabi/11.3.1/thumb/v7e-m+fp/hard/crti.o
 .ARM.attributes
                0x000000000000001e       0x34 C:/ST/STM32CubeIDE_1.13.1/STM32CubeIDE/plugins/com.st.stm32cube.ide.mcu.externaltools.gnu-tools-for-stm32.11.3.rel1.win32_1.1.0.202305231506/tools/bin/../lib/gcc/arm-none-eabi/11.3.1/thumb/v7e-m+fp/hard/crtbegin.o
 .ARM.attributes
                0x0000000000000052       0x34 ./Src/main.o
 .ARM.attributes
                0x0000000000000086       0x34 ./Src/sysmem.o
 .ARM.attributes
                0x00000000000000ba       0x21 ./Startup/startup_stm32f401retx.o
 .ARM.attributes
                0x00000000000000db       0x39 C:\1. IMPORTANT DOCUMENTS\Learning\Internship\NUCLEO\SDK_1.0.3_NUCLEO-F401RE\lib_stm\libLibraries.a(system_stm32f4xx.o)
 .ARM.attributes
                0x0000000000000114       0x39 C:\1. IMPORTANT DOCUMENTS\Learning\Internship\NUCLEO\SDK_1.0.3_NUCLEO-F401RE\lib_stm\libLibraries.a(stm32f401re_adc.o)
 .ARM.attributes
                0x000000000000014d       0x39 C:\1. IMPORTANT DOCUMENTS\Learning\Internship\NUCLEO\SDK_1.0.3_NUCLEO-F401RE\lib_stm\libLibraries.a(stm32f401re_rcc.o)
 .ARM.attributes
                0x0000000000000186       0x39 C:\1. IMPORTANT DOCUMENTS\Learning\Internship\NUCLEO\SDK_1.0.3_NUCLEO-F401RE\lib_stm\libLibraries.a(timer.o)
 .ARM.attributes
                0x00000000000001bf       0x39 C:\1. IMPORTANT DOCUMENTS\Learning\Internship\NUCLEO\SDK_1.0.3_NUCLEO-F401RE\lib_stm\libLibraries.a(lightsensor.o)
 .ARM.attributes
                0x00000000000001f8       0x39 C:\1. IMPORTANT DOCUMENTS\Learning\Internship\NUCLEO\SDK_1.0.3_NUCLEO-F401RE\lib_stm\libLibraries.a(serial.o)
 .ARM.attributes
                0x0000000000000231       0x39 C:\1. IMPORTANT DOCUMENTS\Learning\Internship\NUCLEO\SDK_1.0.3_NUCLEO-F401RE\lib_stm\libLibraries.a(Ucglib.o)
 .ARM.attributes
                0x000000000000026a       0x39 C:\1. IMPORTANT DOCUMENTS\Learning\Internship\NUCLEO\SDK_1.0.3_NUCLEO-F401RE\lib_stm\libLibraries.a(ucg_box.o)
 .ARM.attributes
                0x00000000000002a3       0x39 C:\1. IMPORTANT DOCUMENTS\Learning\Internship\NUCLEO\SDK_1.0.3_NUCLEO-F401RE\lib_stm\libLibraries.a(ucg_ccs.o)
 .ARM.attributes
                0x00000000000002dc       0x39 C:\1. IMPORTANT DOCUMENTS\Learning\Internship\NUCLEO\SDK_1.0.3_NUCLEO-F401RE\lib_stm\libLibraries.a(ucg_dev_default_cb.o)
 .ARM.attributes
                0x0000000000000315       0x39 C:\1. IMPORTANT DOCUMENTS\Learning\Internship\NUCLEO\SDK_1.0.3_NUCLEO-F401RE\lib_stm\libLibraries.a(ucg_dev_ic_st7735.o)
 .ARM.attributes
                0x000000000000034e       0x39 C:\1. IMPORTANT DOCUMENTS\Learning\Internship\NUCLEO\SDK_1.0.3_NUCLEO-F401RE\lib_stm\libLibraries.a(ucg_dev_msg_api.o)
 .ARM.attributes
                0x0000000000000387       0x39 C:\1. IMPORTANT DOCUMENTS\Learning\Internship\NUCLEO\SDK_1.0.3_NUCLEO-F401RE\lib_stm\libLibraries.a(ucg_dev_tft_128x128_st7735.o)
 .ARM.attributes
                0x00000000000003c0       0x39 C:\1. IMPORTANT DOCUMENTS\Learning\Internship\NUCLEO\SDK_1.0.3_NUCLEO-F401RE\lib_stm\libLibraries.a(ucg_font.o)
 .ARM.attributes
                0x00000000000003f9       0x39 C:\1. IMPORTANT DOCUMENTS\Learning\Internship\NUCLEO\SDK_1.0.3_NUCLEO-F401RE\lib_stm\libLibraries.a(ucg_init.o)
 .ARM.attributes
                0x0000000000000432       0x39 C:\1. IMPORTANT DOCUMENTS\Learning\Internship\NUCLEO\SDK_1.0.3_NUCLEO-F401RE\lib_stm\libLibraries.a(ucg_line.o)
 .ARM.attributes
                0x000000000000046b       0x39 C:\1. IMPORTANT DOCUMENTS\Learning\Internship\NUCLEO\SDK_1.0.3_NUCLEO-F401RE\lib_stm\libLibraries.a(ucg_pixel.o)
 .ARM.attributes
                0x00000000000004a4       0x39 C:\1. IMPORTANT DOCUMENTS\Learning\Internship\NUCLEO\SDK_1.0.3_NUCLEO-F401RE\lib_stm\libLibraries.a(ucg_pixel_font_data.o)
 .ARM.attributes
                0x00000000000004dd       0x39 C:\1. IMPORTANT DOCUMENTS\Learning\Internship\NUCLEO\SDK_1.0.3_NUCLEO-F401RE\lib_stm\libLibraries.a(ucg_rotate.o)
 .ARM.attributes
                0x0000000000000516       0x39 C:\1. IMPORTANT DOCUMENTS\Learning\Internship\NUCLEO\SDK_1.0.3_NUCLEO-F401RE\lib_stm\libLibraries.a(buff.o)
 .ARM.attributes
                0x000000000000054f       0x39 C:\1. IMPORTANT DOCUMENTS\Learning\Internship\NUCLEO\SDK_1.0.3_NUCLEO-F401RE\lib_stm\libLibraries.a(utilities.o)
 .ARM.attributes
                0x0000000000000588       0x39 C:\1. IMPORTANT DOCUMENTS\Learning\Internship\NUCLEO\SDK_1.0.3_NUCLEO-F401RE\lib_stm\libLibraries.a(stm32f401re_dma.o)
 .ARM.attributes
                0x00000000000005c1       0x39 C:\1. IMPORTANT DOCUMENTS\Learning\Internship\NUCLEO\SDK_1.0.3_NUCLEO-F401RE\lib_stm\libLibraries.a(stm32f401re_gpio.o)
 .ARM.attributes
                0x00000000000005fa       0x39 C:\1. IMPORTANT DOCUMENTS\Learning\Internship\NUCLEO\SDK_1.0.3_NUCLEO-F401RE\lib_stm\libLibraries.a(stm32f401re_usart.o)
 .ARM.attributes
                0x0000000000000633       0x39 C:\1. IMPORTANT DOCUMENTS\Learning\Internship\NUCLEO\SDK_1.0.3_NUCLEO-F401RE\lib_stm\libLibraries.a(ucg_clip.o)
 .ARM.attributes
                0x000000000000066c       0x39 C:\1. IMPORTANT DOCUMENTS\Learning\Internship\NUCLEO\SDK_1.0.3_NUCLEO-F401RE\lib_stm\libLibraries.a(ucg_com_msg_api.o)
 .ARM.attributes
                0x00000000000006a5       0x34 C:/ST/STM32CubeIDE_1.13.1/STM32CubeIDE/plugins/com.st.stm32cube.ide.mcu.externaltools.gnu-tools-for-stm32.11.3.rel1.win32_1.1.0.202305231506/tools/bin/../lib/gcc/arm-none-eabi/11.3.1/../../../../arm-none-eabi/lib/thumb/v7e-m+fp/hard\libc_nano.a(libc_a-findfp.o)
 .ARM.attributes
                0x00000000000006d9       0x34 C:/ST/STM32CubeIDE_1.13.1/STM32CubeIDE/plugins/com.st.stm32cube.ide.mcu.externaltools.gnu-tools-for-stm32.11.3.rel1.win32_1.1.0.202305231506/tools/bin/../lib/gcc/arm-none-eabi/11.3.1/../../../../arm-none-eabi/lib/thumb/v7e-m+fp/hard\libc_nano.a(libc_a-sprintf.o)
 .ARM.attributes
                0x000000000000070d       0x34 C:/ST/STM32CubeIDE_1.13.1/STM32CubeIDE/plugins/com.st.stm32cube.ide.mcu.externaltools.gnu-tools-for-stm32.11.3.rel1.win32_1.1.0.202305231506/tools/bin/../lib/gcc/arm-none-eabi/11.3.1/../../../../arm-none-eabi/lib/thumb/v7e-m+fp/hard\libc_nano.a(libc_a-memset.o)
 .ARM.attributes
                0x0000000000000741       0x34 C:/ST/STM32CubeIDE_1.13.1/STM32CubeIDE/plugins/com.st.stm32cube.ide.mcu.externaltools.gnu-tools-for-stm32.11.3.rel1.win32_1.1.0.202305231506/tools/bin/../lib/gcc/arm-none-eabi/11.3.1/../../../../arm-none-eabi/lib/thumb/v7e-m+fp/hard\libc_nano.a(libc_a-reent.o)
 .ARM.attributes
                0x0000000000000775       0x34 C:/ST/STM32CubeIDE_1.13.1/STM32CubeIDE/plugins/com.st.stm32cube.ide.mcu.externaltools.gnu-tools-for-stm32.11.3.rel1.win32_1.1.0.202305231506/tools/bin/../lib/gcc/arm-none-eabi/11.3.1/../../../../arm-none-eabi/lib/thumb/v7e-m+fp/hard\libc_nano.a(libc_a-impure.o)
 .ARM.attributes
                0x00000000000007a9       0x34 C:/ST/STM32CubeIDE_1.13.1/STM32CubeIDE/plugins/com.st.stm32cube.ide.mcu.externaltools.gnu-tools-for-stm32.11.3.rel1.win32_1.1.0.202305231506/tools/bin/../lib/gcc/arm-none-eabi/11.3.1/../../../../arm-none-eabi/lib/thumb/v7e-m+fp/hard\libc_nano.a(libc_a-errno.o)
 .ARM.attributes
                0x00000000000007dd       0x34 C:/ST/STM32CubeIDE_1.13.1/STM32CubeIDE/plugins/com.st.stm32cube.ide.mcu.externaltools.gnu-tools-for-stm32.11.3.rel1.win32_1.1.0.202305231506/tools/bin/../lib/gcc/arm-none-eabi/11.3.1/../../../../arm-none-eabi/lib/thumb/v7e-m+fp/hard\libc_nano.a(libc_a-init.o)
 .ARM.attributes
                0x0000000000000811       0x34 C:/ST/STM32CubeIDE_1.13.1/STM32CubeIDE/plugins/com.st.stm32cube.ide.mcu.externaltools.gnu-tools-for-stm32.11.3.rel1.win32_1.1.0.202305231506/tools/bin/../lib/gcc/arm-none-eabi/11.3.1/../../../../arm-none-eabi/lib/thumb/v7e-m+fp/hard\libc_nano.a(libc_a-lock.o)
 .ARM.attributes
                0x0000000000000845       0x34 C:/ST/STM32CubeIDE_1.13.1/STM32CubeIDE/plugins/com.st.stm32cube.ide.mcu.externaltools.gnu-tools-for-stm32.11.3.rel1.win32_1.1.0.202305231506/tools/bin/../lib/gcc/arm-none-eabi/11.3.1/../../../../arm-none-eabi/lib/thumb/v7e-m+fp/hard\libc_nano.a(libc_a-freer.o)
 .ARM.attributes
                0x0000000000000879       0x34 C:/ST/STM32CubeIDE_1.13.1/STM32CubeIDE/plugins/com.st.stm32cube.ide.mcu.externaltools.gnu-tools-for-stm32.11.3.rel1.win32_1.1.0.202305231506/tools/bin/../lib/gcc/arm-none-eabi/11.3.1/../../../../arm-none-eabi/lib/thumb/v7e-m+fp/hard\libc_nano.a(libc_a-mallocr.o)
 .ARM.attributes
                0x00000000000008ad       0x34 C:/ST/STM32CubeIDE_1.13.1/STM32CubeIDE/plugins/com.st.stm32cube.ide.mcu.externaltools.gnu-tools-for-stm32.11.3.rel1.win32_1.1.0.202305231506/tools/bin/../lib/gcc/arm-none-eabi/11.3.1/../../../../arm-none-eabi/lib/thumb/v7e-m+fp/hard\libc_nano.a(libc_a-mlock.o)
 .ARM.attributes
                0x00000000000008e1       0x34 C:/ST/STM32CubeIDE_1.13.1/STM32CubeIDE/plugins/com.st.stm32cube.ide.mcu.externaltools.gnu-tools-for-stm32.11.3.rel1.win32_1.1.0.202305231506/tools/bin/../lib/gcc/arm-none-eabi/11.3.1/../../../../arm-none-eabi/lib/thumb/v7e-m+fp/hard\libc_nano.a(libc_a-nano-svfprintf.o)
 .ARM.attributes
                0x0000000000000915       0x34 C:/ST/STM32CubeIDE_1.13.1/STM32CubeIDE/plugins/com.st.stm32cube.ide.mcu.externaltools.gnu-tools-for-stm32.11.3.rel1.win32_1.1.0.202305231506/tools/bin/../lib/gcc/arm-none-eabi/11.3.1/../../../../arm-none-eabi/lib/thumb/v7e-m+fp/hard\libc_nano.a(libc_a-nano-vfprintf_i.o)
 .ARM.attributes
                0x0000000000000949       0x34 C:/ST/STM32CubeIDE_1.13.1/STM32CubeIDE/plugins/com.st.stm32cube.ide.mcu.externaltools.gnu-tools-for-stm32.11.3.rel1.win32_1.1.0.202305231506/tools/bin/../lib/gcc/arm-none-eabi/11.3.1/../../../../arm-none-eabi/lib/thumb/v7e-m+fp/hard\libc_nano.a(libc_a-memmove.o)
 .ARM.attributes
                0x000000000000097d       0x34 C:/ST/STM32CubeIDE_1.13.1/STM32CubeIDE/plugins/com.st.stm32cube.ide.mcu.externaltools.gnu-tools-for-stm32.11.3.rel1.win32_1.1.0.202305231506/tools/bin/../lib/gcc/arm-none-eabi/11.3.1/../../../../arm-none-eabi/lib/thumb/v7e-m+fp/hard\libc_nano.a(libc_a-sbrkr.o)
 .ARM.attributes
                0x00000000000009b1       0x1c C:/ST/STM32CubeIDE_1.13.1/STM32CubeIDE/plugins/com.st.stm32cube.ide.mcu.externaltools.gnu-tools-for-stm32.11.3.rel1.win32_1.1.0.202305231506/tools/bin/../lib/gcc/arm-none-eabi/11.3.1/../../../../arm-none-eabi/lib/thumb/v7e-m+fp/hard\libc_nano.a(libc_a-memchr.o)
 .ARM.attributes
                0x00000000000009cd       0x34 C:/ST/STM32CubeIDE_1.13.1/STM32CubeIDE/plugins/com.st.stm32cube.ide.mcu.externaltools.gnu-tools-for-stm32.11.3.rel1.win32_1.1.0.202305231506/tools/bin/../lib/gcc/arm-none-eabi/11.3.1/../../../../arm-none-eabi/lib/thumb/v7e-m+fp/hard\libc_nano.a(libc_a-memcpy-stub.o)
 .ARM.attributes
                0x0000000000000a01       0x34 C:/ST/STM32CubeIDE_1.13.1/STM32CubeIDE/plugins/com.st.stm32cube.ide.mcu.externaltools.gnu-tools-for-stm32.11.3.rel1.win32_1.1.0.202305231506/tools/bin/../lib/gcc/arm-none-eabi/11.3.1/../../../../arm-none-eabi/lib/thumb/v7e-m+fp/hard\libc_nano.a(libc_a-reallocr.o)
 .ARM.attributes
                0x0000000000000a35       0x34 C:/ST/STM32CubeIDE_1.13.1/STM32CubeIDE/plugins/com.st.stm32cube.ide.mcu.externaltools.gnu-tools-for-stm32.11.3.rel1.win32_1.1.0.202305231506/tools/bin/../lib/gcc/arm-none-eabi/11.3.1/../../../../arm-none-eabi/lib/thumb/v7e-m+fp/hard\libc_nano.a(libc_a-msizer.o)
 .ARM.attributes
                0x0000000000000a69       0x1e C:/ST/STM32CubeIDE_1.13.1/STM32CubeIDE/plugins/com.st.stm32cube.ide.mcu.externaltools.gnu-tools-for-stm32.11.3.rel1.win32_1.1.0.202305231506/tools/bin/../lib/gcc/arm-none-eabi/11.3.1/thumb/v7e-m+fp/hard/crtn.o
OUTPUT(Lab8.5.elf elf32-littlearm)
LOAD linker stubs
LOAD C:/ST/STM32CubeIDE_1.13.1/STM32CubeIDE/plugins/com.st.stm32cube.ide.mcu.externaltools.gnu-tools-for-stm32.11.3.rel1.win32_1.1.0.202305231506/tools/bin/../lib/gcc/arm-none-eabi/11.3.1/../../../../arm-none-eabi/lib/thumb/v7e-m+fp/hard\libc.a
LOAD C:/ST/STM32CubeIDE_1.13.1/STM32CubeIDE/plugins/com.st.stm32cube.ide.mcu.externaltools.gnu-tools-for-stm32.11.3.rel1.win32_1.1.0.202305231506/tools/bin/../lib/gcc/arm-none-eabi/11.3.1/../../../../arm-none-eabi/lib/thumb/v7e-m+fp/hard\libm.a
LOAD C:/ST/STM32CubeIDE_1.13.1/STM32CubeIDE/plugins/com.st.stm32cube.ide.mcu.externaltools.gnu-tools-for-stm32.11.3.rel1.win32_1.1.0.202305231506/tools/bin/../lib/gcc/arm-none-eabi/11.3.1/thumb/v7e-m+fp/hard\libgcc.a

.comment        0x0000000000000000       0xbe
 .comment       0x0000000000000000       0x43 C:/ST/STM32CubeIDE_1.13.1/STM32CubeIDE/plugins/com.st.stm32cube.ide.mcu.externaltools.gnu-tools-for-stm32.11.3.rel1.win32_1.1.0.202305231506/tools/bin/../lib/gcc/arm-none-eabi/11.3.1/thumb/v7e-m+fp/hard/crtbegin.o
                                         0x44 (size before relaxing)
 .comment       0x0000000000000043       0x44 ./Src/main.o
 .comment       0x0000000000000043       0x44 ./Src/sysmem.o
 .comment       0x0000000000000043       0x7b C:\1. IMPORTANT DOCUMENTS\Learning\Internship\NUCLEO\SDK_1.0.3_NUCLEO-F401RE\lib_stm\libLibraries.a(system_stm32f4xx.o)
                                         0x7c (size before relaxing)
 .comment       0x00000000000000be       0x7c C:\1. IMPORTANT DOCUMENTS\Learning\Internship\NUCLEO\SDK_1.0.3_NUCLEO-F401RE\lib_stm\libLibraries.a(stm32f401re_adc.o)
 .comment       0x00000000000000be       0x7c C:\1. IMPORTANT DOCUMENTS\Learning\Internship\NUCLEO\SDK_1.0.3_NUCLEO-F401RE\lib_stm\libLibraries.a(stm32f401re_rcc.o)
 .comment       0x00000000000000be       0x7c C:\1. IMPORTANT DOCUMENTS\Learning\Internship\NUCLEO\SDK_1.0.3_NUCLEO-F401RE\lib_stm\libLibraries.a(timer.o)
 .comment       0x00000000000000be       0x7c C:\1. IMPORTANT DOCUMENTS\Learning\Internship\NUCLEO\SDK_1.0.3_NUCLEO-F401RE\lib_stm\libLibraries.a(lightsensor.o)
 .comment       0x00000000000000be       0x7c C:\1. IMPORTANT DOCUMENTS\Learning\Internship\NUCLEO\SDK_1.0.3_NUCLEO-F401RE\lib_stm\libLibraries.a(serial.o)
 .comment       0x00000000000000be       0x7c C:\1. IMPORTANT DOCUMENTS\Learning\Internship\NUCLEO\SDK_1.0.3_NUCLEO-F401RE\lib_stm\libLibraries.a(Ucglib.o)
 .comment       0x00000000000000be       0x7c C:\1. IMPORTANT DOCUMENTS\Learning\Internship\NUCLEO\SDK_1.0.3_NUCLEO-F401RE\lib_stm\libLibraries.a(ucg_box.o)
 .comment       0x00000000000000be       0x7c C:\1. IMPORTANT DOCUMENTS\Learning\Internship\NUCLEO\SDK_1.0.3_NUCLEO-F401RE\lib_stm\libLibraries.a(ucg_ccs.o)
 .comment       0x00000000000000be       0x7c C:\1. IMPORTANT DOCUMENTS\Learning\Internship\NUCLEO\SDK_1.0.3_NUCLEO-F401RE\lib_stm\libLibraries.a(ucg_dev_default_cb.o)
 .comment       0x00000000000000be       0x7c C:\1. IMPORTANT DOCUMENTS\Learning\Internship\NUCLEO\SDK_1.0.3_NUCLEO-F401RE\lib_stm\libLibraries.a(ucg_dev_ic_st7735.o)
 .comment       0x00000000000000be       0x7c C:\1. IMPORTANT DOCUMENTS\Learning\Internship\NUCLEO\SDK_1.0.3_NUCLEO-F401RE\lib_stm\libLibraries.a(ucg_dev_msg_api.o)
 .comment       0x00000000000000be       0x7c C:\1. IMPORTANT DOCUMENTS\Learning\Internship\NUCLEO\SDK_1.0.3_NUCLEO-F401RE\lib_stm\libLibraries.a(ucg_dev_tft_128x128_st7735.o)
 .comment       0x00000000000000be       0x7c C:\1. IMPORTANT DOCUMENTS\Learning\Internship\NUCLEO\SDK_1.0.3_NUCLEO-F401RE\lib_stm\libLibraries.a(ucg_font.o)
 .comment       0x00000000000000be       0x7c C:\1. IMPORTANT DOCUMENTS\Learning\Internship\NUCLEO\SDK_1.0.3_NUCLEO-F401RE\lib_stm\libLibraries.a(ucg_init.o)
 .comment       0x00000000000000be       0x7c C:\1. IMPORTANT DOCUMENTS\Learning\Internship\NUCLEO\SDK_1.0.3_NUCLEO-F401RE\lib_stm\libLibraries.a(ucg_line.o)
 .comment       0x00000000000000be       0x7c C:\1. IMPORTANT DOCUMENTS\Learning\Internship\NUCLEO\SDK_1.0.3_NUCLEO-F401RE\lib_stm\libLibraries.a(ucg_pixel.o)
 .comment       0x00000000000000be       0x7c C:\1. IMPORTANT DOCUMENTS\Learning\Internship\NUCLEO\SDK_1.0.3_NUCLEO-F401RE\lib_stm\libLibraries.a(ucg_pixel_font_data.o)
 .comment       0x00000000000000be       0x7c C:\1. IMPORTANT DOCUMENTS\Learning\Internship\NUCLEO\SDK_1.0.3_NUCLEO-F401RE\lib_stm\libLibraries.a(ucg_rotate.o)
 .comment       0x00000000000000be       0x7c C:\1. IMPORTANT DOCUMENTS\Learning\Internship\NUCLEO\SDK_1.0.3_NUCLEO-F401RE\lib_stm\libLibraries.a(buff.o)
 .comment       0x00000000000000be       0x7c C:\1. IMPORTANT DOCUMENTS\Learning\Internship\NUCLEO\SDK_1.0.3_NUCLEO-F401RE\lib_stm\libLibraries.a(utilities.o)
 .comment       0x00000000000000be       0x7c C:\1. IMPORTANT DOCUMENTS\Learning\Internship\NUCLEO\SDK_1.0.3_NUCLEO-F401RE\lib_stm\libLibraries.a(stm32f401re_dma.o)
 .comment       0x00000000000000be       0x7c C:\1. IMPORTANT DOCUMENTS\Learning\Internship\NUCLEO\SDK_1.0.3_NUCLEO-F401RE\lib_stm\libLibraries.a(stm32f401re_gpio.o)
 .comment       0x00000000000000be       0x7c C:\1. IMPORTANT DOCUMENTS\Learning\Internship\NUCLEO\SDK_1.0.3_NUCLEO-F401RE\lib_stm\libLibraries.a(stm32f401re_usart.o)
 .comment       0x00000000000000be       0x7c C:\1. IMPORTANT DOCUMENTS\Learning\Internship\NUCLEO\SDK_1.0.3_NUCLEO-F401RE\lib_stm\libLibraries.a(ucg_clip.o)
 .comment       0x00000000000000be       0x7c C:\1. IMPORTANT DOCUMENTS\Learning\Internship\NUCLEO\SDK_1.0.3_NUCLEO-F401RE\lib_stm\libLibraries.a(ucg_com_msg_api.o)

.debug_info     0x0000000000000000    0x3760f
 .debug_info    0x0000000000000000      0xaeb ./Src/main.o
 .debug_info    0x0000000000000aeb      0x168 ./Src/sysmem.o
 .debug_info    0x0000000000000c53       0x23 ./Startup/startup_stm32f401retx.o
 .debug_info    0x0000000000000c76      0x5bb C:\1. IMPORTANT DOCUMENTS\Learning\Internship\NUCLEO\SDK_1.0.3_NUCLEO-F401RE\lib_stm\libLibraries.a(system_stm32f4xx.o)
 .debug_info    0x0000000000001231      0xc5d C:\1. IMPORTANT DOCUMENTS\Learning\Internship\NUCLEO\SDK_1.0.3_NUCLEO-F401RE\lib_stm\libLibraries.a(stm32f401re_adc.o)
 .debug_info    0x0000000000001e8e      0xd5e C:\1. IMPORTANT DOCUMENTS\Learning\Internship\NUCLEO\SDK_1.0.3_NUCLEO-F401RE\lib_stm\libLibraries.a(stm32f401re_rcc.o)
 .debug_info    0x0000000000002bec      0x922 C:\1. IMPORTANT DOCUMENTS\Learning\Internship\NUCLEO\SDK_1.0.3_NUCLEO-F401RE\lib_stm\libLibraries.a(timer.o)
 .debug_info    0x000000000000350e      0x6ec C:\1. IMPORTANT DOCUMENTS\Learning\Internship\NUCLEO\SDK_1.0.3_NUCLEO-F401RE\lib_stm\libLibraries.a(lightsensor.o)
 .debug_info    0x0000000000003bfa      0xb11 C:\1. IMPORTANT DOCUMENTS\Learning\Internship\NUCLEO\SDK_1.0.3_NUCLEO-F401RE\lib_stm\libLibraries.a(serial.o)
 .debug_info    0x000000000000470b     0x333f C:\1. IMPORTANT DOCUMENTS\Learning\Internship\NUCLEO\SDK_1.0.3_NUCLEO-F401RE\lib_stm\libLibraries.a(Ucglib.o)
 .debug_info    0x0000000000007a4a     0x329d C:\1. IMPORTANT DOCUMENTS\Learning\Internship\NUCLEO\SDK_1.0.3_NUCLEO-F401RE\lib_stm\libLibraries.a(ucg_box.o)
 .debug_info    0x000000000000ace7     0x2b08 C:\1. IMPORTANT DOCUMENTS\Learning\Internship\NUCLEO\SDK_1.0.3_NUCLEO-F401RE\lib_stm\libLibraries.a(ucg_ccs.o)
 .debug_info    0x000000000000d7ef     0x324b C:\1. IMPORTANT DOCUMENTS\Learning\Internship\NUCLEO\SDK_1.0.3_NUCLEO-F401RE\lib_stm\libLibraries.a(ucg_dev_default_cb.o)
 .debug_info    0x0000000000010a3a     0x3272 C:\1. IMPORTANT DOCUMENTS\Learning\Internship\NUCLEO\SDK_1.0.3_NUCLEO-F401RE\lib_stm\libLibraries.a(ucg_dev_ic_st7735.o)
 .debug_info    0x0000000000013cac     0x3178 C:\1. IMPORTANT DOCUMENTS\Learning\Internship\NUCLEO\SDK_1.0.3_NUCLEO-F401RE\lib_stm\libLibraries.a(ucg_dev_msg_api.o)
 .debug_info    0x0000000000016e24     0x303e C:\1. IMPORTANT DOCUMENTS\Learning\Internship\NUCLEO\SDK_1.0.3_NUCLEO-F401RE\lib_stm\libLibraries.a(ucg_dev_tft_128x128_st7735.o)
 .debug_info    0x0000000000019e62     0x43ab C:\1. IMPORTANT DOCUMENTS\Learning\Internship\NUCLEO\SDK_1.0.3_NUCLEO-F401RE\lib_stm\libLibraries.a(ucg_font.o)
 .debug_info    0x000000000001e20d     0x3856 C:\1. IMPORTANT DOCUMENTS\Learning\Internship\NUCLEO\SDK_1.0.3_NUCLEO-F401RE\lib_stm\libLibraries.a(ucg_init.o)
 .debug_info    0x0000000000021a63     0x3222 C:\1. IMPORTANT DOCUMENTS\Learning\Internship\NUCLEO\SDK_1.0.3_NUCLEO-F401RE\lib_stm\libLibraries.a(ucg_line.o)
 .debug_info    0x0000000000024c85     0x3056 C:\1. IMPORTANT DOCUMENTS\Learning\Internship\NUCLEO\SDK_1.0.3_NUCLEO-F401RE\lib_stm\libLibraries.a(ucg_pixel.o)
 .debug_info    0x0000000000027cdb     0x43df C:\1. IMPORTANT DOCUMENTS\Learning\Internship\NUCLEO\SDK_1.0.3_NUCLEO-F401RE\lib_stm\libLibraries.a(ucg_pixel_font_data.o)
 .debug_info    0x000000000002c0ba     0x3231 C:\1. IMPORTANT DOCUMENTS\Learning\Internship\NUCLEO\SDK_1.0.3_NUCLEO-F401RE\lib_stm\libLibraries.a(ucg_rotate.o)
 .debug_info    0x000000000002f2eb      0x339 C:\1. IMPORTANT DOCUMENTS\Learning\Internship\NUCLEO\SDK_1.0.3_NUCLEO-F401RE\lib_stm\libLibraries.a(buff.o)
 .debug_info    0x000000000002f624      0x2bd C:\1. IMPORTANT DOCUMENTS\Learning\Internship\NUCLEO\SDK_1.0.3_NUCLEO-F401RE\lib_stm\libLibraries.a(utilities.o)
 .debug_info    0x000000000002f8e1      0x74b C:\1. IMPORTANT DOCUMENTS\Learning\Internship\NUCLEO\SDK_1.0.3_NUCLEO-F401RE\lib_stm\libLibraries.a(stm32f401re_dma.o)
 .debug_info    0x000000000003002c      0x62b C:\1. IMPORTANT DOCUMENTS\Learning\Internship\NUCLEO\SDK_1.0.3_NUCLEO-F401RE\lib_stm\libLibraries.a(stm32f401re_gpio.o)
 .debug_info    0x0000000000030657      0x9d4 C:\1. IMPORTANT DOCUMENTS\Learning\Internship\NUCLEO\SDK_1.0.3_NUCLEO-F401RE\lib_stm\libLibraries.a(stm32f401re_usart.o)
 .debug_info    0x000000000003102b     0x315a C:\1. IMPORTANT DOCUMENTS\Learning\Internship\NUCLEO\SDK_1.0.3_NUCLEO-F401RE\lib_stm\libLibraries.a(ucg_clip.o)
 .debug_info    0x0000000000034185     0x348a C:\1. IMPORTANT DOCUMENTS\Learning\Internship\NUCLEO\SDK_1.0.3_NUCLEO-F401RE\lib_stm\libLibraries.a(ucg_com_msg_api.o)

.debug_abbrev   0x0000000000000000     0x2d3b
 .debug_abbrev  0x0000000000000000      0x266 ./Src/main.o
 .debug_abbrev  0x0000000000000266       0xbc ./Src/sysmem.o
 .debug_abbrev  0x0000000000000322       0x12 ./Startup/startup_stm32f401retx.o
 .debug_abbrev  0x0000000000000334      0x138 C:\1. IMPORTANT DOCUMENTS\Learning\Internship\NUCLEO\SDK_1.0.3_NUCLEO-F401RE\lib_stm\libLibraries.a(system_stm32f4xx.o)
 .debug_abbrev  0x000000000000046c      0x194 C:\1. IMPORTANT DOCUMENTS\Learning\Internship\NUCLEO\SDK_1.0.3_NUCLEO-F401RE\lib_stm\libLibraries.a(stm32f401re_adc.o)
 .debug_abbrev  0x0000000000000600      0x1d4 C:\1. IMPORTANT DOCUMENTS\Learning\Internship\NUCLEO\SDK_1.0.3_NUCLEO-F401RE\lib_stm\libLibraries.a(stm32f401re_rcc.o)
 .debug_abbrev  0x00000000000007d4      0x29a C:\1. IMPORTANT DOCUMENTS\Learning\Internship\NUCLEO\SDK_1.0.3_NUCLEO-F401RE\lib_stm\libLibraries.a(timer.o)
 .debug_abbrev  0x0000000000000a6e      0x183 C:\1. IMPORTANT DOCUMENTS\Learning\Internship\NUCLEO\SDK_1.0.3_NUCLEO-F401RE\lib_stm\libLibraries.a(lightsensor.o)
 .debug_abbrev  0x0000000000000bf1      0x2ba C:\1. IMPORTANT DOCUMENTS\Learning\Internship\NUCLEO\SDK_1.0.3_NUCLEO-F401RE\lib_stm\libLibraries.a(serial.o)
 .debug_abbrev  0x0000000000000eab      0x202 C:\1. IMPORTANT DOCUMENTS\Learning\Internship\NUCLEO\SDK_1.0.3_NUCLEO-F401RE\lib_stm\libLibraries.a(Ucglib.o)
 .debug_abbrev  0x00000000000010ad      0x18b C:\1. IMPORTANT DOCUMENTS\Learning\Internship\NUCLEO\SDK_1.0.3_NUCLEO-F401RE\lib_stm\libLibraries.a(ucg_box.o)
 .debug_abbrev  0x0000000000001238       0xf5 C:\1. IMPORTANT DOCUMENTS\Learning\Internship\NUCLEO\SDK_1.0.3_NUCLEO-F401RE\lib_stm\libLibraries.a(ucg_ccs.o)
 .debug_abbrev  0x000000000000132d      0x19e C:\1. IMPORTANT DOCUMENTS\Learning\Internship\NUCLEO\SDK_1.0.3_NUCLEO-F401RE\lib_stm\libLibraries.a(ucg_dev_default_cb.o)
 .debug_abbrev  0x00000000000014cb      0x1dc C:\1. IMPORTANT DOCUMENTS\Learning\Internship\NUCLEO\SDK_1.0.3_NUCLEO-F401RE\lib_stm\libLibraries.a(ucg_dev_ic_st7735.o)
 .debug_abbrev  0x00000000000016a7      0x191 C:\1. IMPORTANT DOCUMENTS\Learning\Internship\NUCLEO\SDK_1.0.3_NUCLEO-F401RE\lib_stm\libLibraries.a(ucg_dev_msg_api.o)
 .debug_abbrev  0x0000000000001838      0x14e C:\1. IMPORTANT DOCUMENTS\Learning\Internship\NUCLEO\SDK_1.0.3_NUCLEO-F401RE\lib_stm\libLibraries.a(ucg_dev_tft_128x128_st7735.o)
 .debug_abbrev  0x0000000000001986      0x2fc C:\1. IMPORTANT DOCUMENTS\Learning\Internship\NUCLEO\SDK_1.0.3_NUCLEO-F401RE\lib_stm\libLibraries.a(ucg_font.o)
 .debug_abbrev  0x0000000000001c82      0x1c6 C:\1. IMPORTANT DOCUMENTS\Learning\Internship\NUCLEO\SDK_1.0.3_NUCLEO-F401RE\lib_stm\libLibraries.a(ucg_init.o)
 .debug_abbrev  0x0000000000001e48      0x175 C:\1. IMPORTANT DOCUMENTS\Learning\Internship\NUCLEO\SDK_1.0.3_NUCLEO-F401RE\lib_stm\libLibraries.a(ucg_line.o)
 .debug_abbrev  0x0000000000001fbd      0x148 C:\1. IMPORTANT DOCUMENTS\Learning\Internship\NUCLEO\SDK_1.0.3_NUCLEO-F401RE\lib_stm\libLibraries.a(ucg_pixel.o)
 .debug_abbrev  0x0000000000002105       0x83 C:\1. IMPORTANT DOCUMENTS\Learning\Internship\NUCLEO\SDK_1.0.3_NUCLEO-F401RE\lib_stm\libLibraries.a(ucg_pixel_font_data.o)
 .debug_abbrev  0x0000000000002188      0x1a3 C:\1. IMPORTANT DOCUMENTS\Learning\Internship\NUCLEO\SDK_1.0.3_NUCLEO-F401RE\lib_stm\libLibraries.a(ucg_rotate.o)
 .debug_abbrev  0x000000000000232b      0x12a C:\1. IMPORTANT DOCUMENTS\Learning\Internship\NUCLEO\SDK_1.0.3_NUCLEO-F401RE\lib_stm\libLibraries.a(buff.o)
 .debug_abbrev  0x0000000000002455       0xce C:\1. IMPORTANT DOCUMENTS\Learning\Internship\NUCLEO\SDK_1.0.3_NUCLEO-F401RE\lib_stm\libLibraries.a(utilities.o)
 .debug_abbrev  0x0000000000002523      0x16d C:\1. IMPORTANT DOCUMENTS\Learning\Internship\NUCLEO\SDK_1.0.3_NUCLEO-F401RE\lib_stm\libLibraries.a(stm32f401re_dma.o)
 .debug_abbrev  0x0000000000002690      0x1bf C:\1. IMPORTANT DOCUMENTS\Learning\Internship\NUCLEO\SDK_1.0.3_NUCLEO-F401RE\lib_stm\libLibraries.a(stm32f401re_gpio.o)
 .debug_abbrev  0x000000000000284f      0x187 C:\1. IMPORTANT DOCUMENTS\Learning\Internship\NUCLEO\SDK_1.0.3_NUCLEO-F401RE\lib_stm\libLibraries.a(stm32f401re_usart.o)
 .debug_abbrev  0x00000000000029d6      0x173 C:\1. IMPORTANT DOCUMENTS\Learning\Internship\NUCLEO\SDK_1.0.3_NUCLEO-F401RE\lib_stm\libLibraries.a(ucg_clip.o)
 .debug_abbrev  0x0000000000002b49      0x1f2 C:\1. IMPORTANT DOCUMENTS\Learning\Internship\NUCLEO\SDK_1.0.3_NUCLEO-F401RE\lib_stm\libLibraries.a(ucg_com_msg_api.o)

.debug_aranges  0x0000000000000000      0xcb8
 .debug_aranges
                0x0000000000000000       0x30 ./Src/main.o
 .debug_aranges
                0x0000000000000030       0x20 ./Src/sysmem.o
 .debug_aranges
                0x0000000000000050       0x28 ./Startup/startup_stm32f401retx.o
 .debug_aranges
                0x0000000000000078       0x30 C:\1. IMPORTANT DOCUMENTS\Learning\Internship\NUCLEO\SDK_1.0.3_NUCLEO-F401RE\lib_stm\libLibraries.a(system_stm32f4xx.o)
 .debug_aranges
                0x00000000000000a8      0x148 C:\1. IMPORTANT DOCUMENTS\Learning\Internship\NUCLEO\SDK_1.0.3_NUCLEO-F401RE\lib_stm\libLibraries.a(stm32f401re_adc.o)
 .debug_aranges
                0x00000000000001f0      0x198 C:\1. IMPORTANT DOCUMENTS\Learning\Internship\NUCLEO\SDK_1.0.3_NUCLEO-F401RE\lib_stm\libLibraries.a(stm32f401re_rcc.o)
 .debug_aranges
                0x0000000000000388       0x70 C:\1. IMPORTANT DOCUMENTS\Learning\Internship\NUCLEO\SDK_1.0.3_NUCLEO-F401RE\lib_stm\libLibraries.a(timer.o)
 .debug_aranges
                0x00000000000003f8       0x38 C:\1. IMPORTANT DOCUMENTS\Learning\Internship\NUCLEO\SDK_1.0.3_NUCLEO-F401RE\lib_stm\libLibraries.a(lightsensor.o)
 .debug_aranges
                0x0000000000000430       0x80 C:\1. IMPORTANT DOCUMENTS\Learning\Internship\NUCLEO\SDK_1.0.3_NUCLEO-F401RE\lib_stm\libLibraries.a(serial.o)
 .debug_aranges
                0x00000000000004b0       0x48 C:\1. IMPORTANT DOCUMENTS\Learning\Internship\NUCLEO\SDK_1.0.3_NUCLEO-F401RE\lib_stm\libLibraries.a(Ucglib.o)
 .debug_aranges
                0x00000000000004f8       0x48 C:\1. IMPORTANT DOCUMENTS\Learning\Internship\NUCLEO\SDK_1.0.3_NUCLEO-F401RE\lib_stm\libLibraries.a(ucg_box.o)
 .debug_aranges
                0x0000000000000540       0x30 C:\1. IMPORTANT DOCUMENTS\Learning\Internship\NUCLEO\SDK_1.0.3_NUCLEO-F401RE\lib_stm\libLibraries.a(ucg_ccs.o)
 .debug_aranges
                0x0000000000000570       0x48 C:\1. IMPORTANT DOCUMENTS\Learning\Internship\NUCLEO\SDK_1.0.3_NUCLEO-F401RE\lib_stm\libLibraries.a(ucg_dev_default_cb.o)
 .debug_aranges
                0x00000000000005b8       0x40 C:\1. IMPORTANT DOCUMENTS\Learning\Internship\NUCLEO\SDK_1.0.3_NUCLEO-F401RE\lib_stm\libLibraries.a(ucg_dev_ic_st7735.o)
 .debug_aranges
                0x00000000000005f8       0x60 C:\1. IMPORTANT DOCUMENTS\Learning\Internship\NUCLEO\SDK_1.0.3_NUCLEO-F401RE\lib_stm\libLibraries.a(ucg_dev_msg_api.o)
 .debug_aranges
                0x0000000000000658       0x20 C:\1. IMPORTANT DOCUMENTS\Learning\Internship\NUCLEO\SDK_1.0.3_NUCLEO-F401RE\lib_stm\libLibraries.a(ucg_dev_tft_128x128_st7735.o)
 .debug_aranges
                0x0000000000000678      0x168 C:\1. IMPORTANT DOCUMENTS\Learning\Internship\NUCLEO\SDK_1.0.3_NUCLEO-F401RE\lib_stm\libLibraries.a(ucg_font.o)
 .debug_aranges
                0x00000000000007e0       0x28 C:\1. IMPORTANT DOCUMENTS\Learning\Internship\NUCLEO\SDK_1.0.3_NUCLEO-F401RE\lib_stm\libLibraries.a(ucg_init.o)
 .debug_aranges
                0x0000000000000808       0x48 C:\1. IMPORTANT DOCUMENTS\Learning\Internship\NUCLEO\SDK_1.0.3_NUCLEO-F401RE\lib_stm\libLibraries.a(ucg_line.o)
 .debug_aranges
                0x0000000000000850       0x28 C:\1. IMPORTANT DOCUMENTS\Learning\Internship\NUCLEO\SDK_1.0.3_NUCLEO-F401RE\lib_stm\libLibraries.a(ucg_pixel.o)
 .debug_aranges
                0x0000000000000878       0x18 C:\1. IMPORTANT DOCUMENTS\Learning\Internship\NUCLEO\SDK_1.0.3_NUCLEO-F401RE\lib_stm\libLibraries.a(ucg_pixel_font_data.o)
 .debug_aranges
                0x0000000000000890       0x68 C:\1. IMPORTANT DOCUMENTS\Learning\Internship\NUCLEO\SDK_1.0.3_NUCLEO-F401RE\lib_stm\libLibraries.a(ucg_rotate.o)
 .debug_aranges
                0x00000000000008f8       0x50 C:\1. IMPORTANT DOCUMENTS\Learning\Internship\NUCLEO\SDK_1.0.3_NUCLEO-F401RE\lib_stm\libLibraries.a(buff.o)
 .debug_aranges
                0x0000000000000948       0x48 C:\1. IMPORTANT DOCUMENTS\Learning\Internship\NUCLEO\SDK_1.0.3_NUCLEO-F401RE\lib_stm\libLibraries.a(utilities.o)
 .debug_aranges
                0x0000000000000990       0xb0 C:\1. IMPORTANT DOCUMENTS\Learning\Internship\NUCLEO\SDK_1.0.3_NUCLEO-F401RE\lib_stm\libLibraries.a(stm32f401re_dma.o)
 .debug_aranges
                0x0000000000000a40       0x88 C:\1. IMPORTANT DOCUMENTS\Learning\Internship\NUCLEO\SDK_1.0.3_NUCLEO-F401RE\lib_stm\libLibraries.a(stm32f401re_gpio.o)
 .debug_aranges
                0x0000000000000ac8      0x100 C:\1. IMPORTANT DOCUMENTS\Learning\Internship\NUCLEO\SDK_1.0.3_NUCLEO-F401RE\lib_stm\libLibraries.a(stm32f401re_usart.o)
 .debug_aranges