Archive member included to satisfy reference by file (symbol)

C:\1. IMPORTANT DOCUMENTS\Learning\Internship\NUCLEO\SDK_1.0.3_NUCLEO-F401RE\lib_stm\libLibraries.a(button.o)
                              ./Src/main.o (Button_Init)
C:\1. IMPORTANT DOCUMENTS\Learning\Internship\NUCLEO\SDK_1.0.3_NUCLEO-F401RE\lib_stm\libLibraries.a(led.o)
                              ./Src/main.o (LedControl_Init)
C:\1. IMPORTANT DOCUMENTS\Learning\Internship\NUCLEO\SDK_1.0.3_NUCLEO-F401RE\lib_stm\libLibraries.a(timer.o)
                              C:\1. IMPORTANT DOCUMENTS\Learning\Internship\NUCLEO\SDK_1.0.3_NUCLEO-F401RE\lib_stm\libLibraries.a(button.o) (TimerStart)
C:\1. IMPORTANT DOCUMENTS\Learning\Internship\NUCLEO\SDK_1.0.3_NUCLEO-F401RE\lib_stm\libLibraries.a(serial.o)
                              C:\1. IMPORTANT DOCUMENTS\Learning\Internship\NUCLEO\SDK_1.0.3_NUCLEO-F401RE\lib_stm\libLibraries.a(led.o) (Serial_SendPacket)
C:\1. IMPORTANT DOCUMENTS\Learning\Internship\NUCLEO\SDK_1.0.3_NUCLEO-F401RE\lib_stm\libLibraries.a(buff.o)
                              C:\1. IMPORTANT DOCUMENTS\Learning\Internship\NUCLEO\SDK_1.0.3_NUCLEO-F401RE\lib_stm\libLibraries.a(serial.o) (bufInit)
C:\1. IMPORTANT DOCUMENTS\Learning\Internship\NUCLEO\SDK_1.0.3_NUCLEO-F401RE\lib_stm\libLibraries.a(utilities.o)
                              C:\1. IMPORTANT DOCUMENTS\Learning\Internship\NUCLEO\SDK_1.0.3_NUCLEO-F401RE\lib_stm\libLibraries.a(timer.o) (memsetl)
C:\1. IMPORTANT DOCUMENTS\Learning\Internship\NUCLEO\SDK_1.0.3_NUCLEO-F401RE\lib_stm\libLibraries.a(system_stm32f4xx.o)
                              C:\1. IMPORTANT DOCUMENTS\Learning\Internship\NUCLEO\SDK_1.0.3_NUCLEO-F401RE\lib_stm\libLibraries.a(led.o) (SystemCoreClock)
C:\1. IMPORTANT DOCUMENTS\Learning\Internship\NUCLEO\SDK_1.0.3_NUCLEO-F401RE\lib_stm\libLibraries.a(misc.o)
                              C:\1. IMPORTANT DOCUMENTS\Learning\Internship\NUCLEO\SDK_1.0.3_NUCLEO-F401RE\lib_stm\libLibraries.a(serial.o) (NVIC_PriorityGroupConfig)
C:\1. IMPORTANT DOCUMENTS\Learning\Internship\NUCLEO\SDK_1.0.3_NUCLEO-F401RE\lib_stm\libLibraries.a(stm32f401re_gpio.o)
                              C:\1. IMPORTANT DOCUMENTS\Learning\Internship\NUCLEO\SDK_1.0.3_NUCLEO-F401RE\lib_stm\libLibraries.a(button.o) (GPIO_Init)
C:\1. IMPORTANT DOCUMENTS\Learning\Internship\NUCLEO\SDK_1.0.3_NUCLEO-F401RE\lib_stm\libLibraries.a(stm32f401re_rcc.o)
                              C:\1. IMPORTANT DOCUMENTS\Learning\Internship\NUCLEO\SDK_1.0.3_NUCLEO-F401RE\lib_stm\libLibraries.a(timer.o) (RCC_GetClocksFreq)
C:\1. IMPORTANT DOCUMENTS\Learning\Internship\NUCLEO\SDK_1.0.3_NUCLEO-F401RE\lib_stm\libLibraries.a(stm32f401re_tim.o)
                              C:\1. IMPORTANT DOCUMENTS\Learning\Internship\NUCLEO\SDK_1.0.3_NUCLEO-F401RE\lib_stm\libLibraries.a(led.o) (TIM_TimeBaseInit)
C:\1. IMPORTANT DOCUMENTS\Learning\Internship\NUCLEO\SDK_1.0.3_NUCLEO-F401RE\lib_stm\libLibraries.a(stm32f401re_usart.o)
                              C:\1. IMPORTANT DOCUMENTS\Learning\Internship\NUCLEO\SDK_1.0.3_NUCLEO-F401RE\lib_stm\libLibraries.a(serial.o) (USART_Init)
C:/ST/STM32CubeIDE_1.13.1/STM32CubeIDE/plugins/com.st.stm32cube.ide.mcu.externaltools.gnu-tools-for-stm32.11.3.rel1.win32_1.1.0.202305231506/tools/bin/../lib/gcc/arm-none-eabi/11.3.1/../../../../arm-none-eabi/lib/thumb/v7e-m+fp/hard\libc_nano.a(libc_a-exit.o)
                              C:/ST/STM32CubeIDE_1.13.1/STM32CubeIDE/plugins/com.st.stm32cube.ide.mcu.externaltools.gnu-tools-for-stm32.11.3.rel1.win32_1.1.0.202305231506/tools/bin/../lib/gcc/arm-none-eabi/11.3.1/../../../../arm-none-eabi/lib/thumb/v7e-m+fp/hard/crt0.o (exit)
C:/ST/STM32CubeIDE_1.13.1/STM32CubeIDE/plugins/com.st.stm32cube.ide.mcu.externaltools.gnu-tools-for-stm32.11.3.rel1.win32_1.1.0.202305231506/tools/bin/../lib/gcc/arm-none-eabi/11.3.1/../../../../arm-none-eabi/lib/thumb/v7e-m+fp/hard\libc_nano.a(libc_a-findfp.o)
                              C:/ST/STM32CubeIDE_1.13.1/STM32CubeIDE/plugins/com.st.stm32cube.ide.mcu.externaltools.gnu-tools-for-stm32.11.3.rel1.win32_1.1.0.202305231506/tools/bin/../lib/gcc/arm-none-eabi/11.3.1/../../../../arm-none-eabi/lib/thumb/v7e-m+fp/hard\libc_nano.a(libc_a-exit.o) (__stdio_exit_handler)
C:/ST/STM32CubeIDE_1.13.1/STM32CubeIDE/plugins/com.st.stm32cube.ide.mcu.externaltools.gnu-tools-for-stm32.11.3.rel1.win32_1.1.0.202305231506/tools/bin/../lib/gcc/arm-none-eabi/11.3.1/../../../../arm-none-eabi/lib/thumb/v7e-m+fp/hard\libc_nano.a(libc_a-fwalk.o)
                              C:/ST/STM32CubeIDE_1.13.1/STM32CubeIDE/plugins/com.st.stm32cube.ide.mcu.externaltools.gnu-tools-for-stm32.11.3.rel1.win32_1.1.0.202305231506/tools/bin/../lib/gcc/arm-none-eabi/11.3.1/../../../../arm-none-eabi/lib/thumb/v7e-m+fp/hard\libc_nano.a(libc_a-findfp.o) (_fwalk_sglue)
[...]
Memory Configuration

Name             Origin             Length             Attributes
RAM              0x0000000020000000 0x0000000000018000 xrw
FLASH            0x0000000008000000 0x0000000000080000 xr
*default*        0x0000000000000000 0xffffffffffffffff

Linker script and memory map

LOAD C:/ST/STM32CubeIDE_1.13.1/STM32CubeIDE/plugins/com.st.stm32cube.ide.mcu.externaltools.gnu-tools-for-stm32.11.3.rel1.win32_1.1.0.202305231506/tools/bin/../lib/gcc/arm-none-eabi/11.3.1/thumb/v7e-m+fp/hard/crti.o
LOAD C:/ST/STM32CubeIDE_1.13.1/STM32CubeIDE/plugins/com.st.stm32cube.ide.mcu.externaltools.gnu-tools-for-stm32.11.3.rel1.win32_1.1.0.202305231506/tools/bin/../lib/gcc/arm-none-eabi/11.3.1/thumb/v7e-m+fp/hard/crtbegin.o
LOAD C:/ST/STM32CubeIDE_1.13.1/STM32CubeIDE/plugins/com.st.stm32cube.ide.mcu.externaltools.gnu-tools-for-stm32.11.3.rel1.win32_1.1.0.202305231506/tools/bin/../lib/gcc/arm-none-eabi/11.3.1/../../../../arm-none-eabi/lib/thumb/v7e-m+fp/hard/crt0.o
LOAD ./Src/main.o
LOAD ./Src/syscalls.o
LOAD ./Src/sysmem.o
LOAD ./Startup/startup_stm32f401retx.o
LOAD C:\1. IMPORTANT DOCUMENTS\Learning\Internship\NUCLEO\SDK_1.0.3_NUCLEO-F401RE\lib_stm\libLibraries.a
START GROUP
LOAD C:/ST/STM32CubeIDE_1.13.1/STM32CubeIDE/plugins/com.st.stm32cube.ide.mcu.externaltools.gnu-tools-for-stm32.11.3.rel1.win32_1.1.0.202305231506/tools/bin/../lib/gcc/arm-none-eabi/11.3.1/../../../../arm-none-eabi/lib/thumb/v7e-m+fp/hard\libc_nano.a
LOAD C:/ST/STM32CubeIDE_1.13.1/STM32CubeIDE/plugins/com.st.stm32cube.ide.mcu.externaltools.gnu-tools-for-stm32.11.3.rel1.win32_1.1.0.202305231506/tools/bin/../lib/gcc/arm-none-eabi/11.3.1/../../../../arm-none-eabi/lib/thumb/v7e-m+fp/hard\libm.a
END GROUP
START GROUP
LOAD C:/ST/STM32CubeIDE_1.13.1/STM32CubeIDE/plugins/com.st.stm32cube.ide.mcu.externaltools.gnu-tools-for-stm32.11.3.rel1.win32_1.1.0.202305231506/tools/bin/../lib/gcc/arm-none-eabi/11.3.1/thumb/v7e-m+fp/hard\libgcc.a
LOAD C:/ST/STM32CubeIDE_1.13.1/STM32CubeIDE/plugins/com.st.stm32cube.ide.mcu.externaltools.gnu-tools-for-stm32.11.3.rel1.win32_1.1.0.202305231506/tools/bin/../lib/gcc/arm-none-eabi/11.3.1/../../../../arm-none-eabi/lib/thumb/v7e-m+fp/hard\libc_nano.a
END GROUP
START GROUP
LOAD C:/ST/STM32CubeIDE_1.13.1/STM32CubeIDE/plugins/com.st.stm32cube.ide.mcu.externaltools.gnu-tools-for-stm32.11.3.rel1.win32_1.1.0.202305231506/tools/bin/../lib/gcc/arm-none-eabi/11.3.1/thumb/v7e-m+fp/hard\libgcc.a
LOAD C:/ST/STM32CubeIDE_1.13.1/STM32CubeIDE/plugins/com.st.stm32cube.ide.mcu.externaltools.gnu-tools-for-stm32.11.3.rel1.win32_1.1.0.202305231506/tools/bin/../lib/gcc/arm-none-eabi/11.3.1/../../../../arm-none-eabi/lib/thumb/v7e-m+fp/hard\libc_nano.a
LOAD C:/ST/STM32CubeIDE_1.13.1/STM32CubeIDE/plugins/com.st.stm32cube.ide.mcu.externaltools.gnu-tools-for-stm32.11.3.rel1.win32_1.1.0.202305231506/tools/bin/../lib/gcc/arm-none-eabi/11.3.1/../../../../arm-none-eabi/lib/thumb/v7e-m+fp/hard\libnosys.a
END GROUP
START GROUP
LOAD C:/ST/STM32CubeIDE_1.13.1/STM32CubeIDE/plugins/com.st.stm32cube.ide.mcu.externaltools.gnu-tools-for-stm32.11.3.rel1.win32_1.1.0.202305231506/tools/bin/../lib/gcc/arm-none-eabi/11.3.1/thumb/v7e-m+fp/hard\libgcc.a
LOAD C:/ST/STM32CubeIDE_1.13.1/STM32CubeIDE/plugins/com.st.stm32cube.ide.mcu.externaltools.gnu-tools-for-stm32.11.3.rel1.win32_1.1.0.202305231506/tools/bin/../lib/gcc/arm-none-eabi/11.3.1/../../../../arm-none-eabi/lib/thumb/v7e-m+fp/hard\libc_nano.a
LOAD C:/ST/STM32CubeIDE_1.13.1/STM32CubeIDE/plugins/com.st.stm32cube.ide.mcu.externaltools.gnu-tools-for-stm32.11.3.rel1.win32_1.1.0.202305231506/tools/bin/../lib/gcc/arm-none-eabi/11.3.1/../../../../arm-none-eabi/lib/thumb/v7e-m+fp/hard\libnosys.a
END GROUP
LOAD C:/ST/STM32CubeIDE_1.13.1/STM32CubeIDE/plugins/com.st.stm32cube.ide.mcu.externaltools.gnu-tools-for-stm32.11.3.rel1.win32_1.1.0.202305231506/tools/bin/../lib/gcc/arm-none-eabi/11.3.1/thumb/v7e-m+fp/hard/crtend.o
LOAD C:/ST/STM32CubeIDE_1.13.1/STM32CubeIDE/plugins/com.st.stm32cube.ide.mcu.externaltools.gnu-tools-for-stm32.11.3.rel1.win32_1.1.0.202305231506/tools/bin/../lib/gcc/arm-none-eabi/11.3.1/thumb/v7e-m+fp/hard/crtn.o
                0x0000000020018000                _estack = (ORIGIN (RAM) + LENGTH (RAM))
                0x0000000000000200                _Min_Heap_Size = 0x200
                0x0000000000000400                _Min_Stack_Size = 0x400

.isr_vector     0x0000000008000000      0x194
                0x0000000008000000                . = ALIGN (0x4)
 *(.isr_vector)
 .isr_vector    0x0000000008000000      0x194 ./Startup/startup_stm32f401retx.o
                0x0000000008000000                g_pfnVectors
                0x0000000008000194                . = ALIGN (0x4)

.text           0x0000000008000194     0x153c
                0x0000000008000194                . = ALIGN (0x4)
 *(.text)
 .text          0x0000000008000194       0x40 C:/ST/STM32CubeIDE_1.13.1/STM32CubeIDE/plugins/com.st.stm32cube.ide.mcu.externaltools.gnu-tools-for-stm32.11.3.rel1.win32_1.1.0.202305231506/tools/bin/../lib/gcc/arm-none-eabi/11.3.1/thumb/v7e-m+fp/hard/crtbegin.o
 *(.text*)
 .text.main     0x00000000080001d4       0x30 ./Src/main.o
                0x00000000080001d4                main
 .text.Reset_Handler
                0x0000000008000204       0x50 ./Startup/startup_stm32f401retx.o
                0x0000000008000204                Reset_Handler
 .text.Default_Handler
                0x0000000008000254        0x2 ./Startup/startup_stm32f401retx.o
                0x0000000008000254                EXTI2_IRQHandler
                0x0000000008000254                DebugMon_Handler
                0x0000000008000254                SPI4_IRQHandler
                0x0000000008000254                TIM1_CC_IRQHandler
                0x0000000008000254                DMA2_Stream5_IRQHandler
                0x0000000008000254                HardFault_Handler
                0x0000000008000254                DMA1_Stream5_IRQHandler
                0x0000000008000254                SDIO_IRQHandler
                0x0000000008000254                TAMP_STAMP_IRQHandler
                0x0000000008000254                PendSV_Handler
                0x0000000008000254                NMI_Handler
                0x0000000008000254                EXTI3_IRQHandler
                0x0000000008000254                TIM1_UP_TIM10_IRQHandler
                0x0000000008000254                I2C3_ER_IRQHandler
                0x0000000008000254                EXTI18_OTG_FS_WKUP_IRQHandler
                0x0000000008000254                EXTI0_IRQHandler
                0x0000000008000254                I2C2_EV_IRQHandler
                0x0000000008000254                DMA1_Stream2_IRQHandler
                0x0000000008000254                UsageFault_Handler
                0x0000000008000254                DMA2_Stream2_IRQHandler
                0x0000000008000254                SPI1_IRQHandler
                0x0000000008000254                TIM1_BRK_TIM9_IRQHandler
                0x0000000008000254                DMA2_Stream3_IRQHandler
                0x0000000008000254                USART6_IRQHandler
                0x0000000008000254                DMA2_Stream0_IRQHandler
                0x0000000008000254                TIM4_IRQHandler
                0x0000000008000254                I2C1_EV_IRQHandler
                0x0000000008000254                DMA1_Stream6_IRQHandler
                0x0000000008000254                DMA1_Stream1_IRQHandler
                0x0000000008000254                TIM3_IRQHandler
                0x0000000008000254                RCC_IRQHandler
                0x0000000008000254                Default_Handler
                0x0000000008000254                EXTI15_10_IRQHandler
                0x0000000008000254                ADC_IRQHandler
                0x0000000008000254                DMA1_Stream7_IRQHandler
                0x0000000008000254                TIM5_IRQHandler
                0x0000000008000254                DMA2_Stream7_IRQHandler
                0x0000000008000254                I2C3_EV_IRQHandler
                0x0000000008000254                EXTI9_5_IRQHandler
                0x0000000008000254                SPI2_IRQHandler
                0x0000000008000254                MemManage_Handler
                0x0000000008000254                DMA1_Stream0_IRQHandler
                0x0000000008000254                SVC_Handler
                0x0000000008000254                EXTI4_IRQHandler
                0x0000000008000254                EXTI22_RTC_WKUP_IRQHandler
                0x0000000008000254                TIM2_IRQHandler
                0x0000000008000254                EXTI16_PVD_IRQHandler
                0x0000000008000254                TIM1_TRG_COM_TIM11_IRQHandler
                0x0000000008000254                EXTI1_IRQHandler
                0x0000000008000254                EXTI17_RTC_Alarm_IRQHandler
                0x0000000008000254                I2C2_ER_IRQHandler
                0x0000000008000254                DMA2_Stream1_IRQHandler
                0x0000000008000254                FLASH_IRQHandler
                0x0000000008000254                DMA2_Stream4_IRQHandler
                0x0000000008000254                BusFault_Handler
                0x0000000008000254                USART1_IRQHandler
                0x0000000008000254                OTG_FS_IRQHandler
                0x0000000008000254                SPI3_IRQHandler
                0x0000000008000254                DMA1_Stream4_IRQHandler
                0x0000000008000254                I2C1_ER_IRQHandler
                0x0000000008000254                DMA2_Stream6_IRQHandler
                0x0000000008000254                DMA1_Stream3_IRQHandler
 *fill*         0x0000000008000256        0x2 
 .text.Button_Init
                0x0000000008000258       0xbc C:\1. IMPORTANT DOCUMENTS\Learning\Internship\NUCLEO\SDK_1.0.3_NUCLEO-F401RE\lib_stm\libLibraries.a(button.o)
                0x0000000008000258                Button_Init
 .text.Button_GetLogicInputPin
                0x0000000008000314       0x3c C:\1. IMPORTANT DOCUMENTS\Learning\Internship\NUCLEO\SDK_1.0.3_NUCLEO-F401RE\lib_stm\libLibraries.a(button.o)
                0x0000000008000314                Button_GetLogicInputPin
 .text.ButtonScanTypeEdge
                0x0000000008000350      0x1fc C:\1. IMPORTANT DOCUMENTS\Learning\Internship\NUCLEO\SDK_1.0.3_NUCLEO-F401RE\lib_stm\libLibraries.a(button.o)
 .text.ButtonScan
                0x000000000800054c       0x4c C:\1. IMPORTANT DOCUMENTS\Learning\Internship\NUCLEO\SDK_1.0.3_NUCLEO-F401RE\lib_stm\libLibraries.a(button.o)
 .text.BTNGPIO_Init
                0x0000000008000598       0x6c C:\1. IMPORTANT DOCUMENTS\Learning\Internship\NUCLEO\SDK_1.0.3_NUCLEO-F401RE\lib_stm\libLibraries.a(button.o)
 .text.LedControl_Init
                0x0000000008000604       0x10 C:\1. IMPORTANT DOCUMENTS\Learning\Internship\NUCLEO\SDK_1.0.3_NUCLEO-F401RE\lib_stm\libLibraries.a(led.o)
                0x0000000008000604                LedControl_Init
 .text.LedControl_SetColorIndividual
                0x0000000008000614       0xf8 C:\1. IMPORTANT DOCUMENTS\Learning\Internship\NUCLEO\SDK_1.0.3_NUCLEO-F401RE\lib_stm\libLibraries.a(led.o)
                0x0000000008000614                LedControl_SetColorIndividual
 .text.LedControl_SetColorGeneral
                0x000000000800070c      0x128 C:\1. IMPORTANT DOCUMENTS\Learning\Internship\NUCLEO\SDK_1.0.3_NUCLEO-F401RE\lib_stm\libLibraries.a(led.o)
                0x000000000800070c                LedControl_SetColorGeneral
 .text.LEDGPIO_Config
                0x0000000008000834       0x94 C:\1. IMPORTANT DOCUMENTS\Learning\Internship\NUCLEO\SDK_1.0.3_NUCLEO-F401RE\lib_stm\libLibraries.a(led.o)
 .text.LEDTIM_Config
                0x00000000080008c8       0xec C:\1. IMPORTANT DOCUMENTS\Learning\Internship\NUCLEO\SDK_1.0.3_NUCLEO-F401RE\lib_stm\libLibraries.a(led.o)
 .text.TimerStart
                0x00000000080009b4       0xc4 C:\1. IMPORTANT DOCUMENTS\Learning\Internship\NUCLEO\SDK_1.0.3_NUCLEO-F401RE\lib_stm\libLibraries.a(timer.o)
                0x00000000080009b4                TimerStart
 .text.GetMilSecTick
                0x0000000008000a78       0x18 C:\1. IMPORTANT DOCUMENTS\Learning\Internship\NUCLEO\SDK_1.0.3_NUCLEO-F401RE\lib_stm\libLibraries.a(timer.o)
                0x0000000008000a78                GetMilSecTick
 .text.SysTick_Handler
                0x0000000008000a90       0x1c C:\1. IMPORTANT DOCUMENTS\Learning\Internship\NUCLEO\SDK_1.0.3_NUCLEO-F401RE\lib_stm\libLibraries.a(timer.o)
                0x0000000008000a90                SysTick_Handler
 .text.USART2_IRQHandler
                0x0000000008000aac       0x50 C:\1. IMPORTANT DOCUMENTS\Learning\Internship\NUCLEO\SDK_1.0.3_NUCLEO-F401RE\lib_stm\libLibraries.a(serial.o)
                0x0000000008000aac                USART2_IRQHandler
 .text.bufIsFull
                0x0000000008000afc       0x26 C:\1. IMPORTANT DOCUMENTS\Learning\Internship\NUCLEO\SDK_1.0.3_NUCLEO-F401RE\lib_stm\libLibraries.a(buff.o)
                0x0000000008000afc                bufIsFull
 .text.bufEnDat
                0x0000000008000b22       0x9c C:\1. IMPORTANT DOCUMENTS\Learning\Internship\NUCLEO\SDK_1.0.3_NUCLEO-F401RE\lib_stm\libLibraries.a(buff.o)
                0x0000000008000b22                bufEnDat
 *fill*         0x0000000008000bbe        0x2 
 .text.SystemInit
                0x0000000008000bc0       0x6c C:\1. IMPORTANT DOCUMENTS\Learning\Internship\NUCLEO\SDK_1.0.3_NUCLEO-F401RE\lib_stm\libLibraries.a(system_stm32f4xx.o)
                0x0000000008000bc0                SystemInit
 .text.SetSysClock
                0x0000000008000c2c       0xa0 C:\1. IMPORTANT DOCUMENTS\Learning\Internship\NUCLEO\SDK_1.0.3_NUCLEO-F401RE\lib_stm\libLibraries.a(system_stm32f4xx.o)
 .text.GPIO_Init
                0x0000000008000ccc      0x11c C:\1. IMPORTANT DOCUMENTS\Learning\Internship\NUCLEO\SDK_1.0.3_NUCLEO-F401RE\lib_stm\libLibraries.a(stm32f401re_gpio.o)
                0x0000000008000ccc                GPIO_Init
 .text.GPIO_ReadInputDataBit
                0x0000000008000de8       0x34 C:\1. IMPORTANT DOCUMENTS\Learning\Internship\NUCLEO\SDK_1.0.3_NUCLEO-F401RE\lib_stm\libLibraries.a(stm32f401re_gpio.o)
                0x0000000008000de8                GPIO_ReadInputDataBit
 .text.GPIO_SetBits
                0x0000000008000e1c       0x1e C:\1. IMPORTANT DOCUMENTS\Learning\Internship\NUCLEO\SDK_1.0.3_NUCLEO-F401RE\lib_stm\libLibraries.a(stm32f401re_gpio.o)
                0x0000000008000e1c                GPIO_SetBits
 .text.GPIO_ResetBits
                0x0000000008000e3a       0x1e C:\1. IMPORTANT DOCUMENTS\Learning\Internship\NUCLEO\SDK_1.0.3_NUCLEO-F401RE\lib_stm\libLibraries.a(stm32f401re_gpio.o)
                0x0000000008000e3a                GPIO_ResetBits
 .text.GPIO_PinAFConfig
                0x0000000008000e58       0x92 C:\1. IMPORTANT DOCUMENTS\Learning\Internship\NUCLEO\SDK_1.0.3_NUCLEO-F401RE\lib_stm\libLibraries.a(stm32f401re_gpio.o)
                0x0000000008000e58                GPIO_PinAFConfig
 *fill*         0x0000000008000eea        0x2 
 .text.RCC_AHB1PeriphClockCmd
                0x0000000008000eec       0x40 C:\1. IMPORTANT DOCUMENTS\Learning\Internship\NUCLEO\SDK_1.0.3_NUCLEO-F401RE\lib_stm\libLibraries.a(stm32f401re_rcc.o)
                0x0000000008000eec                RCC_AHB1PeriphClockCmd
 .text.RCC_APB1PeriphClockCmd
                0x0000000008000f2c       0x40 C:\1. IMPORTANT DOCUMENTS\Learning\Internship\NUCLEO\SDK_1.0.3_NUCLEO-F401RE\lib_stm\libLibraries.a(stm32f401re_rcc.o)
                0x0000000008000f2c                RCC_APB1PeriphClockCmd
 .text.RCC_APB2PeriphClockCmd
                0x0000000008000f6c       0x40 C:\1. IMPORTANT DOCUMENTS\Learning\Internship\NUCLEO\SDK_1.0.3_NUCLEO-F401RE\lib_stm\libLibraries.a(stm32f401re_rcc.o)
                0x0000000008000f6c                RCC_APB2PeriphClockCmd
 .text.TIM_TimeBaseInit
                0x0000000008000fac       0xd8 C:\1. IMPORTANT DOCUMENTS\Learning\Internship\NUCLEO\SDK_1.0.3_NUCLEO-F401RE\lib_stm\libLibraries.a(stm32f401re_tim.o)
                0x0000000008000fac                TIM_TimeBaseInit
 .text.TIM_Cmd  0x0000000008001084       0x40 C:\1. IMPORTANT DOCUMENTS\Learning\Internship\NUCLEO\SDK_1.0.3_NUCLEO-F401RE\lib_stm\libLibraries.a(stm32f401re_tim.o)
                0x0000000008001084                TIM_Cmd
 .text.TIM_OC1Init
                0x00000000080010c4       0xf4 C:\1. IMPORTANT DOCUMENTS\Learning\Internship\NUCLEO\SDK_1.0.3_NUCLEO-F401RE\lib_stm\libLibraries.a(stm32f401re_tim.o)
                0x00000000080010c4                TIM_OC1Init
 .text.TIM_OC2Init
                0x00000000080011b8      0x110 C:\1. IMPORTANT DOCUMENTS\Learning\Internship\NUCLEO\SDK_1.0.3_NUCLEO-F401RE\lib_stm\libLibraries.a(stm32f401re_tim.o)
                0x00000000080011b8                TIM_OC2Init
 .text.TIM_OC3Init
                0x00000000080012c8      0x10c C:\1. IMPORTANT DOCUMENTS\Learning\Internship\NUCLEO\SDK_1.0.3_NUCLEO-F401RE\lib_stm\libLibraries.a(stm32f401re_tim.o)
                0x00000000080012c8                TIM_OC3Init
 .text.TIM_OC4Init
                0x00000000080013d4       0xd0 C:\1. IMPORTANT DOCUMENTS\Learning\Internship\NUCLEO\SDK_1.0.3_NUCLEO-F401RE\lib_stm\libLibraries.a(stm32f401re_tim.o)
                0x00000000080013d4                TIM_OC4Init
 .text.TIM_SetCompare1
                0x00000000080014a4       0x1c C:\1. IMPORTANT DOCUMENTS\Learning\Internship\NUCLEO\SDK_1.0.3_NUCLEO-F401RE\lib_stm\libLibraries.a(stm32f401re_tim.o)
                0x00000000080014a4                TIM_SetCompare1
 .text.TIM_SetCompare2
                0x00000000080014c0       0x1c C:\1. IMPORTANT DOCUMENTS\Learning\Internship\NUCLEO\SDK_1.0.3_NUCLEO-F401RE\lib_stm\libLibraries.a(stm32f401re_tim.o)
                0x00000000080014c0                TIM_SetCompare2
 .text.TIM_SetCompare3
                0x00000000080014dc       0x1c C:\1. IMPORTANT DOCUMENTS\Learning\Internship\NUCLEO\SDK_1.0.3_NUCLEO-F401RE\lib_stm\libLibraries.a(stm32f401re_tim.o)
                0x00000000080014dc                TIM_SetCompare3
 .text.TIM_SetCompare4
                0x00000000080014f8       0x1c C:\1. IMPORTANT DOCUMENTS\Learning\Internship\NUCLEO\SDK_1.0.3_NUCLEO-F401RE\lib_stm\libLibraries.a(stm32f401re_tim.o)
                0x00000000080014f8                TIM_SetCompare4
 .text.TIM_CtrlPWMOutputs
                0x0000000008001514       0x4c C:\1. IMPORTANT DOCUMENTS\Learning\Internship\NUCLEO\SDK_1.0.3_NUCLEO-F401RE\lib_stm\libLibraries.a(stm32f401re_tim.o)
                0x0000000008001514                TIM_CtrlPWMOutputs
 .text.USART_ReceiveData
                0x0000000008001560       0x20 C:\1. IMPORTANT DOCUMENTS\Learning\Internship\NUCLEO\SDK_1.0.3_NUCLEO-F401RE\lib_stm\libLibraries.a(stm32f401re_usart.o)
                0x0000000008001560                USART_ReceiveData
 .text.USART_GetITStatus
                0x0000000008001580       0xb6 C:\1. IMPORTANT DOCUMENTS\Learning\Internship\NUCLEO\SDK_1.0.3_NUCLEO-F401RE\lib_stm\libLibraries.a(stm32f401re_usart.o)
                0x0000000008001580                USART_GetITStatus
 .text.USART_ClearITPendingBit
                0x0000000008001636       0x3a C:\1. IMPORTANT DOCUMENTS\Learning\Internship\NUCLEO\SDK_1.0.3_NUCLEO-F401RE\lib_stm\libLibraries.a(stm32f401re_usart.o)
                0x0000000008001636                USART_ClearITPendingBit
 .text.__libc_init_array
                0x0000000008001670       0x48 C:/ST/STM32CubeIDE_1.13.1/STM32CubeIDE/plugins/com.st.stm32cube.ide.mcu.externaltools.gnu-tools-for-stm32.11.3.rel1.win32_1.1.0.202305231506/tools/bin/../lib/gcc/arm-none-eabi/11.3.1/../../../../arm-none-eabi/lib/thumb/v7e-m+fp/hard\libc_nano.a(libc_a-init.o)
                0x0000000008001670                __libc_init_array
 *(.glue_7)
 .glue_7        0x00000000080016b8        0x0 linker stubs
 *(.glue_7t)
 .glue_7t       0x00000000080016b8        0x0 linker stubs
 *(.eh_frame)
 .eh_frame      0x00000000080016b8        0x0 C:/ST/STM32CubeIDE_1.13.1/STM32CubeIDE/plugins/com.st.stm32cube.ide.mcu.externaltools.gnu-tools-for-stm32.11.3.rel1.win32_1.1.0.202305231506/tools/bin/../lib/gcc/arm-none-eabi/11.3.1/thumb/v7e-m+fp/hard/crtbegin.o
 *(.init)
 .init          0x00000000080016b8        0x4 C:/ST/STM32CubeIDE_1.13.1/STM32CubeIDE/plugins/com.st.stm32cube.ide.mcu.externaltools.gnu-tools-for-stm32.11.3.rel1.win32_1.1.0.202305231506/tools/bin/../lib/gcc/arm-none-eabi/11.3.1/thumb/v7e-m+fp/hard/crti.o
                0x00000000080016b8                _init
 .init          0x00000000080016bc        0x8 C:/ST/STM32CubeIDE_1.13.1/STM32CubeIDE/plugins/com.st.stm32cube.ide.mcu.externaltools.gnu-tools-for-stm32.11.3.rel1.win32_1.1.0.202305231506/tools/bin/../lib/gcc/arm-none-eabi/11.3.1/thumb/v7e-m+fp/hard/crtn.o
 *(.fini)
 .fini          0x00000000080016c4        0x4 C:/ST/STM32CubeIDE_1.13.1/STM32CubeIDE/plugins/com.st.stm32cube.ide.mcu.externaltools.gnu-tools-for-stm32.11.3.rel1.win32_1.1.0.202305231506/tools/bin/../lib/gcc/arm-none-eabi/11.3.1/thumb/v7e-m+fp/hard/crti.o
                0x00000000080016c4                _fini
 .fini          0x00000000080016c8        0x8 C:/ST/STM32CubeIDE_1.13.1/STM32CubeIDE/plugins/com.st.stm32cube.ide.mcu.externaltools.gnu-tools-for-stm32.11.3.rel1.win32_1.1.0.202305231506/tools/bin/../lib/gcc/arm-none-eabi/11.3.1/thumb/v7e-m+fp/hard/crtn.o
                0x00000000080016d0                . = ALIGN (0x4)
                0x00000000080016d0                _etext = .

.vfp11_veneer   0x00000000080016d0        0x0
 .vfp11_veneer  0x00000000080016d0        0x0 linker stubs

.v4_bx          0x00000000080016d0        0x0
 .v4_bx         0x00000000080016d0        0x0 linker stubs

.iplt           0x00000000080016d0        0x0
 .iplt          0x00000000080016d0        0x0 C:/ST/STM32CubeIDE_1.13.1/STM32CubeIDE/plugins/com.st.stm32cube.ide.mcu.externaltools.gnu-tools-for-stm32.11.3.rel1.win32_1.1.0.202305231506/tools/bin/../lib/gcc/arm-none-eabi/11.3.1/thumb/v7e-m+fp/hard/crtbegin.o

.rodata         0x00000000080016d0        0x4
                0x00000000080016d0                . = ALIGN (0x4)
 *(.rodata)
 .rodata        0x00000000080016d0        0x1 C:\1. IMPORTANT DOCUMENTS\Learning\Internship\NUCLEO\SDK_1.0.3_NUCLEO-F401RE\lib_stm\libLibraries.a(button.o)
 *(.rodata*)
                0x00000000080016d4                . = ALIGN (0x4)
 *fill*         0x00000000080016d1        0x3 

.rel.dyn        0x00000000080016d4        0x0
 .rel.iplt      0x00000000080016d4        0x0 C:/ST/STM32CubeIDE_1.13.1/STM32CubeIDE/plugins/com.st.stm32cube.ide.mcu.externaltools.gnu-tools-for-stm32.11.3.rel1.win32_1.1.0.202305231506/tools/bin/../lib/gcc/arm-none-eabi/11.3.1/thumb/v7e-m+fp/hard/crtbegin.o

.ARM.extab      0x00000000080016d4        0x0
                0x00000000080016d4                . = ALIGN (0x4)
 *(.ARM.extab* .gnu.linkonce.armextab.*)
                0x00000000080016d4                . = ALIGN (0x4)

.ARM            0x00000000080016d4        0x0
                0x00000000080016d4                . = ALIGN (0x4)
                0x00000000080016d4                __exidx_start = .
 *(.ARM.exidx*)
                0x00000000080016d4                __exidx_end = .
                0x00000000080016d4                . = ALIGN (0x4)

.preinit_array  0x00000000080016d4        0x0
                0x00000000080016d4                . = ALIGN (0x4)
                0x00000000080016d4                PROVIDE (__preinit_array_start = .)
 *(.preinit_array*)
                0x00000000080016d4                PROVIDE (__preinit_array_end = .)
                0x00000000080016d4                . = ALIGN (0x4)

.init_array     0x00000000080016d4        0x4
                0x00000000080016d4                . = ALIGN (0x4)
                0x00000000080016d4                PROVIDE (__init_array_start = .)
 *(SORT_BY_NAME(.init_array.*))
 *(.init_array*)
 .init_array    0x00000000080016d4        0x4 C:/ST/STM32CubeIDE_1.13.1/STM32CubeIDE/plugins/com.st.stm32cube.ide.mcu.externaltools.gnu-tools-for-stm32.11.3.rel1.win32_1.1.0.202305231506/tools/bin/../lib/gcc/arm-none-eabi/11.3.1/thumb/v7e-m+fp/hard/crtbegin.o
                0x00000000080016d8                PROVIDE (__init_array_end = .)
                0x00000000080016d8                . = ALIGN (0x4)

.fini_array     0x00000000080016d8        0x4
                0x00000000080016d8                . = ALIGN (0x4)
                [!provide]                        PROVIDE (__fini_array_start = .)
 *(SORT_BY_NAME(.fini_array.*))
 *(.fini_array*)
 .fini_array    0x00000000080016d8        0x4 C:/ST/STM32CubeIDE_1.13.1/STM32CubeIDE/plugins/com.st.stm32cube.ide.mcu.externaltools.gnu-tools-for-stm32.11.3.rel1.win32_1.1.0.202305231506/tools/bin/../lib/gcc/arm-none-eabi/11.3.1/thumb/v7e-m+fp/hard/crtbegin.o
                [!provide]                        PROVIDE (__fini_array_end = .)
                0x00000000080016dc                . = ALIGN (0x4)
                0x00000000080016dc                _sidata = LOADADDR (.data)

.data           0x0000000020000000       0x38 load address 0x00000000080016dc
                0x0000000020000000                . = ALIGN (0x4)
                0x0000000020000000                _sdata = .
 *(.data)
 *(.data*)
 .data.pinBtnPad
                0x0000000020000000       0x30 C:\1. IMPORTANT DOCUMENTS\Learning\Internship\NUCLEO\SDK_1.0.3_NUCLEO-F401RE\lib_stm\libLibraries.a(button.o)
 .data.idTaskScanButton
                0x0000000020000030        0x1 C:\1. IMPORTANT DOCUMENTS\Learning\Internship\NUCLEO\SDK_1.0.3_NUCLEO-F401RE\lib_stm\libLibraries.a(button.o)
 *fill*         0x0000000020000031        0x3 
 .data.SystemCoreClock
                0x0000000020000034        0x4 C:\1. IMPORTANT DOCUMENTS\Learning\Internship\NUCLEO\SDK_1.0.3_NUCLEO-F401RE\lib_stm\libLibraries.a(system_stm32f4xx.o)
                0x0000000020000034                SystemCoreClock
 *(.RamFunc)
 *(.RamFunc*)
                0x0000000020000038                . = ALIGN (0x4)
                0x0000000020000038                _edata = .

.igot.plt       0x0000000020000038        0x0 load address 0x0000000008001714
 .igot.plt      0x0000000020000038        0x0 C:/ST/STM32CubeIDE_1.13.1/STM32CubeIDE/plugins/com.st.stm32cube.ide.mcu.externaltools.gnu-tools-for-stm32.11.3.rel1.win32_1.1.0.202305231506/tools/bin/../lib/gcc/arm-none-eabi/11.3.1/thumb/v7e-m+fp/hard/crtbegin.o
                0x0000000020000038                . = ALIGN (0x4)

.bss            0x0000000020000038      0x234 load address 0x0000000008001714
                0x0000000020000038                _sbss = .
                0x0000000020000038                __bss_start__ = _sbss
 *(.bss)
 .bss           0x0000000020000038       0x1c C:/ST/STM32CubeIDE_1.13.1/STM32CubeIDE/plugins/com.st.stm32cube.ide.mcu.externaltools.gnu-tools-for-stm32.11.3.rel1.win32_1.1.0.202305231506/tools/bin/../lib/gcc/arm-none-eabi/11.3.1/thumb/v7e-m+fp/hard/crtbegin.o
 *(.bss*)
 .bss.kpad      0x0000000020000054       0x78 C:\1. IMPORTANT DOCUMENTS\Learning\Internship\NUCLEO\SDK_1.0.3_NUCLEO-F401RE\lib_stm\libLibraries.a(button.o)
 .bss.pEventCallbacks
                0x00000000200000cc       0x10 C:\1. IMPORTANT DOCUMENTS\Learning\Internship\NUCLEO\SDK_1.0.3_NUCLEO-F401RE\lib_stm\libLibraries.a(button.o)
 .bss.g_brightnessLed
                0x00000000200000dc        0x1 C:\1. IMPORTANT DOCUMENTS\Learning\Internship\NUCLEO\SDK_1.0.3_NUCLEO-F401RE\lib_stm\libLibraries.a(led.o)
 *fill*         0x00000000200000dd        0x3 
 .bss.g_pTimerHandle
                0x00000000200000e0      0x180 C:\1. IMPORTANT DOCUMENTS\Learning\Internship\NUCLEO\SDK_1.0.3_NUCLEO-F401RE\lib_stm\libLibraries.a(timer.o)
 .bss.g_wMilSecTickTimer
                0x0000000020000260        0x4 C:\1. IMPORTANT DOCUMENTS\Learning\Internship\NUCLEO\SDK_1.0.3_NUCLEO-F401RE\lib_stm\libLibraries.a(timer.o)
 .bss.g_pUartQueueRx
                0x0000000020000264        0x8 C:\1. IMPORTANT DOCUMENTS\Learning\Internship\NUCLEO\SDK_1.0.3_NUCLEO-F401RE\lib_stm\libLibraries.a(serial.o)
 *(COMMON)
                0x000000002000026c                . = ALIGN (0x4)
                0x000000002000026c                _ebss = .
                0x000000002000026c                __bss_end__ = _ebss

._user_heap_stack
                0x000000002000026c      0x604 load address 0x0000000008001714
                0x0000000020000270                . = ALIGN (0x8)
 *fill*         0x000000002000026c        0x4 
                [!provide]                        PROVIDE (end = .)
                0x0000000020000270                PROVIDE (_end = .)
                0x0000000020000470                . = (. + _Min_Heap_Size)
 *fill*         0x0000000020000270      0x200 
                0x0000000020000870                . = (. + _Min_Stack_Size)
 *fill*         0x0000000020000470      0x400 
                0x0000000020000870                . = ALIGN (0x8)

/DISCARD/
 libc.a(*)
 libm.a(*)
 libgcc.a(*)

.ARM.attributes
                0x0000000000000000       0x30
 *(.ARM.attributes)
 .ARM.attributes
                0x0000000000000000       0x1e C:/ST/STM32CubeIDE_1.13.1/STM32CubeIDE/plugins/com.st.stm32cube.ide.mcu.externaltools.gnu-tools-for-stm32.11.3.rel1.win32_1.1.0.202305231506/tools/bin/../lib/gcc/arm-none-eabi/11.3.1/thumb/v7e-m+fp/hard/crti.o
 .ARM.attributes
                0x000000000000001e       0x34 C:/ST/STM32CubeIDE_1.13.1/STM32CubeIDE/plugins/com.st.stm32cube.ide.mcu.externaltools.gnu-tools-for-stm32.11.3.rel1.win32_1.1.0.202305231506/tools/bin/../lib/gcc/arm-none-eabi/11.3.1/thumb/v7e-m+fp/hard/crtbegin.o
 .ARM.attributes
                0x0000000000000052       0x34 ./Src/main.o
 .ARM.attributes
                0x0000000000000086       0x21 ./Startup/startup_stm32f401retx.o
 .ARM.attributes
                0x00000000000000a7       0x39 C:\1. IMPORTANT DOCUMENTS\Learning\Internship\NUCLEO\SDK_1.0.3_NUCLEO-F401RE\lib_stm\libLibraries.a(button.o)
 .ARM.attributes
                0x00000000000000e0       0x39 C:\1. IMPORTANT DOCUMENTS\Learning\Internship\NUCLEO\SDK_1.0.3_NUCLEO-F401RE\lib_stm\libLibraries.a(led.o)
 .ARM.attributes
                0x0000000000000119       0x39 C:\1. IMPORTANT DOCUMENTS\Learning\Internship\NUCLEO\SDK_1.0.3_NUCLEO-F401RE\lib_stm\libLibraries.a(timer.o)
 .ARM.attributes
                0x0000000000000152       0x39 C:\1. IMPORTANT DOCUMENTS\Learning\Internship\NUCLEO\SDK_1.0.3_NUCLEO-F401RE\lib_stm\libLibraries.a(serial.o)
 .ARM.attributes
                0x000000000000018b       0x39 C:\1. IMPORTANT DOCUMENTS\Learning\Internship\NUCLEO\SDK_1.0.3_NUCLEO-F401RE\lib_stm\libLibraries.a(buff.o)
 .ARM.attributes
                0x00000000000001c4       0x39 C:\1. IMPORTANT DOCUMENTS\Learning\Internship\NUCLEO\SDK_1.0.3_NUCLEO-F401RE\lib_stm\libLibraries.a(system_stm32f4xx.o)
 .ARM.attributes
                0x00000000000001fd       0x39 C:\1. IMPORTANT DOCUMENTS\Learning\Internship\NUCLEO\SDK_1.0.3_NUCLEO-F401RE\lib_stm\libLibraries.a(stm32f401re_gpio.o)
 .ARM.attributes
                0x0000000000000236       0x39 C:\1. IMPORTANT DOCUMENTS\Learning\Internship\NUCLEO\SDK_1.0.3_NUCLEO-F401RE\lib_stm\libLibraries.a(stm32f401re_rcc.o)
 .ARM.attributes
                0x000000000000026f       0x39 C:\1. IMPORTANT DOCUMENTS\Learning\Internship\NUCLEO\SDK_1.0.3_NUCLEO-F401RE\lib_stm\libLibraries.a(stm32f401re_tim.o)
 .ARM.attributes
                0x00000000000002a8       0x39 C:\1. IMPORTANT DOCUMENTS\Learning\Internship\NUCLEO\SDK_1.0.3_NUCLEO-F401RE\lib_stm\libLibraries.a(stm32f401re_usart.o)
 .ARM.attributes
                0x00000000000002e1       0x34 C:/ST/STM32CubeIDE_1.13.1/STM32CubeIDE/plugins/com.st.stm32cube.ide.mcu.externaltools.gnu-tools-for-stm32.11.3.rel1.win32_1.1.0.202305231506/tools/bin/../lib/gcc/arm-none-eabi/11.3.1/../../../../arm-none-eabi/lib/thumb/v7e-m+fp/hard\libc_nano.a(libc_a-init.o)
 .ARM.attributes
                0x0000000000000315       0x1e C:/ST/STM32CubeIDE_1.13.1/STM32CubeIDE/plugins/com.st.stm32cube.ide.mcu.externaltools.gnu-tools-for-stm32.11.3.rel1.win32_1.1.0.202305231506/tools/bin/../lib/gcc/arm-none-eabi/11.3.1/thumb/v7e-m+fp/hard/crtn.o
OUTPUT(Lab7.1.elf elf32-littlearm)
LOAD linker stubs
LOAD C:/ST/STM32CubeIDE_1.13.1/STM32CubeIDE/plugins/com.st.stm32cube.ide.mcu.externaltools.gnu-tools-for-stm32.11.3.rel1.win32_1.1.0.202305231506/tools/bin/../lib/gcc/arm-none-eabi/11.3.1/../../../../arm-none-eabi/lib/thumb/v7e-m+fp/hard\libc.a
LOAD C:/ST/STM32CubeIDE_1.13.1/STM32CubeIDE/plugins/com.st.stm32cube.ide.mcu.externaltools.gnu-tools-for-stm32.11.3.rel1.win32_1.1.0.202305231506/tools/bin/../lib/gcc/arm-none-eabi/11.3.1/../../../../arm-none-eabi/lib/thumb/v7e-m+fp/hard\libm.a
LOAD C:/ST/STM32CubeIDE_1.13.1/STM32CubeIDE/plugins/com.st.stm32cube.ide.mcu.externaltools.gnu-tools-for-stm32.11.3.rel1.win32_1.1.0.202305231506/tools/bin/../lib/gcc/arm-none-eabi/11.3.1/thumb/v7e-m+fp/hard\libgcc.a

.comment        0x0000000000000000       0xbe
 .comment       0x0000000000000000       0x43 C:/ST/STM32CubeIDE_1.13.1/STM32CubeIDE/plugins/com.st.stm32cube.ide.mcu.externaltools.gnu-tools-for-stm32.11.3.rel1.win32_1.1.0.202305231506/tools/bin/../lib/gcc/arm-none-eabi/11.3.1/thumb/v7e-m+fp/hard/crtbegin.o
                                         0x44 (size before relaxing)
 .comment       0x0000000000000043       0x44 ./Src/main.o
 .comment       0x0000000000000043       0x7b C:\1. IMPORTANT DOCUMENTS\Learning\Internship\NUCLEO\SDK_1.0.3_NUCLEO-F401RE\lib_stm\libLibraries.a(button.o)
                                         0x7c (size before relaxing)
 .comment       0x00000000000000be       0x7c C:\1. IMPORTANT DOCUMENTS\Learning\Internship\NUCLEO\SDK_1.0.3_NUCLEO-F401RE\lib_stm\libLibraries.a(led.o)
 .comment       0x00000000000000be       0x7c C:\1. IMPORTANT DOCUMENTS\Learning\Internship\NUCLEO\SDK_1.0.3_NUCLEO-F401RE\lib_stm\libLibraries.a(timer.o)
 .comment       0x00000000000000be       0x7c C:\1. IMPORTANT DOCUMENTS\Learning\Internship\NUCLEO\SDK_1.0.3_NUCLEO-F401RE\lib_stm\libLibraries.a(serial.o)
 .comment       0x00000000000000be       0x7c C:\1. IMPORTANT DOCUMENTS\Learning\Internship\NUCLEO\SDK_1.0.3_NUCLEO-F401RE\lib_stm\libLibraries.a(buff.o)
 .comment       0x00000000000000be       0x7c C:\1. IMPORTANT DOCUMENTS\Learning\Internship\NUCLEO\SDK_1.0.3_NUCLEO-F401RE\lib_stm\libLibraries.a(system_stm32f4xx.o)
 .comment       0x00000000000000be       0x7c C:\1. IMPORTANT DOCUMENTS\Learning\Internship\NUCLEO\SDK_1.0.3_NUCLEO-F401RE\lib_stm\libLibraries.a(stm32f401re_gpio.o)
 .comment       0x00000000000000be       0x7c C:\1. IMPORTANT DOCUMENTS\Learning\Internship\NUCLEO\SDK_1.0.3_NUCLEO-F401RE\lib_stm\libLibraries.a(stm32f401re_rcc.o)
 .comment       0x00000000000000be       0x7c C:\1. IMPORTANT DOCUMENTS\Learning\Internship\NUCLEO\SDK_1.0.3_NUCLEO-F401RE\lib_stm\libLibraries.a(stm32f401re_tim.o)
 .comment       0x00000000000000be       0x7c C:\1. IMPORTANT DOCUMENTS\Learning\Internship\NUCLEO\SDK_1.0.3_NUCLEO-F401RE\lib_stm\libLibraries.a(stm32f401re_usart.o)

.debug_info     0x0000000000000000     0x6813
 .debug_info    0x0000000000000000      0x147 ./Src/main.o
 .debug_info    0x0000000000000147       0x23 ./Startup/startup_stm32f401retx.o
 .debug_info    0x000000000000016a      0x5fe C:\1. IMPORTANT DOCUMENTS\Learning\Internship\NUCLEO\SDK_1.0.3_NUCLEO-F401RE\lib_stm\libLibraries.a(button.o)
 .debug_info    0x0000000000000768      0x9b4 C:\1. IMPORTANT DOCUMENTS\Learning\Internship\NUCLEO\SDK_1.0.3_NUCLEO-F401RE\lib_stm\libLibraries.a(led.o)
 .debug_info    0x000000000000111c      0x922 C:\1. IMPORTANT DOCUMENTS\Learning\Internship\NUCLEO\SDK_1.0.3_NUCLEO-F401RE\lib_stm\libLibraries.a(timer.o)
 .debug_info    0x0000000000001a3e      0xb11 C:\1. IMPORTANT DOCUMENTS\Learning\Internship\NUCLEO\SDK_1.0.3_NUCLEO-F401RE\lib_stm\libLibraries.a(serial.o)
 .debug_info    0x000000000000254f      0x339 C:\1. IMPORTANT DOCUMENTS\Learning\Internship\NUCLEO\SDK_1.0.3_NUCLEO-F401RE\lib_stm\libLibraries.a(buff.o)
 .debug_info    0x0000000000002888      0x5bb C:\1. IMPORTANT DOCUMENTS\Learning\Internship\NUCLEO\SDK_1.0.3_NUCLEO-F401RE\lib_stm\libLibraries.a(system_stm32f4xx.o)
 .debug_info    0x0000000000002e43      0x62b C:\1. IMPORTANT DOCUMENTS\Learning\Internship\NUCLEO\SDK_1.0.3_NUCLEO-F401RE\lib_stm\libLibraries.a(stm32f401re_gpio.o)
 .debug_info    0x000000000000346e      0xd5e C:\1. IMPORTANT DOCUMENTS\Learning\Internship\NUCLEO\SDK_1.0.3_NUCLEO-F401RE\lib_stm\libLibraries.a(stm32f401re_rcc.o)
 .debug_info    0x00000000000041cc     0x1c73 C:\1. IMPORTANT DOCUMENTS\Learning\Internship\NUCLEO\SDK_1.0.3_NUCLEO-F401RE\lib_stm\libLibraries.a(stm32f401re_tim.o)
 .debug_info    0x0000000000005e3f      0x9d4 C:\1. IMPORTANT DOCUMENTS\Learning\Internship\NUCLEO\SDK_1.0.3_NUCLEO-F401RE\lib_stm\libLibraries.a(stm32f401re_usart.o)

.debug_abbrev   0x0000000000000000     0x136b
 .debug_abbrev  0x0000000000000000       0xbe ./Src/main.o
 .debug_abbrev  0x00000000000000be       0x12 ./Startup/startup_stm32f401retx.o
 .debug_abbrev  0x00000000000000d0      0x220 C:\1. IMPORTANT DOCUMENTS\Learning\Internship\NUCLEO\SDK_1.0.3_NUCLEO-F401RE\lib_stm\libLibraries.a(button.o)
 .debug_abbrev  0x00000000000002f0      0x20c C:\1. IMPORTANT DOCUMENTS\Learning\Internship\NUCLEO\SDK_1.0.3_NUCLEO-F401RE\lib_stm\libLibraries.a(led.o)
 .debug_abbrev  0x00000000000004fc      0x29a C:\1. IMPORTANT DOCUMENTS\Learning\Internship\NUCLEO\SDK_1.0.3_NUCLEO-F401RE\lib_stm\libLibraries.a(timer.o)
 .debug_abbrev  0x0000000000000796      0x2ba C:\1. IMPORTANT DOCUMENTS\Learning\Internship\NUCLEO\SDK_1.0.3_NUCLEO-F401RE\lib_stm\libLibraries.a(serial.o)
 .debug_abbrev  0x0000000000000a50      0x12a C:\1. IMPORTANT DOCUMENTS\Learning\Internship\NUCLEO\SDK_1.0.3_NUCLEO-F401RE\lib_stm\libLibraries.a(buff.o)
 .debug_abbrev  0x0000000000000b7a      0x138 C:\1. IMPORTANT DOCUMENTS\Learning\Internship\NUCLEO\SDK_1.0.3_NUCLEO-F401RE\lib_stm\libLibraries.a(system_stm32f4xx.o)
 .debug_abbrev  0x0000000000000cb2      0x1bf C:\1. IMPORTANT DOCUMENTS\Learning\Internship\NUCLEO\SDK_1.0.3_NUCLEO-F401RE\lib_stm\libLibraries.a(stm32f401re_gpio.o)
 .debug_abbrev  0x0000000000000e71      0x1d4 C:\1. IMPORTANT DOCUMENTS\Learning\Internship\NUCLEO\SDK_1.0.3_NUCLEO-F401RE\lib_stm\libLibraries.a(stm32f401re_rcc.o)
 .debug_abbrev  0x0000000000001045      0x19f C:\1. IMPORTANT DOCUMENTS\Learning\Internship\NUCLEO\SDK_1.0.3_NUCLEO-F401RE\lib_stm\libLibraries.a(stm32f401re_tim.o)
 .debug_abbrev  0x00000000000011e4      0x187 C:\1. IMPORTANT DOCUMENTS\Learning\Internship\NUCLEO\SDK_1.0.3_NUCLEO-F401RE\lib_stm\libLibraries.a(stm32f401re_usart.o)

.debug_aranges  0x0000000000000000      0x8a0
 .debug_aranges
                0x0000000000000000       0x20 ./Src/main.o
 .debug_aranges
                0x0000000000000020       0x28 ./Startup/startup_stm32f401retx.o
 .debug_aranges
                0x0000000000000048       0x58 C:\1. IMPORTANT DOCUMENTS\Learning\Internship\NUCLEO\SDK_1.0.3_NUCLEO-F401RE\lib_stm\libLibraries.a(button.o)
 .debug_aranges
                0x00000000000000a0       0x78 C:\1. IMPORTANT DOCUMENTS\Learning\Internship\NUCLEO\SDK_1.0.3_NUCLEO-F401RE\lib_stm\libLibraries.a(led.o)
 .debug_aranges
                0x0000000000000118       0x70 C:\1. IMPORTANT DOCUMENTS\Learning\Internship\NUCLEO\SDK_1.0.3_NUCLEO-F401RE\lib_stm\libLibraries.a(timer.o)
 .debug_aranges
                0x0000000000000188       0x80 C:\1. IMPORTANT DOCUMENTS\Learning\Internship\NUCLEO\SDK_1.0.3_NUCLEO-F401RE\lib_stm\libLibraries.a(serial.o)
 .debug_aranges
                0x0000000000000208       0x50 C:\1. IMPORTANT DOCUMENTS\Learning\Internship\NUCLEO\SDK_1.0.3_NUCLEO-F401RE\lib_stm\libLibraries.a(buff.o)
 .debug_aranges
                0x0000000000000258       0x30 C:\1. IMPORTANT DOCUMENTS\Learning\Internship\NUCLEO\SDK_1.0.3_NUCLEO-F401RE\lib_stm\libLibraries.a(system_stm32f4xx.o)
 .debug_aranges
                0x0000000000000288       0x88 C:\1. IMPORTANT DOCUMENTS\Learning\Internship\NUCLEO\SDK_1.0.3_NUCLEO-F401RE\lib_stm\libLibraries.a(stm32f401re_gpio.o)
 .debug_aranges
                0x0000000000000310      0x198 C:\1. IMPORTANT DOCUMENTS\Learning\Internship\NUCLEO\SDK_1.0.3_NUCLEO-F401RE\lib_stm\libLibraries.a(stm32f401re_rcc.o)
 .debug_aranges
                0x00000000000004a8      0x2f8 C:\1. IMPORTANT DOCUMENTS\Learning\Internship\NUCLEO\SDK_1.0.3_NUCLEO-F401RE\lib_stm\libLibraries.a(stm32f401re_tim.o)
 .debug_aranges
                0x00000000000007a0      0x100 C:\1. IMPORTANT DOCUMENTS\Learning\Internship\NUCLEO\SDK_1.0.3_NUCLEO-F401RE\lib_stm\libLibraries.a(stm32f401re_usart.o)

.debug_rnglists
                0x0000000000000000       0x2c
 .debug_rnglists
                0x0000000000000000       0x13 ./Src/main.o
 .debug_rnglists
                0x0000000000000013       0x19 ./Startup/startup_stm32f401retx.o

.debug_macro    0x0000000000000000     0xdfd7
 .debug_macro   0x0000000000000000       0x75 ./Src/main.o
 .debug_macro   0x0000000000000075      0xab4 ./Src/main.o
 .debug_macro   0x0000000000000b29       0x22 ./Src/main.o
 .debug_macro   0x0000000000000b4b       0x8e ./Src/main.o
 .debug_macro   0x0000000000000bd9       0x51 ./Src/main.o
 .debug_macro   0x0000000000000c2a      0x103 ./Src/main.o
 .debug_macro   0x0000000000000d2d       0x6a ./Src/main.o
 .debug_macro   0x0000000000000d97      0x1df ./Src/main.o
 .debug_macro   0x0000000000000f76       0x88 ./Src/main.o
 .debug_macro   0x0000000000000ffe       0xc4 ./Src/main.o
 .debug_macro   0x00000000000010c2       0xf5 C:\1. IMPORTANT DOCUMENTS\Learning\Internship\NUCLEO\SDK_1.0.3_NUCLEO-F401RE\lib_stm\libLibraries.a(button.o)
 .debug_macro   0x00000000000011b7      0xa66 C:\1. IMPORTANT DOCUMENTS\Learning\Internship\NUCLEO\SDK_1.0.3_NUCLEO-F401RE\lib_stm\libLibraries.a(button.o)
 .debug_macro   0x0000000000001c1d       0x22 C:\1. IMPORTANT DOCUMENTS\Learning\Internship\NUCLEO\SDK_1.0.3_NUCLEO-F401RE\lib_stm\libLibraries.a(button.o)
 .debug_macro   0x0000000000001c3f       0x8e C:\1. IMPORTANT DOCUMENTS\Learning\Internship\NUCLEO\SDK_1.0.3_NUCLEO-F401RE\lib_stm\libLibraries.a(button.o)
 .debug_macro   0x0000000000001ccd       0xef C:\1. IMPORTANT DOCUMENTS\Learning\Internship\NUCLEO\SDK_1.0.3_NUCLEO-F401RE\lib_stm\libLibraries.a(button.o)
 .debug_macro   0x0000000000001dbc       0xbe C:\1. IMPORTANT DOCUMENTS\Learning\Internship\NUCLEO\SDK_1.0.3_NUCLEO-F401RE\lib_stm\libLibraries.a(button.o)
 .debug_macro   0x0000000000001e7a       0x22 C:\1. IMPORTANT DOCUMENTS\Learning\Internship\NUCLEO\SDK_1.0.3_NUCLEO-F401RE\lib_stm\libLibraries.a(button.o)
 .debug_macro   0x0000000000001e9c       0x6b C:\1. IMPORTANT DOCUMENTS\Learning\Internship\NUCLEO\SDK_1.0.3_NUCLEO-F401RE\lib_stm\libLibraries.a(button.o)
 .debug_macro   0x0000000000001f07       0x3b C:\1. IMPORTANT DOCUMENTS\Learning\Internship\NUCLEO\SDK_1.0.3_NUCLEO-F401RE\lib_stm\libLibraries.a(button.o)
 .debug_macro   0x0000000000001f42       0x34 C:\1. IMPORTANT DOCUMENTS\Learning\Internship\NUCLEO\SDK_1.0.3_NUCLEO-F401RE\lib_stm\libLibraries.a(button.o)
 .debug_macro   0x0000000000001f76       0x26 C:\1. IMPORTANT DOCUMENTS\Learning\Internship\NUCLEO\SDK_1.0.3_NUCLEO-F401RE\lib_stm\libLibraries.a(button.o)
 .debug_macro   0x0000000000001f9c      0xe43 C:\1. IMPORTANT DOCUMENTS\Learning\Internship\NUCLEO\SDK_1.0.3_NUCLEO-F401RE\lib_stm\libLibraries.a(button.o)
 .debug_macro   0x0000000000002ddf     0x8018 C:\1. IMPORTANT DOCUMENTS\Learning\Internship\NUCLEO\SDK_1.0.3_NUCLEO-F401RE\lib_stm\libLibraries.a(button.o)
 .debug_macro   0x000000000000adf7      0x644 C:\1. IMPORTANT DOCUMENTS\Learning\Internship\NUCLEO\SDK_1.0.3_NUCLEO-F401RE\lib_stm\libLibraries.a(button.o)
 .debug_macro   0x000000000000b43b      0x2f4 C:\1. IMPORTANT DOCUMENTS\Learning\Internship\NUCLEO\SDK_1.0.3_NUCLEO-F401RE\lib_stm\libLibraries.a(button.o)
 .debug_macro   0x000000000000b72f       0x16 C:\1. IMPORTANT DOCUMENTS\Learning\Internship\NUCLEO\SDK_1.0.3_NUCLEO-F401RE\lib_stm\libLibraries.a(button.o)
 .debug_macro   0x000000000000b745       0xec C:\1. IMPORTANT DOCUMENTS\Learning\Internship\NUCLEO\SDK_1.0.3_NUCLEO-F401RE\lib_stm\libLibraries.a(led.o)
 .debug_macro   0x000000000000b831       0x82 C:\1. IMPORTANT DOCUMENTS\Learning\Internship\NUCLEO\SDK_1.0.3_NUCLEO-F401RE\lib_stm\libLibraries.a(led.o)
 .debug_macro   0x000000000000b8b3      0x170 C:\1. IMPORTANT DOCUMENTS\Learning\Internship\NUCLEO\SDK_1.0.3_NUCLEO-F401RE\lib_stm\libLibraries.a(led.o)
 .debug_macro   0x000000000000ba23      0x741 C:\1. IMPORTANT DOCUMENTS\Learning\Internship\NUCLEO\SDK_1.0.3_NUCLEO-F401RE\lib_stm\libLibraries.a(led.o)
 .debug_macro   0x000000000000c164       0xe3 C:\1. IMPORTANT DOCUMENTS\Learning\Internship\NUCLEO\SDK_1.0.3_NUCLEO-F401RE\lib_stm\libLibraries.a(timer.o)
 .debug_macro   0x000000000000c247       0x1c C:\1. IMPORTANT DOCUMENTS\Learning\Internship\NUCLEO\SDK_1.0.3_NUCLEO-F401RE\lib_stm\libLibraries.a(timer.o)
 .debug_macro   0x000000000000c263      0x10a C:\1. IMPORTANT DOCUMENTS\Learning\Internship\NUCLEO\SDK_1.0.3_NUCLEO-F401RE\lib_stm\libLibraries.a(serial.o)
 .debug_macro   0x000000000000c36d      0x16a C:\1. IMPORTANT DOCUMENTS\Learning\Internship\NUCLEO\SDK_1.0.3_NUCLEO-F401RE\lib_stm\libLibraries.a(serial.o)
 .debug_macro   0x000000000000c4d7       0x1c C:\1. IMPORTANT DOCUMENTS\Learning\Internship\NUCLEO\SDK_1.0.3_NUCLEO-F401RE\lib_stm\libLibraries.a(serial.o)
 .debug_macro   0x000000000000c4f3       0x7c C:\1. IMPORTANT DOCUMENTS\Learning\Internship\NUCLEO\SDK_1.0.3_NUCLEO-F401RE\lib_stm\libLibraries.a(serial.o)
 .debug_macro   0x000000000000c56f      0x64a C:\1. IMPORTANT DOCUMENTS\Learning\Internship\NUCLEO\SDK_1.0.3_NUCLEO-F401RE\lib_stm\libLibraries.a(serial.o)
 .debug_macro   0x000000000000cbb9      0x223 C:\1. IMPORTANT DOCUMENTS\Learning\Internship\NUCLEO\SDK_1.0.3_NUCLEO-F401RE\lib_stm\libLibraries.a(serial.o)
 .debug_macro   0x000000000000cddc       0xc2 C:\1. IMPORTANT DOCUMENTS\Learning\Internship\NUCLEO\SDK_1.0.3_NUCLEO-F401RE\lib_stm\libLibraries.a(buff.o)
 .debug_macro   0x000000000000ce9e       0x16 C:\1. IMPORTANT DOCUMENTS\Learning\Internship\NUCLEO\SDK_1.0.3_NUCLEO-F401RE\lib_stm\libLibraries.a(buff.o)
 .debug_macro   0x000000000000ceb4       0xce C:\1. IMPORTANT DOCUMENTS\Learning\Internship\NUCLEO\SDK_1.0.3_NUCLEO-F401RE\lib_stm\libLibraries.a(system_stm32f4xx.o)
 .debug_macro   0x000000000000cf82       0xc3 C:\1. IMPORTANT DOCUMENTS\Learning\Internship\NUCLEO\SDK_1.0.3_NUCLEO-F401RE\lib_stm\libLibraries.a(stm32f401re_gpio.o)
 .debug_macro   0x000000000000d045      0x2ee C:\1. IMPORTANT DOCUMENTS\Learning\Internship\NUCLEO\SDK_1.0.3_NUCLEO-F401RE\lib_stm\libLibraries.a(stm32f401re_gpio.o)
 .debug_macro   0x000000000000d333      0x18d C:\1. IMPORTANT DOCUMENTS\Learning\Internship\NUCLEO\SDK_1.0.3_NUCLEO-F401RE\lib_stm\libLibraries.a(stm32f401re_rcc.o)
 .debug_macro   0x000000000000d4c0       0xe4 C:\1. IMPORTANT DOCUMENTS\Learning\Internship\NUCLEO\SDK_1.0.3_NUCLEO-F401RE\lib_stm\libLibraries.a(stm32f401re_tim.o)
 .debug_macro   0x000000000000d5a4      0x73b C:\1. IMPORTANT DOCUMENTS\Learning\Internship\NUCLEO\SDK_1.0.3_NUCLEO-F401RE\lib_stm\libLibraries.a(stm32f401re_tim.o)
 .debug_macro   0x000000000000dcdf       0xdb C:\1. IMPORTANT DOCUMENTS\Learning\Internship\NUCLEO\SDK_1.0.3_NUCLEO-F401RE\lib_stm\libLibraries.a(stm32f401re_usart.o)
 .debug_macro   0x000000000000ddba      0x21d C:\1. IMPORTANT DOCUMENTS\Learning\Internship\NUCLEO\SDK_1.0.3_NUCLEO-F401RE\lib_stm\libLibraries.a(stm32f401re_usart.o)

.debug_line     0x0000000000000000     0x4e1b
 .debug_line    0x0000000000000000      0x471 ./Src/main.o
 .debug_line    0x0000000000000471       0x7b ./Startup/startup_stm32f401retx.o
 .debug_line    0x00000000000004ec      0x6b8 C:\1. IMPORTANT DOCUMENTS\Learning\Internship\NUCLEO\SDK_1.0.3_NUCLEO-F401RE\lib_stm\libLibraries.a(button.o)
 .debug_line    0x0000000000000ba4      0x6f2 C:\1. IMPORTANT DOCUMENTS\Learning\Internship\NUCLEO\SDK_1.0.3_NUCLEO-F401RE\lib_stm\libLibraries.a(led.o)
 .debug_line    0x0000000000001296      0x684 C:\1. IMPORTANT DOCUMENTS\Learning\Internship\NUCLEO\SDK_1.0.3_NUCLEO-F401RE\lib_stm\libLibraries.a(timer.o)
 .debug_line    0x000000000000191a      0x72b C:\1. IMPORTANT DOCUMENTS\Learning\Internship\NUCLEO\SDK_1.0.3_NUCLEO-F401RE\lib_stm\libLibraries.a(serial.o)
 .debug_line    0x0000000000002045      0x532 C:\1. IMPORTANT DOCUMENTS\Learning\Internship\NUCLEO\SDK_1.0.3_NUCLEO-F401RE\lib_stm\libLibraries.a(buff.o)
 .debug_line    0x0000000000002577      0x4a0 C:\1. IMPORTANT DOCUMENTS\Learning\Internship\NUCLEO\SDK_1.0.3_NUCLEO-F401RE\lib_stm\libLibraries.a(system_stm32f4xx.o)
 .debug_line    0x0000000000002a17      0x65e C:\1. IMPORTANT DOCUMENTS\Learning\Internship\NUCLEO\SDK_1.0.3_NUCLEO-F401RE\lib_stm\libLibraries.a(stm32f401re_gpio.o)
 .debug_line    0x0000000000003075      0x8d2 C:\1. IMPORTANT DOCUMENTS\Learning\Internship\NUCLEO\SDK_1.0.3_NUCLEO-F401RE\lib_stm\libLibraries.a(stm32f401re_rcc.o)
 .debug_line    0x0000000000003947      0xd2f C:\1. IMPORTANT DOCUMENTS\Learning\Internship\NUCLEO\SDK_1.0.3_NUCLEO-F401RE\lib_stm\libLibraries.a(stm32f401re_tim.o)
 .debug_line    0x0000000000004676      0x7a5 C:\1. IMPORTANT DOCUMENTS\Learning\Internship\NUCLEO\SDK_1.0.3_NUCLEO-F401RE\lib_stm\libLibraries.a(stm32f401re_usart.o)

.debug_str      0x0000000000000000    0x444f1
 .debug_str     0x0000000000000000     0x42a6 ./Src/main.o
                                       0x4409 (size before relaxing)
 .debug_str     0x00000000000042a6       0x2f ./Startup/startup_stm32f401retx.o
                                         0x69 (size before relaxing)
 .debug_str     0x00000000000042d5    0x36fd2 C:\1. IMPORTANT DOCUMENTS\Learning\Internship\NUCLEO\SDK_1.0.3_NUCLEO-F401RE\lib_stm\libLibraries.a(button.o)
                                      0x3abc5 (size before relaxing)
 .debug_str     0x000000000003b2a7     0x4f17 C:\1. IMPORTANT DOCUMENTS\Learning\Internship\NUCLEO\SDK_1.0.3_NUCLEO-F401RE\lib_stm\libLibraries.a(led.o)
                                      0x3f796 (size before relaxing)
 .debug_str     0x00000000000401be      0x674 C:\1. IMPORTANT DOCUMENTS\Learning\Internship\NUCLEO\SDK_1.0.3_NUCLEO-F401RE\lib_stm\libLibraries.a(timer.o)
                                      0x39451 (size before relaxing)
 .debug_str     0x0000000000040832     0x1e0a C:\1. IMPORTANT DOCUMENTS\Learning\Internship\NUCLEO\SDK_1.0.3_NUCLEO-F401RE\lib_stm\libLibraries.a(serial.o)
                                      0x3cca1 (size before relaxing)
 .debug_str     0x000000000004263c       0x93 C:\1. IMPORTANT DOCUMENTS\Learning\Internship\NUCLEO\SDK_1.0.3_NUCLEO-F401RE\lib_stm\libLibraries.a(buff.o)
                                      0x35751 (size before relaxing)
 .debug_str     0x00000000000426cf      0x1b0 C:\1. IMPORTANT DOCUMENTS\Learning\Internship\NUCLEO\SDK_1.0.3_NUCLEO-F401RE\lib_stm\libLibraries.a(system_stm32f4xx.o)
                                      0x3583e (size before relaxing)
 .debug_str     0x000000000004287f      0x198 C:\1. IMPORTANT DOCUMENTS\Learning\Internship\NUCLEO\SDK_1.0.3_NUCLEO-F401RE\lib_stm\libLibraries.a(stm32f401re_gpio.o)
                                      0x3a690 (size before relaxing)
 .debug_str     0x0000000000042a17      0xb56 C:\1. IMPORTANT DOCUMENTS\Learning\Internship\NUCLEO\SDK_1.0.3_NUCLEO-F401RE\lib_stm\libLibraries.a(stm32f401re_rcc.o)
                                      0x39aa1 (size before relaxing)
 .debug_str     0x000000000004356d      0xaba C:\1. IMPORTANT DOCUMENTS\Learning\Internship\NUCLEO\SDK_1.0.3_NUCLEO-F401RE\lib_stm\libLibraries.a(stm32f401re_tim.o)
                                      0x3a911 (size before relaxing)
 .debug_str     0x0000000000044027      0x4ca C:\1. IMPORTANT DOCUMENTS\Learning\Internship\NUCLEO\SDK_1.0.3_NUCLEO-F401RE\lib_stm\libLibraries.a(stm32f401re_usart.o)
                                      0x3a79e (size before relaxing)

.debug_frame    0x0000000000000000     0x24fc
 .debug_frame   0x0000000000000000       0x2c ./Src/main.o
 .debug_frame   0x000000000000002c      0x140 C:\1. IMPORTANT DOCUMENTS\Learning\Internship\NUCLEO\SDK_1.0.3_NUCLEO-F401RE\lib_stm\libLibraries.a(button.o)
 .debug_frame   0x000000000000016c      0x1b8 C:\1. IMPORTANT DOCUMENTS\Learning\Internship\NUCLEO\SDK_1.0.3_NUCLEO-F401RE\lib_stm\libLibraries.a(led.o)
 .debug_frame   0x0000000000000324      0x1a8 C:\1. IMPORTANT DOCUMENTS\Learning\Internship\NUCLEO\SDK_1.0.3_NUCLEO-F401RE\lib_stm\libLibraries.a(timer.o)
 .debug_frame   0x00000000000004cc      0x1e0 C:\1. IMPORTANT DOCUMENTS\Learning\Internship\NUCLEO\SDK_1.0.3_NUCLEO-F401RE\lib_stm\libLibraries.a(serial.o)
 .debug_frame   0x00000000000006ac      0x118 C:\1. IMPORTANT DOCUMENTS\Learning\Internship\NUCLEO\SDK_1.0.3_NUCLEO-F401RE\lib_stm\libLibraries.a(buff.o)
 .debug_frame   0x00000000000007c4       0x74 C:\1. IMPORTANT DOCUMENTS\Learning\Internship\NUCLEO\SDK_1.0.3_NUCLEO-F401RE\lib_stm\libLibraries.a(system_stm32f4xx.o)
 .debug_frame   0x0000000000000838      0x23c C:\1. IMPORTANT DOCUMENTS\Learning\Internship\NUCLEO\SDK_1.0.3_NUCLEO-F401RE\lib_stm\libLibraries.a(stm32f401re_gpio.o)
 .debug_frame   0x0000000000000a74      0x774 C:\1. IMPORTANT DOCUMENTS\Learning\Internship\NUCLEO\SDK_1.0.3_NUCLEO-F401RE\lib_stm\libLibraries.a(stm32f401re_rcc.o)
 .debug_frame   0x00000000000011e8      0xe58 C:\1. IMPORTANT DOCUMENTS\Learning\Internship\NUCLEO\SDK_1.0.3_NUCLEO-F401RE\lib_stm\libLibraries.a(stm32f401re_tim.o)
 .debug_frame   0x0000000000002040      0x490 C:\1. IMPORTANT DOCUMENTS\Learning\Internship\NUCLEO\SDK_1.0.3_NUCLEO-F401RE\lib_stm\libLibraries.a(stm32f401re_usart.o)
 .debug_frame   0x00000000000024d0       0x2c C:/ST/STM32CubeIDE_1.13.1/STM32CubeIDE/plugins/com.st.stm32cube.ide.mcu.externaltools.gnu-tools-for-stm32.11.3.rel1.win32_1.1.0.202305231506/tools/bin/../lib/gcc/arm-none-eabi/11.3.1/../../../../arm-none-eabi/lib/thumb/v7e-m+fp/hard\libc_nano.a(libc_a-init.o)

.debug_line_str
                0x0000000000000000       0x5d
 .debug_line_str
                0x0000000000000000       0x5d ./Startup/startup_stm32f401retx.o
                                         0x75 (size before relaxing)

.debug_ranges   0x0000000000000000      0x7b8
 .debug_ranges  0x0000000000000000       0x48 C:\1. IMPORTANT DOCUMENTS\Learning\Internship\NUCLEO\SDK_1.0.3_NUCLEO-F401RE\lib_stm\libLibraries.a(button.o)
 .debug_ranges  0x0000000000000048       0x68 C:\1. IMPORTANT DOCUMENTS\Learning\Internship\NUCLEO\SDK_1.0.3_NUCLEO-F401RE\lib_stm\libLibraries.a(led.o)
 .debug_ranges  0x00000000000000b0       0x60 C:\1. IMPORTANT DOCUMENTS\Learning\Internship\NUCLEO\SDK_1.0.3_NUCLEO-F401RE\lib_stm\libLibraries.a(timer.o)
 .debug_ranges  0x0000000000000110       0x70 C:\1. IMPORTANT DOCUMENTS\Learning\Internship\NUCLEO\SDK_1.0.3_NUCLEO-F401RE\lib_stm\libLibraries.a(serial.o)
 .debug_ranges  0x0000000000000180       0x40 C:\1. IMPORTANT DOCUMENTS\Learning\Internship\NUCLEO\SDK_1.0.3_NUCLEO-F401RE\lib_stm\libLibraries.a(buff.o)
 .debug_ranges  0x00000000000001c0       0x20 C:\1. IMPORTANT DOCUMENTS\Learning\Internship\NUCLEO\SDK_1.0.3_NUCLEO-F401RE\lib_stm\libLibraries.a(system_stm32f4xx.o)
 .debug_ranges  0x00000000000001e0       0x78 C:\1. IMPORTANT DOCUMENTS\Learning\Internship\NUCLEO\SDK_1.0.3_NUCLEO-F401RE\lib_stm\libLibraries.a(stm32f401re_gpio.o)
 .debug_ranges  0x0000000000000258      0x188 C:\1. IMPORTANT DOCUMENTS\Learning\Internship\NUCLEO\SDK_1.0.3_NUCLEO-F401RE\lib_stm\libLibraries.a(stm32f401re_rcc.o)
 .debug_ranges  0x00000000000003e0      0x2e8 C:\1. IMPORTANT DOCUMENTS\Learning\Internship\NUCLEO\SDK_1.0.3_NUCLEO-F401RE\lib_stm\libLibraries.a(stm32f401re_tim.o)
 .debug_ranges  0x00000000000006c8       0xf0 C:\1. IMPORTANT DOCUMENTS\Learning\Internship\NUCLEO\SDK_1.0.3_NUCLEO-F401RE\lib_stm\libLibraries.a(stm32f401re_usart.o)
